T7A3C 000:000.526   SEGGER J-Link V8.12f Log File
T7A3C 000:000.618   DLL Compiled: Feb 12 2025 13:34:40
T7A3C 000:000.624   Logging started @ 2026-08-03 15:46
T7A3C 000:000.630   Process: C:\Users\a8456\.eclipse\com.renesas.platform_1713588285\DebugComp\RA\e2-server-gdb.exe
T7A3C 000:000.639 - 0.635ms 
T7A3C 000:000.650 JLINK_GetDLLVersion()
T7A3C 000:000.656 - 0.006ms returns 81206
T7A3C 000:002.565 JLINK_OpenEx(...)
T7A3C 000:008.112   Firmware: J-Link V9 compiled May  7 2021 16:26:12
T7A3C 000:008.607   Firmware: J-Link V9 compiled May  7 2021 16:26:12
T7A3C 000:008.714   Decompressing FW timestamp took 92 us
T7A3C 000:014.118   Hardware: V9.20
T7A3C 000:014.131   S/N: 4294967295
T7A3C 000:014.139   OEM: SEGGER
T7A3C 000:014.148   Feature(s): RDI, GDB, FlashDL, FlashBP, JFlash
T7A3C 000:014.557   Bootloader: (FW returned invalid version)
T7A3C 000:015.167   TELNET listener socket opened on port 19021
T7A3C 000:015.415   WEBSRV WEBSRV_Init(): Starting webserver thread(s)
T7A3C 000:015.511   WEBSRV Webserver running on local port 19080
T7A3C 000:015.663   Looking for J-Link GUI Server exe at: C:\Users\a8456\.eclipse\com.renesas.platform_1713588285\DebugComp\RA\ARM\Segger_v8.12.6\JLinkGUIServer.exe
T7A3C 000:015.807   Looking for J-Link GUI Server exe at: C:\Program Files\SEGGER\JLink_V818\JLinkGUIServer.exe
T7A3C 000:015.855   Forking J-Link GUI Server: C:\Program Files\SEGGER\JLink_V818\JLinkGUIServer.exe
T7A3C 000:040.476   J-Link GUI Server info: "J-Link GUI server V8.18 "
T7A3C 000:041.045 - 38.473ms returns "O.K."
T7A3C 000:041.158 JLINK_ExecCommand("ProjectFile=C:\Users\a8456\e2_studio\workspace\RA4M2_MINI_IOT_Project1_17/RA4M2_MINI_IOT_Project1_17.elf.jlink", ...). 
T7A3C 000:058.371 - 17.216ms returns 0x00
T7A3C 000:058.626 JLINK_ExecCommand("device=R7FA4M2AD", ...). 
T7A3C 000:059.295   Flash bank @ 0x0100A100: SFL: Parsing sectorization info from ELF file
T7A3C 000:059.310     FlashDevice.SectorInfo[0]: .SectorSize = 0x00000010, .SectorStartAddr = 0x00000000
T7A3C 000:059.318   FlashBank @0x0100A100: Sectorization info from SFL ELF file ignored because sectorization override from DLL / XML file is active.
T7A3C 000:059.484   Flash bank @ 0x60000000: SFL: Parsing sectorization info from ELF file
T7A3C 000:059.496     FlashDevice.SectorInfo[0]: .SectorSize = 0x00010000, .SectorStartAddr = 0x00000000
T7A3C 000:062.240   Device "R7FA4M2AD" selected.
T7A3C 000:062.568 - 3.929ms returns 0x00
T7A3C 000:062.579 JLINK_TIF_GetAvailable(...)
T7A3C 000:062.769 - 0.189ms 
T7A3C 000:062.789 JLINK_TIF_Select(JLINKARM_TIF_SWD)
T7A3C 000:063.360 - 0.570ms returns 0x00
T7A3C 000:063.369 JLINK_SetSpeed(4000)
T7A3C 000:063.461 - 0.093ms 
T7A3C 000:063.478 JLINK_ReadMem(0xE000EDF0, 0x4 Bytes, ...)
T7A3C 000:063.596   ConfigTargetSettings() start
T7A3C 000:063.607    J-Link Script File: Executing ConfigTargetSettings()
T7A3C 000:063.614   Configuring FlashDLNoRMWThreshold=0x200 in order to make sure that option bytes programming is done via read-modify-write
T7A3C 000:069.222   ConfigTargetSettings() end - Took 5.61ms
T7A3C 000:069.238   InitTarget() start
T7A3C 000:069.247    J-Link Script File: Executing InitTarget()
T7A3C 000:069.254   SWD selected. Executing JTAG -> SWD switching sequence.
T7A3C 000:070.526   DAP initialized successfully.
T7A3C 000:070.537   Determining TrustZone configuration...
T7A3C 000:071.226     Secure Debug: Enabled (SSD)
T7A3C 000:071.234   Determining currently configured transfer type by reading the AHB-AP CSW register.
T7A3C 000:071.690     --> Correct transfer type configured. Done.
T7A3C 000:071.699   InitTarget() end - Took 2.45ms
T7A3C 000:072.143   Found SW-DP with ID 0x6BA02477
T7A3C 000:073.766   DPIDR: 0x6BA02477
T7A3C 000:073.775   CoreSight SoC-400 or earlier
T7A3C 000:073.785   Scanning AP map to find all available APs
T7A3C 000:074.443   AP[2]: Stopped AP scan as end of AP map has been reached
T7A3C 000:074.452   AP[0]: AHB-AP (IDR: 0x84770001, ADDR: 0x00000000)
T7A3C 000:074.460   AP[1]: APB-AP (IDR: 0x54770002, ADDR: 0x01000000)
T7A3C 000:074.468   Iterating through AP map to find AHB-AP to use
T7A3C 000:075.247   AP[0]: Core found
T7A3C 000:075.256   AP[0]: AHB-AP ROM base: 0xE00FE000
T7A3C 000:075.621   CPUID register: 0x410FD214. Implementer code: 0x41 (ARM)
T7A3C 000:075.631   Feature set: Mainline
T7A3C 000:075.994   Cache: No cache
T7A3C 000:076.004   Found Cortex-M33 r0p4, Little endian.
T7A3C 000:076.224   -- Max. mem block: 0x00010CA8
T7A3C 000:076.686   
  ***** Warning: 
T7A3C 000:076.695   Cortex-M (ARMv8-M and later): The connected J-Link (S/N 4294967295) uses an old firmware module that does not handle I/D-cache correctly. Proper debugging functionality cannot be guaranteed if cache is enabled
T7A3C 000:076.707   CPU_ReadMem(4 bytes @ 0xE000EDF0)
T7A3C 000:076.922   CPU_WriteMem(4 bytes @ 0xE000EDF0)
T7A3C 000:077.225   CPU_ReadMem(4 bytes @ 0xE0002000)
T7A3C 000:077.462   FPUnit: 8 code (BP) slots and 0 literal slots
T7A3C 000:077.471   CPU_ReadMem(4 bytes @ 0xE000EDFC)
T7A3C 000:077.689   CPU_WriteMem(4 bytes @ 0xE000EDFC)
T7A3C 000:077.933   CPU_ReadMem(4 bytes @ 0xE0001000)
T7A3C 000:078.228   CPU_ReadMem(4 bytes @ 0xE0001000)
T7A3C 000:078.443   CPU_ReadMem(4 bytes @ 0xE0001028)
T7A3C 000:078.652   CPU_ReadMem(4 bytes @ 0xE0001038)
T7A3C 000:078.874   CPU_ReadMem(4 bytes @ 0xE0001048)
T7A3C 000:079.098   CPU_ReadMem(4 bytes @ 0xE0001058)
T7A3C 000:079.321   CPU_WriteMem(4 bytes @ 0xE0001000)
T7A3C 000:079.562   CPU_ReadMem(4 bytes @ 0xE000ED88)
T7A3C 000:079.767   CPU_WriteMem(4 bytes @ 0xE000ED88)
T7A3C 000:079.998   CPU_ReadMem(4 bytes @ 0xE000ED88)
T7A3C 000:080.235   CPU_WriteMem(4 bytes @ 0xE000ED88)
T7A3C 000:080.516   CPU_ReadMem(4 bytes @ 0xE000EFB8)
T7A3C 000:080.738   Security extension: implemented
T7A3C 000:080.748   Secure debug: enabled
T7A3C 000:080.756   CoreSight components:
T7A3C 000:080.764   ROMTbl[0] @ E00FE000
T7A3C 000:080.773   CPU_ReadMem(64 bytes @ 0xE00FE000)
T7A3C 000:081.280   CPU_ReadMem(32 bytes @ 0xE0044FE0)
T7A3C 000:081.720   CPU_ReadMem(4 bytes @ 0xE0044FBC)
T7A3C 000:081.980   CPU_ReadMem(4 bytes @ 0xE0044FCC)
T7A3C 000:082.234   [0][0]: E0044000 CID B105900D PID 005BB906 DEVARCH 00000000 DEVTYPE 14 CTI (?)
T7A3C 000:082.247   CPU_ReadMem(32 bytes @ 0xE0047FE0)
T7A3C 000:082.617   CPU_ReadMem(4 bytes @ 0xE0047FBC)
T7A3C 000:082.879   CPU_ReadMem(4 bytes @ 0xE0047FCC)
T7A3C 000:083.099   [0][1]: E0047000 CID B105900D PID 003BB908 DEVARCH 00000000 DEVTYPE 12 CSTF
T7A3C 000:083.108   CPU_ReadMem(32 bytes @ 0xE0048FE0)
T7A3C 000:083.524   CPU_ReadMem(4 bytes @ 0xE0048FBC)
T7A3C 000:083.730   CPU_ReadMem(4 bytes @ 0xE0048FCC)
T7A3C 000:083.966   [0][2]: E0048000 CID B105900D PID 001BB961 DEVARCH 00000000 DEVTYPE 21 TMC
T7A3C 000:083.974   CPU_ReadMem(32 bytes @ 0xE0049FE0)
T7A3C 000:084.342   [0][3]: E0049000 CID B105F00D PID 001BB101 TSG
T7A3C 000:084.354   CPU_ReadMem(32 bytes @ 0xE0040FE0)
T7A3C 000:084.715   CPU_ReadMem(4 bytes @ 0xE0040FBC)
T7A3C 000:084.922   CPU_ReadMem(4 bytes @ 0xE0040FCC)
T7A3C 000:085.226   [0][4]: E0040000 CID B105900D PID 000BBD21 DEVARCH 00000000 DEVTYPE 11 TPIU
T7A3C 000:085.235   CPU_ReadMem(32 bytes @ 0xE00FFFE0)
T7A3C 000:085.613   [0][5]: E00FF000 CID B105100D PID 000BB4C9 ROM Table
T7A3C 000:085.622   ROMTbl[1] @ E00FF000
T7A3C 000:085.630   CPU_ReadMem(64 bytes @ 0xE00FF000)
T7A3C 000:086.224   CPU_ReadMem(32 bytes @ 0xE000EFE0)
T7A3C 000:086.587   CPU_ReadMem(4 bytes @ 0xE000EFBC)
T7A3C 000:086.794   CPU_ReadMem(4 bytes @ 0xE000EFCC)
T7A3C 000:087.018   [1][0]: E000E000 CID B105900D PID 000BBD21 DEVARCH 47702A04 DEVTYPE 00 Cortex-M33
T7A3C 000:087.026   CPU_ReadMem(32 bytes @ 0xE0001FE0)
T7A3C 000:087.368   CPU_ReadMem(4 bytes @ 0xE0001FBC)
T7A3C 000:087.598   CPU_ReadMem(4 bytes @ 0xE0001FCC)
T7A3C 000:087.799   [1][1]: E0001000 CID B105900D PID 000BBD21 DEVARCH 47701A02 DEVTYPE 00 DWT
T7A3C 000:087.808   CPU_ReadMem(32 bytes @ 0xE0002FE0)
T7A3C 000:088.143   CPU_ReadMem(4 bytes @ 0xE0002FBC)
T7A3C 000:088.424   CPU_ReadMem(4 bytes @ 0xE0002FCC)
T7A3C 000:088.649   [1][2]: E0002000 CID B105900D PID 000BBD21 DEVARCH 47701A03 DEVTYPE 00 FPB
T7A3C 000:088.665   CPU_ReadMem(32 bytes @ 0xE0000FE0)
T7A3C 000:089.027   CPU_ReadMem(4 bytes @ 0xE0000FBC)
T7A3C 000:089.226   CPU_ReadMem(4 bytes @ 0xE0000FCC)
T7A3C 000:089.462   [1][3]: E0000000 CID B105900D PID 000BBD21 DEVARCH 47701A01 DEVTYPE 43 ITM
T7A3C 000:089.471   CPU_ReadMem(32 bytes @ 0xE0041FE0)
T7A3C 000:089.811   CPU_ReadMem(4 bytes @ 0xE0041FBC)
T7A3C 000:090.022   CPU_ReadMem(4 bytes @ 0xE0041FCC)
T7A3C 000:090.226   [1][5]: E0041000 CID B105900D PID 002BBD21 DEVARCH 47724A13 DEVTYPE 13 ETM
T7A3C 000:090.235   CPU_ReadMem(32 bytes @ 0xE0042FE0)
T7A3C 000:090.605   CPU_ReadMem(4 bytes @ 0xE0042FBC)
T7A3C 000:090.813   CPU_ReadMem(4 bytes @ 0xE0042FCC)
T7A3C 000:091.019   [1][6]: E0042000 CID B105900D PID 000BBD21 DEVARCH 47701A14 DEVTYPE 14 CSS600-CTI
T7A3C 000:091.054   CPU_ReadMem(4 bytes @ 0xE000EDF0)
T7A3C 000:091.280   Data:  01 00 18 00
T7A3C 000:091.288   Debug reg: DHCSR
T7A3C 000:091.297 - 27.818ms returns 0
T7A3C 000:091.331 JLINK_ReadMem(0x400E002C, 0x4 Bytes, ...)
T7A3C 000:091.338   CPU_ReadMem(4 bytes @ 0x400E002C)
T7A3C 000:091.548   Data:  01 00 00 00
T7A3C 000:091.556 - 0.225ms returns 0
T7A3C 000:091.578 JLINK_ReadMem(0xE000EDF0, 0x4 Bytes, ...)
T7A3C 000:091.584   CPU_ReadMem(4 bytes @ 0xE000EDF0)
T7A3C 000:091.793   Data:  01 00 18 00
T7A3C 000:091.801   Debug reg: DHCSR
T7A3C 000:091.809 - 0.231ms returns 0
T7A3C 000:091.831 JLINK_ReadMem(0xE000EDF0, 0x4 Bytes, ...)
T7A3C 000:091.837   CPU_ReadMem(4 bytes @ 0xE000EDF0)
T7A3C 000:092.061   Data:  01 00 18 00
T7A3C 000:092.072   Debug reg: DHCSR
T7A3C 000:092.080 - 0.248ms returns 0
T7A3C 000:092.086 JLINK_ReadMem(0x400E001C, 0x4 Bytes, ...)
T7A3C 000:092.092   CPU_ReadMem(4 bytes @ 0x400E001C)
T7A3C 000:092.314   Data:  00 FC FF 00
T7A3C 000:092.323 - 0.236ms returns 0
T7A3C 000:092.331 JLINK_ReadMem(0xE000EDF0, 0x4 Bytes, ...)
T7A3C 000:092.337   CPU_ReadMem(4 bytes @ 0xE000EDF0)
T7A3C 000:092.545   Data:  01 00 18 00
T7A3C 000:092.554   Debug reg: DHCSR
T7A3C 000:092.562 - 0.230ms returns 0
T7A3C 000:092.568 JLINK_ReadMem(0x400E0018, 0x4 Bytes, ...)
T7A3C 000:092.574   CPU_ReadMem(4 bytes @ 0x400E0018)
T7A3C 000:092.776   Data:  00 80 FF 00
T7A3C 000:092.784 - 0.215ms returns 0
T7A3C 000:092.792 JLINK_ReadMem(0xE000EDF0, 0x4 Bytes, ...)
T7A3C 000:092.798   CPU_ReadMem(4 bytes @ 0xE000EDF0)
T7A3C 000:093.002   Data:  01 00 18 00
T7A3C 000:093.011   Debug reg: DHCSR
T7A3C 000:093.019 - 0.226ms returns 0
T7A3C 000:093.025 JLINK_ReadMem(0x400E0020, 0x4 Bytes, ...)
T7A3C 000:093.032   CPU_ReadMem(4 bytes @ 0x400E0020)
T7A3C 000:093.280   Data:  00 FC 00 00
T7A3C 000:093.292 - 0.266ms returns 0
T7A3C 000:093.306 JLINK_ReadMem(0xE000EDF0, 0x4 Bytes, ...)
T7A3C 000:093.315   CPU_ReadMem(4 bytes @ 0xE000EDF0)
T7A3C 000:093.572   Data:  01 00 18 00
T7A3C 000:093.584   Debug reg: DHCSR
T7A3C 000:093.592 - 0.286ms returns 0
T7A3C 000:093.600 JLINK_ReadMem(0x400E0028, 0x4 Bytes, ...)
T7A3C 000:093.607   CPU_ReadMem(4 bytes @ 0x400E0028)
T7A3C 000:093.815   Data:  00 FC 1F 00
T7A3C 000:093.825 - 0.224ms returns 0
T7A3C 000:093.833 JLINK_ReadMem(0xE000EDF0, 0x4 Bytes, ...)
T7A3C 000:093.840   CPU_ReadMem(4 bytes @ 0xE000EDF0)
T7A3C 000:094.051   Data:  01 00 18 00
T7A3C 000:094.060   Debug reg: DHCSR
T7A3C 000:094.069 - 0.235ms returns 0
T7A3C 000:094.076 JLINK_ReadMem(0x400E0024, 0x4 Bytes, ...)
T7A3C 000:094.083   CPU_ReadMem(4 bytes @ 0x400E0024)
T7A3C 000:094.311   Data:  00 E0 1F 00
T7A3C 000:094.320 - 0.243ms returns 0
T7A3C 000:094.331 JLINK_ReadMem(0xE000EDF0, 0x4 Bytes, ...)
T7A3C 000:094.337   CPU_ReadMem(4 bytes @ 0xE000EDF0)
T7A3C 000:094.585   Data:  01 00 18 00
T7A3C 000:094.593   Debug reg: DHCSR
T7A3C 000:094.601 - 0.270ms returns 0
T7A3C 000:094.608 JLINK_ReadMem(0x400E002C, 0x4 Bytes, ...)
T7A3C 000:094.614   CPU_ReadMem(4 bytes @ 0x400E002C)
T7A3C 000:094.815   Data:  01 00 00 00
T7A3C 000:094.824 - 0.216ms returns 0
T7A3C 000:099.204 JLINK_Close()
T7A3C 000:114.060 - 14.855ms
T7A3C 000:114.082   
T7A3C 000:114.090   Closed
