T4830 000:000.670   SEGGER J-Link V8.12f Log File
T4830 000:000.790   DLL Compiled: Feb 12 2025 13:34:40
T4830 000:000.804   Logging started @ 2025-11-08 13:45
T4830 000:000.817   Process: C:\Users\a8456\.eclipse\com.renesas.platform_1713588285\DebugComp\RA\e2-server-gdb.exe
T4830 000:000.833 - 0.830ms 
T4830 000:000.853 JLINK_GetDLLVersion()
T4830 000:000.866 - 0.013ms returns 81206
T4830 000:004.179 JLINK_OpenEx(...)
T4830 000:011.207   Firmware: J-Link V9 compiled May  7 2021 16:26:12
T4830 000:012.002   Firmware: J-Link V9 compiled May  7 2021 16:26:12
T4830 000:012.183   Decompressing FW timestamp took 92 us
T4830 000:017.552   Hardware: V9.60
T4830 000:017.599   S/N: 69667700
T4830 000:017.618   OEM: SEGGER
T4830 000:017.720   Feature(s): RDI, GDB, FlashDL, FlashBP, JFlash
T4830 000:018.134   Bootloader: (FW returned invalid version)
T4830 000:018.738   TELNET listener socket opened on port 19021
T4830 000:018.936   WEBSRV WEBSRV_Init(): Starting webserver thread(s)
T4830 000:019.074   WEBSRV Webserver running on local port 19080
T4830 000:019.275   Looking for J-Link GUI Server exe at: C:\Users\a8456\.eclipse\com.renesas.platform_1713588285\DebugComp\RA\ARM\Segger_v8.12.6\JLinkGUIServer.exe
T4830 000:019.454   Looking for J-Link GUI Server exe at: C:\Program Files\SEGGER\JLink_V818\JLinkGUIServer.exe
T4830 000:019.561   Forking J-Link GUI Server: C:\Program Files\SEGGER\JLink_V818\JLinkGUIServer.exe
T4830 000:062.719   J-Link GUI Server info: "J-Link GUI server V8.18 "
T4830 000:064.249 - 60.063ms returns "O.K."
T4830 000:064.380 JLINK_ExecCommand("ProjectFile=C:\Users\a8456\e2_studio\workspace\RA4M2_MINI_IOT_Project1_5/RA4M2_MINI_IOT_Project1_5 Debug_Flat.jlink", ...). 
T4830 000:091.908 - 27.535ms returns 0x00
T4830 000:092.228 JLINK_ExecCommand("device=R7FA4M2AD", ...). 
T4830 000:092.362   Flash bank @ 0x0100A100: SFL: Parsing sectorization info from ELF file
T4830 000:092.373     FlashDevice.SectorInfo[0]: .SectorSize = 0x00000010, .SectorStartAddr = 0x00000000
T4830 000:092.381   FlashBank @0x0100A100: Sectorization info from SFL ELF file ignored because sectorization override from DLL / XML file is active.
T4830 000:092.569   Flash bank @ 0x60000000: SFL: Parsing sectorization info from ELF file
T4830 000:092.579     FlashDevice.SectorInfo[0]: .SectorSize = 0x00010000, .SectorStartAddr = 0x00000000
T4830 000:096.485   Device "R7FA4M2AD" selected.
T4830 000:097.204 - 4.959ms returns 0x00
T4830 000:097.231 JLINK_TIF_GetAvailable(...)
T4830 000:097.526 - 0.293ms 
T4830 000:097.568 JLINK_TIF_Select(JLINKARM_TIF_SWD)
T4830 000:098.290 - 0.721ms returns 0x00
T4830 000:098.309 JLINK_SetSpeed(4000)
T4830 000:098.416 - 0.109ms 
T4830 000:098.441 JLINK_ReadMem(0xE000EDF0, 0x4 Bytes, ...)
T4830 000:098.603   ConfigTargetSettings() start
T4830 000:098.637    J-Link Script File: Executing ConfigTargetSettings()
T4830 000:098.653   Configuring FlashDLNoRMWThreshold=0x200 in order to make sure that option bytes programming is done via read-modify-write
T4830 000:107.632   ConfigTargetSettings() end - Took 8.99ms
T4830 000:107.647   InitTarget() start
T4830 000:107.655    J-Link Script File: Executing InitTarget()
T4830 000:107.662   SWD selected. Executing JTAG -> SWD switching sequence.
T4830 000:108.918   DAP initialized successfully.
T4830 000:108.934   Determining TrustZone configuration...
T4830 000:109.634     Secure Debug: Enabled (SSD)
T4830 000:109.643   Determining currently configured transfer type by reading the AHB-AP CSW register.
T4830 000:110.137     --> Correct transfer type configured. Done.
T4830 000:110.149   InitTarget() end - Took 2.49ms
T4830 000:110.575   Found SW-DP with ID 0x6BA02477
T4830 000:111.943   DPIDR: 0x6BA02477
T4830 000:111.959   CoreSight SoC-400 or earlier
T4830 000:111.971   Scanning AP map to find all available APs
T4830 000:112.609   AP[2]: Stopped AP scan as end of AP map has been reached
T4830 000:112.626   AP[0]: AHB-AP (IDR: 0x84770001, ADDR: 0x00000000)
T4830 000:112.634   AP[1]: APB-AP (IDR: 0x54770002, ADDR: 0x01000000)
T4830 000:112.642   Iterating through AP map to find AHB-AP to use
T4830 000:113.338   AP[0]: Core found
T4830 000:113.354   AP[0]: AHB-AP ROM base: 0xE00FE000
T4830 000:113.666   CPUID register: 0x410FD214. Implementer code: 0x41 (ARM)
T4830 000:113.676   Feature set: Mainline
T4830 000:113.997   Cache: No cache
T4830 000:114.009   Found Cortex-M33 r0p4, Little endian.
T4830 000:114.233   -- Max. mem block: 0x00010C40
T4830 000:114.627   
  ***** Warning: 
T4830 000:114.636   Cortex-M (ARMv8-M and later): The connected J-Link (S/N 69667700) uses an old firmware module that does not handle I/D-cache correctly. Proper debugging functionality cannot be guaranteed if cache is enabled
T4830 000:114.648   CPU_ReadMem(4 bytes @ 0xE000EDF0)
T4830 000:114.871   CPU_WriteMem(4 bytes @ 0xE000EDF0)
T4830 000:115.136   CPU_ReadMem(4 bytes @ 0xE0002000)
T4830 000:115.362   FPUnit: 8 code (BP) slots and 0 literal slots
T4830 000:115.372   CPU_ReadMem(4 bytes @ 0xE000EDFC)
T4830 000:115.566   CPU_WriteMem(4 bytes @ 0xE000EDFC)
T4830 000:115.783   CPU_ReadMem(4 bytes @ 0xE0001000)
T4830 000:116.015   CPU_ReadMem(4 bytes @ 0xE0001000)
T4830 000:116.222   CPU_ReadMem(4 bytes @ 0xE0001028)
T4830 000:116.416   CPU_ReadMem(4 bytes @ 0xE0001038)
T4830 000:116.650   CPU_ReadMem(4 bytes @ 0xE0001048)
T4830 000:116.866   CPU_ReadMem(4 bytes @ 0xE0001058)
T4830 000:117.136   CPU_WriteMem(4 bytes @ 0xE0001000)
T4830 000:117.360   CPU_ReadMem(4 bytes @ 0xE000ED88)
T4830 000:117.578   CPU_WriteMem(4 bytes @ 0xE000ED88)
T4830 000:117.808   CPU_ReadMem(4 bytes @ 0xE000ED88)
T4830 000:118.016   CPU_WriteMem(4 bytes @ 0xE000ED88)
T4830 000:118.270   CPU_ReadMem(4 bytes @ 0xE000EFB8)
T4830 000:118.487   Security extension: implemented
T4830 000:118.496   Secure debug: enabled
T4830 000:118.504   CoreSight components:
T4830 000:118.512   ROMTbl[0] @ E00FE000
T4830 000:118.520   CPU_ReadMem(64 bytes @ 0xE00FE000)
T4830 000:118.992   CPU_ReadMem(32 bytes @ 0xE0044FE0)
T4830 000:119.341   CPU_ReadMem(4 bytes @ 0xE0044FBC)
T4830 000:119.541   CPU_ReadMem(4 bytes @ 0xE0044FCC)
T4830 000:119.765   [0][0]: E0044000 CID B105900D PID 005BB906 DEVARCH 00000000 DEVTYPE 14 CTI (?)
T4830 000:119.773   CPU_ReadMem(32 bytes @ 0xE0047FE0)
T4830 000:120.156   CPU_ReadMem(4 bytes @ 0xE0047FBC)
T4830 000:120.362   CPU_ReadMem(4 bytes @ 0xE0047FCC)
T4830 000:120.579   [0][1]: E0047000 CID B105900D PID 003BB908 DEVARCH 00000000 DEVTYPE 12 CSTF
T4830 000:120.588   CPU_ReadMem(32 bytes @ 0xE0048FE0)
T4830 000:120.910   CPU_ReadMem(4 bytes @ 0xE0048FBC)
T4830 000:121.137   CPU_ReadMem(4 bytes @ 0xE0048FCC)
T4830 000:121.366   [0][2]: E0048000 CID B105900D PID 001BB961 DEVARCH 00000000 DEVTYPE 21 TMC
T4830 000:121.375   CPU_ReadMem(32 bytes @ 0xE0049FE0)
T4830 000:121.711   [0][3]: E0049000 CID B105F00D PID 001BB101 TSG
T4830 000:121.720   CPU_ReadMem(32 bytes @ 0xE0040FE0)
T4830 000:122.059   CPU_ReadMem(4 bytes @ 0xE0040FBC)
T4830 000:122.294   CPU_ReadMem(4 bytes @ 0xE0040FCC)
T4830 000:122.515   [0][4]: E0040000 CID B105900D PID 000BBD21 DEVARCH 00000000 DEVTYPE 11 TPIU
T4830 000:122.524   CPU_ReadMem(32 bytes @ 0xE00FFFE0)
T4830 000:122.865   [0][5]: E00FF000 CID B105100D PID 000BB4C9 ROM Table
T4830 000:122.876   ROMTbl[1] @ E00FF000
T4830 000:122.885   CPU_ReadMem(64 bytes @ 0xE00FF000)
T4830 000:123.374   CPU_ReadMem(32 bytes @ 0xE000EFE0)
T4830 000:123.712   CPU_ReadMem(4 bytes @ 0xE000EFBC)
T4830 000:123.916   CPU_ReadMem(4 bytes @ 0xE000EFCC)
T4830 000:124.139   [1][0]: E000E000 CID B105900D PID 000BBD21 DEVARCH 47702A04 DEVTYPE 00 Cortex-M33
T4830 000:124.148   CPU_ReadMem(32 bytes @ 0xE0001FE0)
T4830 000:124.503   CPU_ReadMem(4 bytes @ 0xE0001FBC)
T4830 000:124.691   CPU_ReadMem(4 bytes @ 0xE0001FCC)
T4830 000:124.891   [1][1]: E0001000 CID B105900D PID 000BBD21 DEVARCH 47701A02 DEVTYPE 00 DWT
T4830 000:124.906   CPU_ReadMem(32 bytes @ 0xE0002FE0)
T4830 000:125.236   CPU_ReadMem(4 bytes @ 0xE0002FBC)
T4830 000:125.442   CPU_ReadMem(4 bytes @ 0xE0002FCC)
T4830 000:125.642   [1][2]: E0002000 CID B105900D PID 000BBD21 DEVARCH 47701A03 DEVTYPE 00 FPB
T4830 000:125.678   CPU_ReadMem(32 bytes @ 0xE0000FE0)
T4830 000:126.004   CPU_ReadMem(4 bytes @ 0xE0000FBC)
T4830 000:126.221   CPU_ReadMem(4 bytes @ 0xE0000FCC)
T4830 000:126.416   [1][3]: E0000000 CID B105900D PID 000BBD21 DEVARCH 47701A01 DEVTYPE 43 ITM
T4830 000:126.425   CPU_ReadMem(32 bytes @ 0xE0041FE0)
T4830 000:126.796   CPU_ReadMem(4 bytes @ 0xE0041FBC)
T4830 000:127.021   CPU_ReadMem(4 bytes @ 0xE0041FCC)
T4830 000:127.296   [1][5]: E0041000 CID B105900D PID 002BBD21 DEVARCH 47724A13 DEVTYPE 13 ETM
T4830 000:127.306   CPU_ReadMem(32 bytes @ 0xE0042FE0)
T4830 000:127.660   CPU_ReadMem(4 bytes @ 0xE0042FBC)
T4830 000:127.867   CPU_ReadMem(4 bytes @ 0xE0042FCC)
T4830 000:128.138   [1][6]: E0042000 CID B105900D PID 000BBD21 DEVARCH 47701A14 DEVTYPE 14 CSS600-CTI
T4830 000:128.176   CPU_ReadMem(4 bytes @ 0xE000EDF0)
T4830 000:128.386   Data:  01 00 10 01
T4830 000:128.395   Debug reg: DHCSR
T4830 000:128.403 - 29.962ms returns 0
T4830 000:128.436 JLINK_ReadMem(0x400E002C, 0x4 Bytes, ...)
T4830 000:128.443   CPU_ReadMem(4 bytes @ 0x400E002C)
T4830 000:128.652   Data:  01 00 00 00
T4830 000:128.661 - 0.225ms returns 0
T4830 000:128.680 JLINK_ReadMem(0xE000EDF0, 0x4 Bytes, ...)
T4830 000:128.687   CPU_ReadMem(4 bytes @ 0xE000EDF0)
T4830 000:128.935   Data:  01 00 10 01
T4830 000:128.945   Debug reg: DHCSR
T4830 000:128.953 - 0.273ms returns 0
T4830 000:128.976 JLINK_ReadMem(0xE000EDF0, 0x4 Bytes, ...)
T4830 000:128.983   CPU_ReadMem(4 bytes @ 0xE000EDF0)
T4830 000:129.230   Data:  01 00 10 01
T4830 000:129.263   Debug reg: DHCSR
T4830 000:129.280 - 0.303ms returns 0
T4830 000:129.297 JLINK_ReadMem(0x400E001C, 0x4 Bytes, ...)
T4830 000:129.314   CPU_ReadMem(4 bytes @ 0x400E001C)
T4830 000:129.552   Data:  00 FC FF 00
T4830 000:129.584 - 0.287ms returns 0
T4830 000:129.606 JLINK_ReadMem(0xE000EDF0, 0x4 Bytes, ...)
T4830 000:129.624   CPU_ReadMem(4 bytes @ 0xE000EDF0)
T4830 000:129.911   Data:  01 00 10 01
T4830 000:129.944   Debug reg: DHCSR
T4830 000:129.961 - 0.354ms returns 0
T4830 000:129.978 JLINK_ReadMem(0x400E0018, 0x4 Bytes, ...)
T4830 000:129.997   CPU_ReadMem(4 bytes @ 0x400E0018)
T4830 000:130.325   Data:  00 80 FF 00
T4830 000:130.345 - 0.367ms returns 0
T4830 000:130.360 JLINK_ReadMem(0xE000EDF0, 0x4 Bytes, ...)
T4830 000:130.369   CPU_ReadMem(4 bytes @ 0xE000EDF0)
T4830 000:130.624   Data:  01 00 10 01
T4830 000:130.633   Debug reg: DHCSR
T4830 000:130.641 - 0.281ms returns 0
T4830 000:130.649 JLINK_ReadMem(0x400E0020, 0x4 Bytes, ...)
T4830 000:130.656   CPU_ReadMem(4 bytes @ 0x400E0020)
T4830 000:130.865   Data:  00 FC 00 00
T4830 000:130.900 - 0.250ms returns 0
T4830 000:130.928 JLINK_ReadMem(0xE000EDF0, 0x4 Bytes, ...)
T4830 000:130.941   CPU_ReadMem(4 bytes @ 0xE000EDF0)
T4830 000:131.162   Data:  01 00 10 01
T4830 000:131.171   Debug reg: DHCSR
T4830 000:131.180 - 0.251ms returns 0
T4830 000:131.187 JLINK_ReadMem(0x400E0028, 0x4 Bytes, ...)
T4830 000:131.194   CPU_ReadMem(4 bytes @ 0x400E0028)
T4830 000:131.401   Data:  00 FC 1F 00
T4830 000:131.416 - 0.229ms returns 0
T4830 000:131.428 JLINK_ReadMem(0xE000EDF0, 0x4 Bytes, ...)
T4830 000:131.437   CPU_ReadMem(4 bytes @ 0xE000EDF0)
T4830 000:131.649   Data:  01 00 10 01
T4830 000:131.658   Debug reg: DHCSR
T4830 000:131.666 - 0.237ms returns 0
T4830 000:131.673 JLINK_ReadMem(0x400E0024, 0x4 Bytes, ...)
T4830 000:131.681   CPU_ReadMem(4 bytes @ 0x400E0024)
T4830 000:131.882   Data:  00 E0 1F 00
T4830 000:131.908 - 0.235ms returns 0
T4830 000:131.928 JLINK_ReadMem(0xE000EDF0, 0x4 Bytes, ...)
T4830 000:131.944   CPU_ReadMem(4 bytes @ 0xE000EDF0)
T4830 000:132.183   Data:  01 00 10 01
T4830 000:132.196   Debug reg: DHCSR
T4830 000:132.204 - 0.276ms returns 0
T4830 000:132.212 JLINK_ReadMem(0x400E002C, 0x4 Bytes, ...)
T4830 000:132.220   CPU_ReadMem(4 bytes @ 0x400E002C)
T4830 000:132.422   Data:  01 00 00 00
T4830 000:132.430 - 0.218ms returns 0
T4830 000:133.995 JLINK_Close()
T4830 000:147.748 - 13.752ms
T4830 000:147.778   
T4830 000:147.783   Closed
