T6910 000:000.545   SEGGER J-Link V8.12f Log File
T6910 000:000.650   DLL Compiled: Feb 12 2025 13:34:40
T6910 000:000.656   Logging started @ 2025-11-11 16:42
T6910 000:000.662   Process: C:\Users\a8456\.eclipse\com.renesas.platform_1713588285\DebugComp\RA\e2-server-gdb.exe
T6910 000:000.671 - 0.668ms 
T6910 000:000.683 JLINK_GetDLLVersion()
T6910 000:000.688 - 0.006ms returns 81206
T6910 000:002.468 JLINK_OpenEx(...)
T6910 000:009.046   Firmware: J-Link V9 compiled May  7 2021 16:26:12
T6910 000:009.600   Firmware: J-Link V9 compiled May  7 2021 16:26:12
T6910 000:009.723   Decompressing FW timestamp took 92 us
T6910 000:015.041   Hardware: V9.60
T6910 000:015.063   S/N: 69667700
T6910 000:015.073   OEM: SEGGER
T6910 000:015.082   Feature(s): RDI, GDB, FlashDL, FlashBP, JFlash
T6910 000:015.635   Bootloader: (FW returned invalid version)
T6910 000:016.361   TELNET listener socket opened on port 19021
T6910 000:016.570   WEBSRV WEBSRV_Init(): Starting webserver thread(s)
T6910 000:016.672   WEBSRV Webserver running on local port 19080
T6910 000:016.872   Looking for J-Link GUI Server exe at: C:\Users\a8456\.eclipse\com.renesas.platform_1713588285\DebugComp\RA\ARM\Segger_v8.12.6\JLinkGUIServer.exe
T6910 000:017.025   Looking for J-Link GUI Server exe at: C:\Program Files\SEGGER\JLink_V818\JLinkGUIServer.exe
T6910 000:017.101   Forking J-Link GUI Server: C:\Program Files\SEGGER\JLink_V818\JLinkGUIServer.exe
T6910 000:081.722   J-Link GUI Server info: "J-Link GUI server V8.18 "
T6910 000:087.596 - 85.117ms returns "O.K."
T6910 000:087.714 JLINK_ExecCommand("ProjectFile=C:\Users\a8456\e2_studio\workspace\RA4M2_MINI_IOT_Project2_6/RA4M2_MINI_IOT_Project2_6.elf.jlink", ...). 
T6910 000:103.458 - 15.749ms returns 0x00
T6910 000:103.719 JLINK_ExecCommand("device=R7FA4M2AD", ...). 
T6910 000:104.481   Flash bank @ 0x0100A100: SFL: Parsing sectorization info from ELF file
T6910 000:104.500     FlashDevice.SectorInfo[0]: .SectorSize = 0x00000010, .SectorStartAddr = 0x00000000
T6910 000:104.509   FlashBank @0x0100A100: Sectorization info from SFL ELF file ignored because sectorization override from DLL / XML file is active.
T6910 000:104.686   Flash bank @ 0x60000000: SFL: Parsing sectorization info from ELF file
T6910 000:104.698     FlashDevice.SectorInfo[0]: .SectorSize = 0x00010000, .SectorStartAddr = 0x00000000
T6910 000:107.415   Device "R7FA4M2AD" selected.
T6910 000:107.773 - 4.043ms returns 0x00
T6910 000:107.787 JLINK_TIF_GetAvailable(...)
T6910 000:107.977 - 0.190ms 
T6910 000:107.997 JLINK_TIF_Select(JLINKARM_TIF_SWD)
T6910 000:108.552 - 0.555ms returns 0x00
T6910 000:108.562 JLINK_SetSpeed(4000)
T6910 000:108.659 - 0.098ms 
T6910 000:108.674 JLINK_ReadMem(0xE000EDF0, 0x4 Bytes, ...)
T6910 000:108.795   ConfigTargetSettings() start
T6910 000:108.807    J-Link Script File: Executing ConfigTargetSettings()
T6910 000:108.815   Configuring FlashDLNoRMWThreshold=0x200 in order to make sure that option bytes programming is done via read-modify-write
T6910 000:114.179   ConfigTargetSettings() end - Took 5.37ms
T6910 000:114.193   InitTarget() start
T6910 000:114.202    J-Link Script File: Executing InitTarget()
T6910 000:114.209   SWD selected. Executing JTAG -> SWD switching sequence.
T6910 000:115.796   DAP initialized successfully.
T6910 000:115.838   Determining TrustZone configuration...
T6910 000:116.609     Secure Debug: Enabled (SSD)
T6910 000:116.628   Determining currently configured transfer type by reading the AHB-AP CSW register.
T6910 000:117.172     --> Correct transfer type configured. Done.
T6910 000:117.185   InitTarget() end - Took 2.98ms
T6910 000:117.708   Found SW-DP with ID 0x6BA02477
T6910 000:119.223   DPIDR: 0x6BA02477
T6910 000:119.234   CoreSight SoC-400 or earlier
T6910 000:119.245   Scanning AP map to find all available APs
T6910 000:119.868   AP[2]: Stopped AP scan as end of AP map has been reached
T6910 000:119.885   AP[0]: AHB-AP (IDR: 0x84770001, ADDR: 0x00000000)
T6910 000:119.894   AP[1]: APB-AP (IDR: 0x54770002, ADDR: 0x01000000)
T6910 000:119.902   Iterating through AP map to find AHB-AP to use
T6910 000:120.649   AP[0]: Core found
T6910 000:120.664   AP[0]: AHB-AP ROM base: 0xE00FE000
T6910 000:120.992   CPUID register: 0x410FD214. Implementer code: 0x41 (ARM)
T6910 000:121.018   Feature set: Mainline
T6910 000:121.371   Cache: No cache
T6910 000:121.387   Found Cortex-M33 r0p4, Little endian.
T6910 000:121.638   -- Max. mem block: 0x00010A88
T6910 000:122.072   
  ***** Warning: 
T6910 000:122.082   Cortex-M (ARMv8-M and later): The connected J-Link (S/N 69667700) uses an old firmware module that does not handle I/D-cache correctly. Proper debugging functionality cannot be guaranteed if cache is enabled
T6910 000:122.096   CPU_ReadMem(4 bytes @ 0xE000EDF0)
T6910 000:122.301   CPU_WriteMem(4 bytes @ 0xE000EDF0)
T6910 000:122.529   CPU_ReadMem(4 bytes @ 0xE0002000)
T6910 000:122.729   FPUnit: 8 code (BP) slots and 0 literal slots
T6910 000:122.738   CPU_ReadMem(4 bytes @ 0xE000EDFC)
T6910 000:122.984   CPU_WriteMem(4 bytes @ 0xE000EDFC)
T6910 000:123.228   CPU_ReadMem(4 bytes @ 0xE0001000)
T6910 000:123.491   CPU_ReadMem(4 bytes @ 0xE0001000)
T6910 000:123.729   CPU_ReadMem(4 bytes @ 0xE0001028)
T6910 000:123.972   CPU_ReadMem(4 bytes @ 0xE0001038)
T6910 000:124.194   CPU_ReadMem(4 bytes @ 0xE0001048)
T6910 000:124.432   CPU_ReadMem(4 bytes @ 0xE0001058)
T6910 000:124.648   CPU_WriteMem(4 bytes @ 0xE0001000)
T6910 000:124.895   CPU_ReadMem(4 bytes @ 0xE000ED88)
T6910 000:125.104   CPU_WriteMem(4 bytes @ 0xE000ED88)
T6910 000:125.333   CPU_ReadMem(4 bytes @ 0xE000ED88)
T6910 000:125.603   CPU_WriteMem(4 bytes @ 0xE000ED88)
T6910 000:125.852   CPU_ReadMem(4 bytes @ 0xE000EFB8)
T6910 000:126.086   Security extension: implemented
T6910 000:126.097   Secure debug: enabled
T6910 000:126.105   CoreSight components:
T6910 000:126.114   ROMTbl[0] @ E00FE000
T6910 000:126.122   CPU_ReadMem(64 bytes @ 0xE00FE000)
T6910 000:126.631   CPU_ReadMem(32 bytes @ 0xE0044FE0)
T6910 000:126.981   CPU_ReadMem(4 bytes @ 0xE0044FBC)
T6910 000:127.207   CPU_ReadMem(4 bytes @ 0xE0044FCC)
T6910 000:127.438   [0][0]: E0044000 CID B105900D PID 005BB906 DEVARCH 00000000 DEVTYPE 14 CTI (?)
T6910 000:127.447   CPU_ReadMem(32 bytes @ 0xE0047FE0)
T6910 000:127.801   CPU_ReadMem(4 bytes @ 0xE0047FBC)
T6910 000:128.012   CPU_ReadMem(4 bytes @ 0xE0047FCC)
T6910 000:128.233   [0][1]: E0047000 CID B105900D PID 003BB908 DEVARCH 00000000 DEVTYPE 12 CSTF
T6910 000:128.242   CPU_ReadMem(32 bytes @ 0xE0048FE0)
T6910 000:128.592   CPU_ReadMem(4 bytes @ 0xE0048FBC)
T6910 000:128.810   CPU_ReadMem(4 bytes @ 0xE0048FCC)
T6910 000:129.038   [0][2]: E0048000 CID B105900D PID 001BB961 DEVARCH 00000000 DEVTYPE 21 TMC
T6910 000:129.049   CPU_ReadMem(32 bytes @ 0xE0049FE0)
T6910 000:129.458   [0][3]: E0049000 CID B105F00D PID 001BB101 TSG
T6910 000:129.469   CPU_ReadMem(32 bytes @ 0xE0040FE0)
T6910 000:129.801   CPU_ReadMem(4 bytes @ 0xE0040FBC)
T6910 000:130.022   CPU_ReadMem(4 bytes @ 0xE0040FCC)
T6910 000:130.234   [0][4]: E0040000 CID B105900D PID 000BBD21 DEVARCH 00000000 DEVTYPE 11 TPIU
T6910 000:130.247   CPU_ReadMem(32 bytes @ 0xE00FFFE0)
T6910 000:130.601   [0][5]: E00FF000 CID B105100D PID 000BB4C9 ROM Table
T6910 000:130.612   ROMTbl[1] @ E00FF000
T6910 000:130.621   CPU_ReadMem(64 bytes @ 0xE00FF000)
T6910 000:131.131   CPU_ReadMem(32 bytes @ 0xE000EFE0)
T6910 000:131.556   CPU_ReadMem(4 bytes @ 0xE000EFBC)
T6910 000:131.796   CPU_ReadMem(4 bytes @ 0xE000EFCC)
T6910 000:132.098   [1][0]: E000E000 CID B105900D PID 000BBD21 DEVARCH 47702A04 DEVTYPE 00 Cortex-M33
T6910 000:132.132   CPU_ReadMem(32 bytes @ 0xE0001FE0)
T6910 000:132.524   CPU_ReadMem(4 bytes @ 0xE0001FBC)
T6910 000:132.791   CPU_ReadMem(4 bytes @ 0xE0001FCC)
T6910 000:133.080   [1][1]: E0001000 CID B105900D PID 000BBD21 DEVARCH 47701A02 DEVTYPE 00 DWT
T6910 000:133.095   CPU_ReadMem(32 bytes @ 0xE0002FE0)
T6910 000:133.462   CPU_ReadMem(4 bytes @ 0xE0002FBC)
T6910 000:133.685   CPU_ReadMem(4 bytes @ 0xE0002FCC)
T6910 000:133.909   [1][2]: E0002000 CID B105900D PID 000BBD21 DEVARCH 47701A03 DEVTYPE 00 FPB
T6910 000:133.923   CPU_ReadMem(32 bytes @ 0xE0000FE0)
T6910 000:134.274   CPU_ReadMem(4 bytes @ 0xE0000FBC)
T6910 000:134.494   CPU_ReadMem(4 bytes @ 0xE0000FCC)
T6910 000:134.708   [1][3]: E0000000 CID B105900D PID 000BBD21 DEVARCH 47701A01 DEVTYPE 43 ITM
T6910 000:134.718   CPU_ReadMem(32 bytes @ 0xE0041FE0)
T6910 000:135.094   CPU_ReadMem(4 bytes @ 0xE0041FBC)
T6910 000:135.312   CPU_ReadMem(4 bytes @ 0xE0041FCC)
T6910 000:135.526   [1][5]: E0041000 CID B105900D PID 002BBD21 DEVARCH 47724A13 DEVTYPE 13 ETM
T6910 000:135.536   CPU_ReadMem(32 bytes @ 0xE0042FE0)
T6910 000:135.879   CPU_ReadMem(4 bytes @ 0xE0042FBC)
T6910 000:136.122   CPU_ReadMem(4 bytes @ 0xE0042FCC)
T6910 000:136.343   [1][6]: E0042000 CID B105900D PID 000BBD21 DEVARCH 47701A14 DEVTYPE 14 CSS600-CTI
T6910 000:136.381   CPU_ReadMem(4 bytes @ 0xE000EDF0)
T6910 000:136.607   Data:  01 00 10 01
T6910 000:136.618   Debug reg: DHCSR
T6910 000:136.627 - 27.952ms returns 0
T6910 000:136.665 JLINK_ReadMem(0x400E002C, 0x4 Bytes, ...)
T6910 000:136.673   CPU_ReadMem(4 bytes @ 0x400E002C)
T6910 000:136.885   Data:  02 00 00 00
T6910 000:136.895 - 0.229ms returns 0
T6910 000:136.915 JLINK_ReadMem(0xE000EDF0, 0x4 Bytes, ...)
T6910 000:136.922   CPU_ReadMem(4 bytes @ 0xE000EDF0)
T6910 000:137.136   Data:  01 00 10 01
T6910 000:137.145   Debug reg: DHCSR
T6910 000:137.153 - 0.237ms returns 0
T6910 000:137.173 JLINK_ReadMem(0xE000EDF0, 0x4 Bytes, ...)
T6910 000:137.180   CPU_ReadMem(4 bytes @ 0xE000EDF0)
T6910 000:137.432   Data:  01 00 10 01
T6910 000:137.442   Debug reg: DHCSR
T6910 000:137.451 - 0.277ms returns 0
T6910 000:137.459 JLINK_ReadMem(0x400E001C, 0x4 Bytes, ...)
T6910 000:137.465   CPU_ReadMem(4 bytes @ 0x400E001C)
T6910 000:137.681   Data:  00 FC FF 00
T6910 000:137.689 - 0.230ms returns 0
T6910 000:137.698 JLINK_ReadMem(0xE000EDF0, 0x4 Bytes, ...)
T6910 000:137.704   CPU_ReadMem(4 bytes @ 0xE000EDF0)
T6910 000:137.910   Data:  01 00 10 01
T6910 000:137.918   Debug reg: DHCSR
T6910 000:137.926 - 0.228ms returns 0
T6910 000:137.933 JLINK_ReadMem(0x400E0018, 0x4 Bytes, ...)
T6910 000:137.939   CPU_ReadMem(4 bytes @ 0x400E0018)
T6910 000:138.137   Data:  00 80 FF 00
T6910 000:138.146 - 0.212ms returns 0
T6910 000:138.154 JLINK_ReadMem(0xE000EDF0, 0x4 Bytes, ...)
T6910 000:138.160   CPU_ReadMem(4 bytes @ 0xE000EDF0)
T6910 000:138.436   Data:  01 00 10 01
T6910 000:138.452   Debug reg: DHCSR
T6910 000:138.460 - 0.306ms returns 0
T6910 000:138.470 JLINK_ReadMem(0x400E0020, 0x4 Bytes, ...)
T6910 000:138.479   CPU_ReadMem(4 bytes @ 0x400E0020)
T6910 000:138.707   Data:  00 FC 00 00
T6910 000:138.716 - 0.246ms returns 0
T6910 000:138.747 JLINK_ReadMem(0xE000EDF0, 0x4 Bytes, ...)
T6910 000:138.754   CPU_ReadMem(4 bytes @ 0xE000EDF0)
T6910 000:138.982   Data:  01 00 10 01
T6910 000:138.992   Debug reg: DHCSR
T6910 000:139.000 - 0.253ms returns 0
T6910 000:139.008 JLINK_ReadMem(0x400E0028, 0x4 Bytes, ...)
T6910 000:139.015   CPU_ReadMem(4 bytes @ 0x400E0028)
T6910 000:139.235   Data:  00 FC 1F 00
T6910 000:139.249 - 0.241ms returns 0
T6910 000:139.260 JLINK_ReadMem(0xE000EDF0, 0x4 Bytes, ...)
T6910 000:139.268   CPU_ReadMem(4 bytes @ 0xE000EDF0)
T6910 000:139.521   Data:  01 00 10 01
T6910 000:139.529   Debug reg: DHCSR
T6910 000:139.537 - 0.276ms returns 0
T6910 000:139.544 JLINK_ReadMem(0x400E0024, 0x4 Bytes, ...)
T6910 000:139.551   CPU_ReadMem(4 bytes @ 0x400E0024)
T6910 000:139.811   Data:  00 E0 1F 00
T6910 000:139.822 - 0.277ms returns 0
T6910 000:139.832 JLINK_ReadMem(0xE000EDF0, 0x4 Bytes, ...)
T6910 000:139.838   CPU_ReadMem(4 bytes @ 0xE000EDF0)
T6910 000:140.059   Data:  01 00 10 01
T6910 000:140.068   Debug reg: DHCSR
T6910 000:140.075 - 0.243ms returns 0
T6910 000:140.082 JLINK_ReadMem(0x400E002C, 0x4 Bytes, ...)
T6910 000:140.088   CPU_ReadMem(4 bytes @ 0x400E002C)
T6910 000:140.299   Data:  02 00 00 00
T6910 000:140.307 - 0.225ms returns 0
T6910 000:140.315 JLINK_ReadMem(0xE000EDF0, 0x4 Bytes, ...)
T6910 000:140.321   CPU_ReadMem(4 bytes @ 0xE000EDF0)
T6910 000:140.628   Data:  01 00 10 01
T6910 000:140.636   Debug reg: DHCSR
T6910 000:140.644 - 0.329ms returns 0
T6910 000:140.651 JLINK_ReadMem(0x400E002C, 0x4 Bytes, ...)
T6910 000:140.657   CPU_ReadMem(4 bytes @ 0x400E002C)
T6910 000:140.856   Data:  02 00 00 00
T6910 000:140.865 - 0.213ms returns 0
T6910 000:143.663 JLINK_Close()
T6910 000:157.639 - 13.975ms
T6910 000:157.690   
T6910 000:157.696   Closed
