T304C 000:000.483   SEGGER J-Link V8.12f Log File
T304C 000:000.570   DLL Compiled: Feb 12 2025 13:34:40
T304C 000:000.576   Logging started @ 2025-12-28 07:01
T304C 000:000.582   Process: C:\Users\a8456\.eclipse\com.renesas.platform_1713588285\DebugComp\RA\e2-server-gdb.exe
T304C 000:000.590 - 0.587ms 
T304C 000:000.601 JLINK_GetDLLVersion()
T304C 000:000.607 - 0.006ms returns 81206
T304C 000:002.501 JLINK_OpenEx(...)
T304C 000:008.215   Firmware: J-Link V9 compiled May  7 2021 16:26:12
T304C 000:008.766   Firmware: J-Link V9 compiled May  7 2021 16:26:12
T304C 000:008.869   Decompressing FW timestamp took 90 us
T304C 000:014.149   Hardware: V9.60
T304C 000:014.165   S/N: 69667700
T304C 000:014.173   OEM: SEGGER
T304C 000:014.181   Feature(s): RDI, GDB, FlashDL, FlashBP, JFlash
T304C 000:014.583   Bootloader: (FW returned invalid version)
T304C 000:015.111   TELNET listener socket opened on port 19021
T304C 000:015.255   WEBSRV WEBSRV_Init(): Starting webserver thread(s)
T304C 000:015.366   WEBSRV Webserver running on local port 19080
T304C 000:015.520   Looking for J-Link GUI Server exe at: C:\Users\a8456\.eclipse\com.renesas.platform_1713588285\DebugComp\RA\ARM\Segger_v8.12.6\JLinkGUIServer.exe
T304C 000:015.650   Looking for J-Link GUI Server exe at: C:\Program Files\SEGGER\JLink_V818\JLinkGUIServer.exe
T304C 000:015.694   Forking J-Link GUI Server: C:\Program Files\SEGGER\JLink_V818\JLinkGUIServer.exe
T304C 000:042.654   J-Link GUI Server info: "J-Link GUI server V8.18 "
T304C 000:044.025 - 41.518ms returns "O.K."
T304C 000:044.135 JLINK_ExecCommand("ProjectFile=C:\Users\a8456\e2_studio\workspace\RA4M2_MINI_IOT_Project3_5/RA4M2_MINI_IOT_Project3_5.elf.jlink", ...). 
T304C 000:065.962 - 21.830ms returns 0x00
T304C 000:066.208 JLINK_ExecCommand("device=R7FA4M2AD", ...). 
T304C 000:066.331   Flash bank @ 0x0100A100: SFL: Parsing sectorization info from ELF file
T304C 000:066.341     FlashDevice.SectorInfo[0]: .SectorSize = 0x00000010, .SectorStartAddr = 0x00000000
T304C 000:066.349   FlashBank @0x0100A100: Sectorization info from SFL ELF file ignored because sectorization override from DLL / XML file is active.
T304C 000:066.545   Flash bank @ 0x60000000: SFL: Parsing sectorization info from ELF file
T304C 000:066.555     FlashDevice.SectorInfo[0]: .SectorSize = 0x00010000, .SectorStartAddr = 0x00000000
T304C 000:069.528   Device "R7FA4M2AD" selected.
T304C 000:069.762 - 3.544ms returns 0x00
T304C 000:069.775 JLINK_TIF_GetAvailable(...)
T304C 000:069.906 - 0.131ms 
T304C 000:069.930 JLINK_TIF_Select(JLINKARM_TIF_SWD)
T304C 000:070.273 - 0.342ms returns 0x00
T304C 000:070.281 JLINK_SetSpeed(4000)
T304C 000:070.370 - 0.089ms 
T304C 000:070.384 JLINK_ReadMem(0xE000EDF0, 0x4 Bytes, ...)
T304C 000:070.549   ConfigTargetSettings() start
T304C 000:070.560    J-Link Script File: Executing ConfigTargetSettings()
T304C 000:070.567   Configuring FlashDLNoRMWThreshold=0x200 in order to make sure that option bytes programming is done via read-modify-write
T304C 000:075.144   ConfigTargetSettings() end - Took 4.58ms
T304C 000:075.157   InitTarget() start
T304C 000:075.165    J-Link Script File: Executing InitTarget()
T304C 000:075.172   SWD selected. Executing JTAG -> SWD switching sequence.
T304C 000:076.418   DAP initialized successfully.
T304C 000:076.433   Determining TrustZone configuration...
T304C 000:077.005     Secure Debug: Enabled (SSD)
T304C 000:077.013   Determining currently configured transfer type by reading the AHB-AP CSW register.
T304C 000:077.397     --> Correct transfer type configured. Done.
T304C 000:077.406   InitTarget() end - Took 2.24ms
T304C 000:077.873   Found SW-DP with ID 0x6BA02477
T304C 000:079.307   DPIDR: 0x6BA02477
T304C 000:079.336   CoreSight SoC-400 or earlier
T304C 000:079.356   Scanning AP map to find all available APs
T304C 000:080.017   AP[2]: Stopped AP scan as end of AP map has been reached
T304C 000:080.032   AP[0]: AHB-AP (IDR: 0x84770001, ADDR: 0x00000000)
T304C 000:080.040   AP[1]: APB-AP (IDR: 0x54770002, ADDR: 0x01000000)
T304C 000:080.048   Iterating through AP map to find AHB-AP to use
T304C 000:080.780   AP[0]: Core found
T304C 000:080.788   AP[0]: AHB-AP ROM base: 0xE00FE000
T304C 000:081.187   CPUID register: 0x410FD214. Implementer code: 0x41 (ARM)
T304C 000:081.196   Feature set: Mainline
T304C 000:081.525   Cache: No cache
T304C 000:081.535   Found Cortex-M33 r0p4, Little endian.
T304C 000:081.781   -- Max. mem block: 0x00010C40
T304C 000:082.182   
  ***** Warning: 
T304C 000:082.192   Cortex-M (ARMv8-M and later): The connected J-Link (S/N 69667700) uses an old firmware module that does not handle I/D-cache correctly. Proper debugging functionality cannot be guaranteed if cache is enabled
T304C 000:082.204   CPU_ReadMem(4 bytes @ 0xE000EDF0)
T304C 000:082.404   CPU_WriteMem(4 bytes @ 0xE000EDF0)
T304C 000:082.650   CPU_ReadMem(4 bytes @ 0xE0002000)
T304C 000:082.864   FPUnit: 8 code (BP) slots and 0 literal slots
T304C 000:082.872   CPU_ReadMem(4 bytes @ 0xE000EDFC)
T304C 000:083.071   CPU_WriteMem(4 bytes @ 0xE000EDFC)
T304C 000:083.292   CPU_ReadMem(4 bytes @ 0xE0001000)
T304C 000:083.490   CPU_ReadMem(4 bytes @ 0xE0001000)
T304C 000:083.742   CPU_ReadMem(4 bytes @ 0xE0001028)
T304C 000:083.944   CPU_ReadMem(4 bytes @ 0xE0001038)
T304C 000:084.156   CPU_ReadMem(4 bytes @ 0xE0001048)
T304C 000:084.363   CPU_ReadMem(4 bytes @ 0xE0001058)
T304C 000:084.586   CPU_WriteMem(4 bytes @ 0xE0001000)
T304C 000:084.812   CPU_ReadMem(4 bytes @ 0xE000ED88)
T304C 000:085.009   CPU_WriteMem(4 bytes @ 0xE000ED88)
T304C 000:085.231   CPU_ReadMem(4 bytes @ 0xE000ED88)
T304C 000:085.432   CPU_WriteMem(4 bytes @ 0xE000ED88)
T304C 000:085.640   CPU_ReadMem(4 bytes @ 0xE000EFB8)
T304C 000:085.839   Security extension: implemented
T304C 000:085.847   Secure debug: enabled
T304C 000:085.855   CoreSight components:
T304C 000:085.863   ROMTbl[0] @ E00FE000
T304C 000:085.871   CPU_ReadMem(64 bytes @ 0xE00FE000)
T304C 000:086.357   CPU_ReadMem(32 bytes @ 0xE0044FE0)
T304C 000:086.687   CPU_ReadMem(4 bytes @ 0xE0044FBC)
T304C 000:086.889   CPU_ReadMem(4 bytes @ 0xE0044FCC)
T304C 000:087.200   [0][0]: E0044000 CID B105900D PID 005BB906 DEVARCH 00000000 DEVTYPE 14 CTI (?)
T304C 000:087.227   CPU_ReadMem(32 bytes @ 0xE0047FE0)
T304C 000:087.610   CPU_ReadMem(4 bytes @ 0xE0047FBC)
T304C 000:087.858   CPU_ReadMem(4 bytes @ 0xE0047FCC)
T304C 000:088.069   [0][1]: E0047000 CID B105900D PID 003BB908 DEVARCH 00000000 DEVTYPE 12 CSTF
T304C 000:088.078   CPU_ReadMem(32 bytes @ 0xE0048FE0)
T304C 000:088.403   CPU_ReadMem(4 bytes @ 0xE0048FBC)
T304C 000:088.620   CPU_ReadMem(4 bytes @ 0xE0048FCC)
T304C 000:088.820   [0][2]: E0048000 CID B105900D PID 001BB961 DEVARCH 00000000 DEVTYPE 21 TMC
T304C 000:088.828   CPU_ReadMem(32 bytes @ 0xE0049FE0)
T304C 000:089.153   [0][3]: E0049000 CID B105F00D PID 001BB101 TSG
T304C 000:089.162   CPU_ReadMem(32 bytes @ 0xE0040FE0)
T304C 000:089.486   CPU_ReadMem(4 bytes @ 0xE0040FBC)
T304C 000:089.737   CPU_ReadMem(4 bytes @ 0xE0040FCC)
T304C 000:089.936   [0][4]: E0040000 CID B105900D PID 000BBD21 DEVARCH 00000000 DEVTYPE 11 TPIU
T304C 000:089.945   CPU_ReadMem(32 bytes @ 0xE00FFFE0)
T304C 000:090.273   [0][5]: E00FF000 CID B105100D PID 000BB4C9 ROM Table
T304C 000:090.282   ROMTbl[1] @ E00FF000
T304C 000:090.289   CPU_ReadMem(64 bytes @ 0xE00FF000)
T304C 000:090.774   CPU_ReadMem(32 bytes @ 0xE000EFE0)
T304C 000:091.101   CPU_ReadMem(4 bytes @ 0xE000EFBC)
T304C 000:091.306   CPU_ReadMem(4 bytes @ 0xE000EFCC)
T304C 000:091.505   [1][0]: E000E000 CID B105900D PID 000BBD21 DEVARCH 47702A04 DEVTYPE 00 Cortex-M33
T304C 000:091.513   CPU_ReadMem(32 bytes @ 0xE0001FE0)
T304C 000:091.880   CPU_ReadMem(4 bytes @ 0xE0001FBC)
T304C 000:092.104   CPU_ReadMem(4 bytes @ 0xE0001FCC)
T304C 000:092.320   [1][1]: E0001000 CID B105900D PID 000BBD21 DEVARCH 47701A02 DEVTYPE 00 DWT
T304C 000:092.329   CPU_ReadMem(32 bytes @ 0xE0002FE0)
T304C 000:092.664   CPU_ReadMem(4 bytes @ 0xE0002FBC)
T304C 000:092.906   CPU_ReadMem(4 bytes @ 0xE0002FCC)
T304C 000:093.113   [1][2]: E0002000 CID B105900D PID 000BBD21 DEVARCH 47701A03 DEVTYPE 00 FPB
T304C 000:093.124   CPU_ReadMem(32 bytes @ 0xE0000FE0)
T304C 000:093.455   CPU_ReadMem(4 bytes @ 0xE0000FBC)
T304C 000:093.669   CPU_ReadMem(4 bytes @ 0xE0000FCC)
T304C 000:093.868   [1][3]: E0000000 CID B105900D PID 000BBD21 DEVARCH 47701A01 DEVTYPE 43 ITM
T304C 000:093.876   CPU_ReadMem(32 bytes @ 0xE0041FE0)
T304C 000:094.206   CPU_ReadMem(4 bytes @ 0xE0041FBC)
T304C 000:094.409   CPU_ReadMem(4 bytes @ 0xE0041FCC)
T304C 000:094.617   [1][5]: E0041000 CID B105900D PID 002BBD21 DEVARCH 47724A13 DEVTYPE 13 ETM
T304C 000:094.625   CPU_ReadMem(32 bytes @ 0xE0042FE0)
T304C 000:094.955   CPU_ReadMem(4 bytes @ 0xE0042FBC)
T304C 000:095.156   CPU_ReadMem(4 bytes @ 0xE0042FCC)
T304C 000:095.363   [1][6]: E0042000 CID B105900D PID 000BBD21 DEVARCH 47701A14 DEVTYPE 14 CSS600-CTI
T304C 000:095.400   CPU_ReadMem(4 bytes @ 0xE000EDF0)
T304C 000:095.599   Data:  01 00 10 01
T304C 000:095.608   Debug reg: DHCSR
T304C 000:095.616 - 25.231ms returns 0
T304C 000:095.629 JLINK_ReadMem(0x400E002C, 0x4 Bytes, ...)
T304C 000:095.635   CPU_ReadMem(4 bytes @ 0x400E002C)
T304C 000:095.862   Data:  01 00 00 00
T304C 000:095.907 - 0.277ms returns 0
T304C 000:095.961 JLINK_ReadMem(0xE000EDF0, 0x4 Bytes, ...)
T304C 000:096.005   CPU_ReadMem(4 bytes @ 0xE000EDF0)
T304C 000:096.259   Data:  01 00 10 01
T304C 000:096.275   Debug reg: DHCSR
T304C 000:096.283 - 0.322ms returns 0
T304C 000:096.310 JLINK_ReadMem(0xE000EDF0, 0x4 Bytes, ...)
T304C 000:096.319   CPU_ReadMem(4 bytes @ 0xE000EDF0)
T304C 000:096.589   Data:  01 00 10 01
T304C 000:096.603   Debug reg: DHCSR
T304C 000:096.611 - 0.300ms returns 0
T304C 000:096.620 JLINK_ReadMem(0x400E001C, 0x4 Bytes, ...)
T304C 000:096.628   CPU_ReadMem(4 bytes @ 0x400E001C)
T304C 000:096.833   Data:  00 FC FF 00
T304C 000:096.841 - 0.221ms returns 0
T304C 000:096.852 JLINK_ReadMem(0xE000EDF0, 0x4 Bytes, ...)
T304C 000:096.858   CPU_ReadMem(4 bytes @ 0xE000EDF0)
T304C 000:097.057   Data:  01 00 10 01
T304C 000:097.065   Debug reg: DHCSR
T304C 000:097.073 - 0.220ms returns 0
T304C 000:097.080 JLINK_ReadMem(0x400E0018, 0x4 Bytes, ...)
T304C 000:097.086   CPU_ReadMem(4 bytes @ 0x400E0018)
T304C 000:097.287   Data:  00 80 FF 00
T304C 000:097.296 - 0.216ms returns 0
T304C 000:097.303 JLINK_ReadMem(0xE000EDF0, 0x4 Bytes, ...)
T304C 000:097.310   CPU_ReadMem(4 bytes @ 0xE000EDF0)
T304C 000:097.585   Data:  01 00 10 01
T304C 000:097.593   Debug reg: DHCSR
T304C 000:097.601 - 0.297ms returns 0
T304C 000:097.608 JLINK_ReadMem(0x400E0020, 0x4 Bytes, ...)
T304C 000:097.614   CPU_ReadMem(4 bytes @ 0x400E0020)
T304C 000:097.812   Data:  00 FC 00 00
T304C 000:097.821 - 0.212ms returns 0
T304C 000:097.829 JLINK_ReadMem(0xE000EDF0, 0x4 Bytes, ...)
T304C 000:097.834   CPU_ReadMem(4 bytes @ 0xE000EDF0)
T304C 000:098.034   Data:  01 00 10 01
T304C 000:098.042   Debug reg: DHCSR
T304C 000:098.050 - 0.221ms returns 0
T304C 000:098.057 JLINK_ReadMem(0x400E0028, 0x4 Bytes, ...)
T304C 000:098.062   CPU_ReadMem(4 bytes @ 0x400E0028)
T304C 000:098.258   Data:  00 FC 1F 00
T304C 000:098.267 - 0.210ms returns 0
T304C 000:098.274 JLINK_ReadMem(0xE000EDF0, 0x4 Bytes, ...)
T304C 000:098.280   CPU_ReadMem(4 bytes @ 0xE000EDF0)
T304C 000:098.478   Data:  01 00 10 01
T304C 000:098.487   Debug reg: DHCSR
T304C 000:098.495 - 0.220ms returns 0
T304C 000:098.502 JLINK_ReadMem(0x400E0024, 0x4 Bytes, ...)
T304C 000:098.507   CPU_ReadMem(4 bytes @ 0x400E0024)
T304C 000:098.757   Data:  00 E0 1F 00
T304C 000:098.768 - 0.266ms returns 0
T304C 000:098.779 JLINK_ReadMem(0xE000EDF0, 0x4 Bytes, ...)
T304C 000:098.787   CPU_ReadMem(4 bytes @ 0xE000EDF0)
T304C 000:099.005   Data:  01 00 10 01
T304C 000:099.014   Debug reg: DHCSR
T304C 000:099.021 - 0.242ms returns 0
T304C 000:099.028 JLINK_ReadMem(0x400E002C, 0x4 Bytes, ...)
T304C 000:099.034   CPU_ReadMem(4 bytes @ 0x400E002C)
T304C 000:099.238   Data:  01 00 00 00
T304C 000:099.246 - 0.218ms returns 0
T304C 000:109.189 JLINK_Close()
T304C 000:120.451 - 11.261ms
T304C 000:120.474   
T304C 000:120.479   Closed
