TA420 000:000.525   SEGGER J-Link V8.12f Log File
TA420 000:000.613   DLL Compiled: Feb 12 2025 13:34:40
TA420 000:000.618   Logging started @ 2025-11-10 17:20
TA420 000:000.624   Process: C:\Users\a8456\.eclipse\com.renesas.platform_1713588285\DebugComp\RA\e2-server-gdb.exe
TA420 000:000.633 - 0.630ms 
TA420 000:000.644 JLINK_GetDLLVersion()
TA420 000:000.650 - 0.006ms returns 81206
TA420 000:002.566 JLINK_OpenEx(...)
TA420 000:009.367   Firmware: J-Link V9 compiled May  7 2021 16:26:12
TA420 000:009.986   Firmware: J-Link V9 compiled May  7 2021 16:26:12
TA420 000:010.102   Decompressing FW timestamp took 91 us
TA420 000:015.532   Hardware: V9.60
TA420 000:015.556   S/N: 69667700
TA420 000:015.593   OEM: SEGGER
TA420 000:015.603   Feature(s): RDI, GDB, FlashDL, FlashBP, JFlash
TA420 000:016.016   Bootloader: (FW returned invalid version)
TA420 000:016.624   TELNET listener socket opened on port 19021
TA420 000:016.824   WEBSRV WEBSRV_Init(): Starting webserver thread(s)
TA420 000:016.925   WEBSRV Webserver running on local port 19080
TA420 000:017.107   Looking for J-Link GUI Server exe at: C:\Users\a8456\.eclipse\com.renesas.platform_1713588285\DebugComp\RA\ARM\Segger_v8.12.6\JLinkGUIServer.exe
TA420 000:017.252   Looking for J-Link GUI Server exe at: C:\Program Files\SEGGER\JLink_V818\JLinkGUIServer.exe
TA420 000:017.299   Forking J-Link GUI Server: C:\Program Files\SEGGER\JLink_V818\JLinkGUIServer.exe
TA420 000:053.175   J-Link GUI Server info: "J-Link GUI server V8.18 "
TA420 000:062.195 - 59.625ms returns "O.K."
TA420 000:062.354 JLINK_ExecCommand("ProjectFile=C:\Users\a8456\e2_studio\workspace\RA4M2_MINI_IOT_Project2_4/RA4M2_MINI_IOT_Project2_4.elf.jlink", ...). 
TA420 000:082.022 - 19.669ms returns 0x00
TA420 000:082.312 JLINK_ExecCommand("device=R7FA4M2AD", ...). 
TA420 000:083.358   Flash bank @ 0x0100A100: SFL: Parsing sectorization info from ELF file
TA420 000:083.413     FlashDevice.SectorInfo[0]: .SectorSize = 0x00000010, .SectorStartAddr = 0x00000000
TA420 000:083.423   FlashBank @0x0100A100: Sectorization info from SFL ELF file ignored because sectorization override from DLL / XML file is active.
TA420 000:083.703   Flash bank @ 0x60000000: SFL: Parsing sectorization info from ELF file
TA420 000:083.717     FlashDevice.SectorInfo[0]: .SectorSize = 0x00010000, .SectorStartAddr = 0x00000000
TA420 000:088.148   Device "R7FA4M2AD" selected.
TA420 000:088.705 - 6.379ms returns 0x00
TA420 000:088.752 JLINK_TIF_GetAvailable(...)
TA420 000:088.910 - 0.158ms 
TA420 000:088.937 JLINK_TIF_Select(JLINKARM_TIF_SWD)
TA420 000:089.460 - 0.523ms returns 0x00
TA420 000:089.498 JLINK_SetSpeed(4000)
TA420 000:089.551 - 0.056ms 
TA420 000:089.578 JLINK_ReadMem(0xE000EDF0, 0x4 Bytes, ...)
TA420 000:089.743   ConfigTargetSettings() start
TA420 000:089.757    J-Link Script File: Executing ConfigTargetSettings()
TA420 000:089.765   Configuring FlashDLNoRMWThreshold=0x200 in order to make sure that option bytes programming is done via read-modify-write
TA420 000:098.302   ConfigTargetSettings() end - Took 8.54ms
TA420 000:098.329   InitTarget() start
TA420 000:098.338    J-Link Script File: Executing InitTarget()
TA420 000:098.346   SWD selected. Executing JTAG -> SWD switching sequence.
TA420 000:099.670   DAP initialized successfully.
TA420 000:099.685   Determining TrustZone configuration...
TA420 000:100.342     Secure Debug: Enabled (SSD)
TA420 000:100.359   Determining currently configured transfer type by reading the AHB-AP CSW register.
TA420 000:100.824     --> Correct transfer type configured. Done.
TA420 000:100.839   InitTarget() end - Took 2.50ms
TA420 000:101.316   Found SW-DP with ID 0x6BA02477
TA420 000:102.977   DPIDR: 0x6BA02477
TA420 000:102.992   CoreSight SoC-400 or earlier
TA420 000:103.004   Scanning AP map to find all available APs
TA420 000:103.744   AP[2]: Stopped AP scan as end of AP map has been reached
TA420 000:103.758   AP[0]: AHB-AP (IDR: 0x84770001, ADDR: 0x00000000)
TA420 000:103.767   AP[1]: APB-AP (IDR: 0x54770002, ADDR: 0x01000000)
TA420 000:103.775   Iterating through AP map to find AHB-AP to use
TA420 000:104.609   AP[0]: Core found
TA420 000:104.625   AP[0]: AHB-AP ROM base: 0xE00FE000
TA420 000:105.004   CPUID register: 0x410FD214. Implementer code: 0x41 (ARM)
TA420 000:105.020   Feature set: Mainline
TA420 000:105.336   Cache: No cache
TA420 000:105.355   Found Cortex-M33 r0p4, Little endian.
TA420 000:105.629   -- Max. mem block: 0x00010A88
TA420 000:106.039   
  ***** Warning: 
TA420 000:106.048   Cortex-M (ARMv8-M and later): The connected J-Link (S/N 69667700) uses an old firmware module that does not handle I/D-cache correctly. Proper debugging functionality cannot be guaranteed if cache is enabled
TA420 000:106.063   CPU_ReadMem(4 bytes @ 0xE000EDF0)
TA420 000:106.366   CPU_WriteMem(4 bytes @ 0xE000EDF0)
TA420 000:106.633   CPU_ReadMem(4 bytes @ 0xE0002000)
TA420 000:106.884   FPUnit: 8 code (BP) slots and 0 literal slots
TA420 000:106.901   CPU_ReadMem(4 bytes @ 0xE000EDFC)
TA420 000:107.170   CPU_WriteMem(4 bytes @ 0xE000EDFC)
TA420 000:107.411   CPU_ReadMem(4 bytes @ 0xE0001000)
TA420 000:107.699   CPU_ReadMem(4 bytes @ 0xE0001000)
TA420 000:107.933   CPU_ReadMem(4 bytes @ 0xE0001028)
TA420 000:108.205   CPU_ReadMem(4 bytes @ 0xE0001038)
TA420 000:108.479   CPU_ReadMem(4 bytes @ 0xE0001048)
TA420 000:108.761   CPU_ReadMem(4 bytes @ 0xE0001058)
TA420 000:108.988   CPU_WriteMem(4 bytes @ 0xE0001000)
TA420 000:109.234   CPU_ReadMem(4 bytes @ 0xE000ED88)
TA420 000:109.509   CPU_WriteMem(4 bytes @ 0xE000ED88)
TA420 000:109.737   CPU_ReadMem(4 bytes @ 0xE000ED88)
TA420 000:109.970   CPU_WriteMem(4 bytes @ 0xE000ED88)
TA420 000:110.223   CPU_ReadMem(4 bytes @ 0xE000EFB8)
TA420 000:110.451   Security extension: implemented
TA420 000:110.465   Secure debug: enabled
TA420 000:110.473   CoreSight components:
TA420 000:110.481   ROMTbl[0] @ E00FE000
TA420 000:110.496   CPU_ReadMem(64 bytes @ 0xE00FE000)
TA420 000:111.031   CPU_ReadMem(32 bytes @ 0xE0044FE0)
TA420 000:111.497   CPU_ReadMem(4 bytes @ 0xE0044FBC)
TA420 000:111.755   CPU_ReadMem(4 bytes @ 0xE0044FCC)
TA420 000:112.016   [0][0]: E0044000 CID B105900D PID 005BB906 DEVARCH 00000000 DEVTYPE 14 CTI (?)
TA420 000:112.042   CPU_ReadMem(32 bytes @ 0xE0047FE0)
TA420 000:112.494   CPU_ReadMem(4 bytes @ 0xE0047FBC)
TA420 000:112.721   CPU_ReadMem(4 bytes @ 0xE0047FCC)
TA420 000:112.968   [0][1]: E0047000 CID B105900D PID 003BB908 DEVARCH 00000000 DEVTYPE 12 CSTF
TA420 000:112.984   CPU_ReadMem(32 bytes @ 0xE0048FE0)
TA420 000:113.383   CPU_ReadMem(4 bytes @ 0xE0048FBC)
TA420 000:113.647   CPU_ReadMem(4 bytes @ 0xE0048FCC)
TA420 000:113.909   [0][2]: E0048000 CID B105900D PID 001BB961 DEVARCH 00000000 DEVTYPE 21 TMC
TA420 000:113.919   CPU_ReadMem(32 bytes @ 0xE0049FE0)
TA420 000:114.283   [0][3]: E0049000 CID B105F00D PID 001BB101 TSG
TA420 000:114.294   CPU_ReadMem(32 bytes @ 0xE0040FE0)
TA420 000:114.661   CPU_ReadMem(4 bytes @ 0xE0040FBC)
TA420 000:114.891   CPU_ReadMem(4 bytes @ 0xE0040FCC)
TA420 000:115.177   [0][4]: E0040000 CID B105900D PID 000BBD21 DEVARCH 00000000 DEVTYPE 11 TPIU
TA420 000:115.195   CPU_ReadMem(32 bytes @ 0xE00FFFE0)
TA420 000:115.566   [0][5]: E00FF000 CID B105100D PID 000BB4C9 ROM Table
TA420 000:115.585   ROMTbl[1] @ E00FF000
TA420 000:115.619   CPU_ReadMem(64 bytes @ 0xE00FF000)
TA420 000:116.222   CPU_ReadMem(32 bytes @ 0xE000EFE0)
TA420 000:116.616   CPU_ReadMem(4 bytes @ 0xE000EFBC)
TA420 000:116.852   CPU_ReadMem(4 bytes @ 0xE000EFCC)
TA420 000:117.088   [1][0]: E000E000 CID B105900D PID 000BBD21 DEVARCH 47702A04 DEVTYPE 00 Cortex-M33
TA420 000:117.100   CPU_ReadMem(32 bytes @ 0xE0001FE0)
TA420 000:117.473   CPU_ReadMem(4 bytes @ 0xE0001FBC)
TA420 000:117.739   CPU_ReadMem(4 bytes @ 0xE0001FCC)
TA420 000:117.967   [1][1]: E0001000 CID B105900D PID 000BBD21 DEVARCH 47701A02 DEVTYPE 00 DWT
TA420 000:117.983   CPU_ReadMem(32 bytes @ 0xE0002FE0)
TA420 000:118.353   CPU_ReadMem(4 bytes @ 0xE0002FBC)
TA420 000:118.597   CPU_ReadMem(4 bytes @ 0xE0002FCC)
TA420 000:118.873   [1][2]: E0002000 CID B105900D PID 000BBD21 DEVARCH 47701A03 DEVTYPE 00 FPB
TA420 000:118.889   CPU_ReadMem(32 bytes @ 0xE0000FE0)
TA420 000:119.290   CPU_ReadMem(4 bytes @ 0xE0000FBC)
TA420 000:119.511   CPU_ReadMem(4 bytes @ 0xE0000FCC)
TA420 000:119.738   [1][3]: E0000000 CID B105900D PID 000BBD21 DEVARCH 47701A01 DEVTYPE 43 ITM
TA420 000:119.748   CPU_ReadMem(32 bytes @ 0xE0041FE0)
TA420 000:120.220   CPU_ReadMem(4 bytes @ 0xE0041FBC)
TA420 000:120.479   CPU_ReadMem(4 bytes @ 0xE0041FCC)
TA420 000:120.736   [1][5]: E0041000 CID B105900D PID 002BBD21 DEVARCH 47724A13 DEVTYPE 13 ETM
TA420 000:120.753   CPU_ReadMem(32 bytes @ 0xE0042FE0)
TA420 000:121.229   CPU_ReadMem(4 bytes @ 0xE0042FBC)
TA420 000:121.465   CPU_ReadMem(4 bytes @ 0xE0042FCC)
TA420 000:121.715   [1][6]: E0042000 CID B105900D PID 000BBD21 DEVARCH 47701A14 DEVTYPE 14 CSS600-CTI
TA420 000:121.757   CPU_ReadMem(4 bytes @ 0xE000EDF0)
TA420 000:121.963   Data:  01 00 18 00
TA420 000:121.972   Debug reg: DHCSR
TA420 000:121.981 - 32.402ms returns 0
TA420 000:122.018 JLINK_ReadMem(0x400E002C, 0x4 Bytes, ...)
TA420 000:122.025   CPU_ReadMem(4 bytes @ 0x400E002C)
TA420 000:122.249   Data:  02 00 00 00
TA420 000:122.267 - 0.248ms returns 0
TA420 000:122.295 JLINK_ReadMem(0xE000EDF0, 0x4 Bytes, ...)
TA420 000:122.305   CPU_ReadMem(4 bytes @ 0xE000EDF0)
TA420 000:122.546   Data:  01 00 18 00
TA420 000:122.560   Debug reg: DHCSR
TA420 000:122.568 - 0.272ms returns 0
TA420 000:122.607 JLINK_ReadMem(0xE000EDF0, 0x4 Bytes, ...)
TA420 000:122.634   CPU_ReadMem(4 bytes @ 0xE000EDF0)
TA420 000:122.878   Data:  01 00 18 00
TA420 000:122.901   Debug reg: DHCSR
TA420 000:122.910 - 0.304ms returns 0
TA420 000:122.920 JLINK_ReadMem(0x400E001C, 0x4 Bytes, ...)
TA420 000:122.932   CPU_ReadMem(4 bytes @ 0x400E001C)
TA420 000:123.186   Data:  00 FC FF 00
TA420 000:123.197 - 0.277ms returns 0
TA420 000:123.208 JLINK_ReadMem(0xE000EDF0, 0x4 Bytes, ...)
TA420 000:123.216   CPU_ReadMem(4 bytes @ 0xE000EDF0)
TA420 000:123.444   Data:  01 00 18 00
TA420 000:123.456   Debug reg: DHCSR
TA420 000:123.464 - 0.256ms returns 0
TA420 000:123.473 JLINK_ReadMem(0x400E0018, 0x4 Bytes, ...)
TA420 000:123.480   CPU_ReadMem(4 bytes @ 0x400E0018)
TA420 000:123.701   Data:  00 80 FF 00
TA420 000:123.718 - 0.245ms returns 0
TA420 000:123.730 JLINK_ReadMem(0xE000EDF0, 0x4 Bytes, ...)
TA420 000:123.739   CPU_ReadMem(4 bytes @ 0xE000EDF0)
TA420 000:123.968   Data:  01 00 18 00
TA420 000:123.977   Debug reg: DHCSR
TA420 000:123.985 - 0.255ms returns 0
TA420 000:123.993 JLINK_ReadMem(0x400E0020, 0x4 Bytes, ...)
TA420 000:123.999   CPU_ReadMem(4 bytes @ 0x400E0020)
TA420 000:124.224   Data:  00 FC 00 00
TA420 000:124.238 - 0.244ms returns 0
TA420 000:124.249 JLINK_ReadMem(0xE000EDF0, 0x4 Bytes, ...)
TA420 000:124.296   CPU_ReadMem(4 bytes @ 0xE000EDF0)
TA420 000:124.519   Data:  01 00 18 00
TA420 000:124.539   Debug reg: DHCSR
TA420 000:124.547 - 0.298ms returns 0
TA420 000:124.556 JLINK_ReadMem(0x400E0028, 0x4 Bytes, ...)
TA420 000:124.565   CPU_ReadMem(4 bytes @ 0x400E0028)
TA420 000:124.792   Data:  00 FC 1F 00
TA420 000:124.806 - 0.249ms returns 0
TA420 000:124.816 JLINK_ReadMem(0xE000EDF0, 0x4 Bytes, ...)
TA420 000:124.824   CPU_ReadMem(4 bytes @ 0xE000EDF0)
TA420 000:125.042   Data:  01 00 18 00
TA420 000:125.051   Debug reg: DHCSR
TA420 000:125.059 - 0.243ms returns 0
TA420 000:125.066 JLINK_ReadMem(0x400E0024, 0x4 Bytes, ...)
TA420 000:125.073   CPU_ReadMem(4 bytes @ 0x400E0024)
TA420 000:125.351   Data:  00 E0 1F 00
TA420 000:125.363 - 0.296ms returns 0
TA420 000:125.373 JLINK_ReadMem(0xE000EDF0, 0x4 Bytes, ...)
TA420 000:125.380   CPU_ReadMem(4 bytes @ 0xE000EDF0)
TA420 000:125.602   Data:  01 00 18 00
TA420 000:125.611   Debug reg: DHCSR
TA420 000:125.619 - 0.246ms returns 0
TA420 000:125.627 JLINK_ReadMem(0x400E002C, 0x4 Bytes, ...)
TA420 000:125.633   CPU_ReadMem(4 bytes @ 0x400E002C)
TA420 000:125.850   Data:  02 00 00 00
TA420 000:125.859 - 0.232ms returns 0
TA420 000:125.867 JLINK_ReadMem(0xE000EDF0, 0x4 Bytes, ...)
TA420 000:125.876   CPU_ReadMem(4 bytes @ 0xE000EDF0)
TA420 000:126.171   Data:  01 00 18 00
TA420 000:126.186   Debug reg: DHCSR
TA420 000:126.195 - 0.327ms returns 0
TA420 000:126.204 JLINK_ReadMem(0x400E002C, 0x4 Bytes, ...)
TA420 000:126.213   CPU_ReadMem(4 bytes @ 0x400E002C)
TA420 000:126.444   Data:  02 00 00 00
TA420 000:126.459 - 0.255ms returns 0
TA420 000:133.418 JLINK_Close()
TA420 000:147.544 - 14.126ms
TA420 000:147.577   
TA420 000:147.583   Closed
