Archive member included to satisfy reference by file (symbol)

C:/Renesas/RA/e2studio_v2025-04_fsp_v5.9.0/toolchains/gcc_arm/13.2.rel1/bin/../lib/gcc/arm-none-eabi/13.2.1/thumb/v8-m.main+fp/hard\libgcc.a(_arm_addsubdf3.o)
                              ./ESP8266/ ESP8266.o (__aeabi_f2d)
C:/Renesas/RA/e2studio_v2025-04_fsp_v5.9.0/toolchains/gcc_arm/13.2.rel1/bin/../lib/gcc/arm-none-eabi/13.2.1/thumb/v8-m.main+fp/hard\libgcc.a(_aeabi_ldivmod.o)
                              ./ra/fsp/src/r_sci_uart/r_sci_uart.o (__aeabi_ldivmod)
C:/Renesas/RA/e2studio_v2025-04_fsp_v5.9.0/toolchains/gcc_arm/13.2.rel1/bin/../lib/gcc/arm-none-eabi/13.2.1/thumb/v8-m.main+fp/hard\libgcc.a(_udivmoddi4.o)
                              C:/Renesas/RA/e2studio_v2025-04_fsp_v5.9.0/toolchains/gcc_arm/13.2.rel1/bin/../lib/gcc/arm-none-eabi/13.2.1/thumb/v8-m.main+fp/hard\libgcc.a(_aeabi_ldivmod.o) (__udivmoddi4)
C:/Renesas/RA/e2studio_v2025-04_fsp_v5.9.0/toolchains/gcc_arm/13.2.rel1/bin/../lib/gcc/arm-none-eabi/13.2.1/thumb/v8-m.main+fp/hard\libgcc.a(_dvmd_tls.o)
                              C:/Renesas/RA/e2studio_v2025-04_fsp_v5.9.0/toolchains/gcc_arm/13.2.rel1/bin/../lib/gcc/arm-none-eabi/13.2.1/thumb/v8-m.main+fp/hard\libgcc.a(_aeabi_ldivmod.o) (__aeabi_ldiv0)
C:/Renesas/RA/e2studio_v2025-04_fsp_v5.9.0/toolchains/gcc_arm/13.2.rel1/bin/../lib/gcc/arm-none-eabi/13.2.1/thumb/v8-m.main+fp/hard\libg_nano.a(libc_a-exit.o)
                              C:/Renesas/RA/e2studio_v2025-04_fsp_v5.9.0/toolchains/gcc_arm/13.2.rel1/bin/../lib/gcc/arm-none-eabi/13.2.1/thumb/v8-m.main+fp/hard/crt0.o (exit)
C:/Renesas/RA/e2studio_v2025-04_fsp_v5.9.0/toolchains/gcc_arm/13.2.rel1/bin/../lib/gcc/arm-none-eabi/13.2.1/thumb/v8-m.main+fp/hard\libg_nano.a(libc_a-nano-vfprintf_float.o)
                              (_printf_float)
C:/Renesas/RA/e2studio_v2025-04_fsp_v5.9.0/toolchains/gcc_arm/13.2.rel1/bin/../lib/gcc/arm-none-eabi/13.2.1/thumb/v8-m.main+fp/hard\libg_nano.a(libc_a-nano-vfprintf_i.o)
                              C:/Renesas/RA/e2studio_v2025-04_fsp_v5.9.0/toolchains/gcc_arm/13.2.rel1/bin/../lib/gcc/arm-none-eabi/13.2.1/thumb/v8-m.main+fp/hard\libg_nano.a(libc_a-nano-vfprintf_float.o) (_printf_common)
C:/Renesas/RA/e2studio_v2025-04_fsp_v5.9.0/toolchains/gcc_arm/13.2.rel1/bin/../lib/gcc/arm-none-eabi/13.2.1/thumb/v8-m.main+fp/hard\libg_nano.a(libc_a-findfp.o)
                              C:/Renesas/RA/e2studio_v2025-04_fsp_v5.9.0/toolchains/gcc_arm/13.2.rel1/bin/../lib/gcc/arm-none-eabi/13.2.1/thumb/v8-m.main+fp/hard\libg_nano.a(libc_a-exit.o) (__stdio_exit_handler)
C:/Renesas/RA/e2studio_v2025-04_fsp_v5.9.0/toolchains/gcc_arm/13.2.rel1/bin/../lib/gcc/arm-none-eabi/13.2.1/thumb/v8-m.main+fp/hard\libg_nano.a(libc_a-fwalk.o)
                              C:/Renesas/RA/e2studio_v2025-04_fsp_v5.9.0/toolchains/gcc_arm/13.2.rel1/bin/../lib/gcc/arm-none-eabi/13.2.1/thumb/v8-m.main+fp/hard\libg_nano.a(libc_a-findfp.o) (_fwalk_sglue)
C:/Renesas/RA/e2studio_v2025-04_fsp_v5.9.0/toolchains/gcc_arm/13.2.rel1/bin/../lib/gcc/arm-none-eabi/13.2.1/thumb/v8-m.main+fp/hard\libg_nano.a(libc_a-printf.o)
                              ./src/hal_entry.o (printf)
C:/Renesas/RA/e2studio_v2025-04_fsp_v5.9.0/toolchains/gcc_arm/13.2.rel1/bin/../lib/gcc/arm-none-eabi/13.2.1/thumb/v8-m.main+fp/hard\libg_nano.a(libc_a-puts.o)
                              ./src/hal_entry.o (puts)
C:/Renesas/RA/e2studio_v2025-04_fsp_v5.9.0/toolchains/gcc_arm/13.2.rel1/bin/../lib/gcc/arm-none-eabi/13.2.1/thumb/v8-m.main+fp/hard\libg_nano.a(libc_a-sprintf.o)
                              ./ESP8266/ ESP8266.o (sprintf)
C:/Renesas/RA/e2studio_v2025-04_fsp_v5.9.0/toolchains/gcc_arm/13.2.rel1/bin/../lib/gcc/arm-none-eabi/13.2.1/thumb/v8-m.main+fp/hard\libg_nano.a(libc_a-stdio.o)
                              C:/Renesas/RA/e2studio_v2025-04_fsp_v5.9.0/toolchains/gcc_arm/13.2.rel1/bin/../lib/gcc/arm-none-eabi/13.2.1/thumb/v8-m.main+fp/hard\libg_nano.a(libc_a-findfp.o) (__sread)
C:/Renesas/RA/e2studio_v2025-04_fsp_v5.9.0/toolchains/gcc_arm/13.2.rel1/bin/../lib/gcc/arm-none-eabi/13.2.1/thumb/v8-m.main+fp/hard\libg_nano.a(libc_a-wbuf.o)
                              C:/Renesas/RA/e2studio_v2025-04_fsp_v5.9.0/toolchains/gcc_arm/13.2.rel1/bin/../lib/gcc/arm-none-eabi/13.2.1/thumb/v8-m.main+fp/hard\libg_nano.a(libc_a-puts.o) (__swbuf_r)
C:/Renesas/RA/e2studio_v2025-04_fsp_v5.9.0/toolchains/gcc_arm/13.2.rel1/bin/../lib/gcc/arm-none-eabi/13.2.1/thumb/v8-m.main+fp/hard\libg_nano.a(libc_a-wsetup.o)
                              C:/Renesas/RA/e2studio_v2025-04_fsp_v5.9.0/toolchains/gcc_arm/13.2.rel1/bin/../lib/gcc/arm-none-eabi/13.2.1/thumb/v8-m.main+fp/hard\libg_nano.a(libc_a-puts.o) (__swsetup_r)
C:/Renesas/RA/e2studio_v2025-04_fsp_v5.9.0/toolchains/gcc_arm/13.2.rel1/bin/../lib/gcc/arm-none-eabi/13.2.1/thumb/v8-m.main+fp/hard\libg_nano.a(libc_a-memset.o)
[...]
Memory Configuration

Name             Origin             Length             Attributes
ITCM             0x00000000         0x00000000         xr
DTCM             0x00000000         0x00000000         xrw
FLASH            0x00000000         0x00080000         xr
RAM              0x20000000         0x00020000         xrw
DATA_FLASH       0x08000000         0x00002000         xr
QSPI_FLASH       0x60000000         0x04000000         xr
OSPI_DEVICE_0    0x80020000         0x00000000         xr
OSPI_DEVICE_1    0x80030000         0x00000000         xr
OSPI_DEVICE_0_RAM 0x80020000         0x00000000         xrw
OSPI_DEVICE_1_RAM 0x80030000         0x00000000         xrw
SDRAM            0x80010000         0x00000000         xrw
OPTION_SETTING   0x0100a100         0x00000100         r
OPTION_SETTING_OFS 0x0100a100         0x00000018         r
OPTION_SETTING_SAS 0x0100a134         0x000000cc         r
OPTION_SETTING_S 0x0100a200         0x00000100         r
ID_CODE          0x00000000         0x00000000         xr
*default*        0x00000000         0xffffffff

Linker script and memory map

LOAD C:/Renesas/RA/e2studio_v2025-04_fsp_v5.9.0/toolchains/gcc_arm/13.2.rel1/bin/../lib/gcc/arm-none-eabi/13.2.1/thumb/v8-m.main+fp/hard/crti.o
LOAD C:/Renesas/RA/e2studio_v2025-04_fsp_v5.9.0/toolchains/gcc_arm/13.2.rel1/bin/../lib/gcc/arm-none-eabi/13.2.1/thumb/v8-m.main+fp/hard/crtbegin.o
LOAD C:/Renesas/RA/e2studio_v2025-04_fsp_v5.9.0/toolchains/gcc_arm/13.2.rel1/bin/../lib/gcc/arm-none-eabi/13.2.1/thumb/v8-m.main+fp/hard/crt0.o
START GROUP
LOAD ./src/dht11.o
LOAD ./src/hal_entry.o
LOAD ./ra_gen/common_data.o
LOAD ./ra_gen/hal_data.o
LOAD ./ra_gen/main.o
LOAD ./ra_gen/pin_data.o
LOAD ./ra_gen/vector_data.o
LOAD ./ra/fsp/src/r_sci_uart/r_sci_uart.o
LOAD ./ra/fsp/src/r_ioport/r_ioport.o
LOAD ./ra/fsp/src/r_gpt/r_gpt.o
LOAD ./ra/fsp/src/bsp/mcu/all/bsp_clocks.o
LOAD ./ra/fsp/src/bsp/mcu/all/bsp_common.o
LOAD ./ra/fsp/src/bsp/mcu/all/bsp_delay.o
LOAD ./ra/fsp/src/bsp/mcu/all/bsp_group_irq.o
LOAD ./ra/fsp/src/bsp/mcu/all/bsp_guard.o
LOAD ./ra/fsp/src/bsp/mcu/all/bsp_io.o
LOAD ./ra/fsp/src/bsp/mcu/all/bsp_irq.o
LOAD ./ra/fsp/src/bsp/mcu/all/bsp_macl.o
LOAD ./ra/fsp/src/bsp/mcu/all/bsp_register_protection.o
LOAD ./ra/fsp/src/bsp/mcu/all/bsp_rom_registers.o
LOAD ./ra/fsp/src/bsp/mcu/all/bsp_sbrk.o
LOAD ./ra/fsp/src/bsp/mcu/all/bsp_sdram.o
LOAD ./ra/fsp/src/bsp/mcu/all/bsp_security.o
LOAD ./ra/fsp/src/bsp/cmsis/Device/RENESAS/Source/startup.o
LOAD ./ra/fsp/src/bsp/cmsis/Device/RENESAS/Source/system.o
LOAD ./ESP8266/ ESP8266.o
END GROUP
START GROUP
LOAD C:/Renesas/RA/e2studio_v2025-04_fsp_v5.9.0/toolchains/gcc_arm/13.2.rel1/bin/../lib/gcc/arm-none-eabi/13.2.1/thumb/v8-m.main+fp/hard\libgcc.a
LOAD C:/Renesas/RA/e2studio_v2025-04_fsp_v5.9.0/toolchains/gcc_arm/13.2.rel1/bin/../lib/gcc/arm-none-eabi/13.2.1/thumb/v8-m.main+fp/hard\libg_nano.a
LOAD C:/Renesas/RA/e2studio_v2025-04_fsp_v5.9.0/toolchains/gcc_arm/13.2.rel1/bin/../lib/gcc/arm-none-eabi/13.2.1/thumb/v8-m.main+fp/hard\libc_nano.a
END GROUP
START GROUP
LOAD C:/Renesas/RA/e2studio_v2025-04_fsp_v5.9.0/toolchains/gcc_arm/13.2.rel1/bin/../lib/gcc/arm-none-eabi/13.2.1/thumb/v8-m.main+fp/hard\libgcc.a
LOAD C:/Renesas/RA/e2studio_v2025-04_fsp_v5.9.0/toolchains/gcc_arm/13.2.rel1/bin/../lib/gcc/arm-none-eabi/13.2.1/thumb/v8-m.main+fp/hard\libc_nano.a
LOAD C:/Renesas/RA/e2studio_v2025-04_fsp_v5.9.0/toolchains/gcc_arm/13.2.rel1/bin/../lib/gcc/arm-none-eabi/13.2.1/thumb/v8-m.main+fp/hard\libnosys.a
END GROUP
START GROUP
LOAD C:/Renesas/RA/e2studio_v2025-04_fsp_v5.9.0/toolchains/gcc_arm/13.2.rel1/bin/../lib/gcc/arm-none-eabi/13.2.1/thumb/v8-m.main+fp/hard\libgcc.a
LOAD C:/Renesas/RA/e2studio_v2025-04_fsp_v5.9.0/toolchains/gcc_arm/13.2.rel1/bin/../lib/gcc/arm-none-eabi/13.2.1/thumb/v8-m.main+fp/hard\libc_nano.a
LOAD C:/Renesas/RA/e2studio_v2025-04_fsp_v5.9.0/toolchains/gcc_arm/13.2.rel1/bin/../lib/gcc/arm-none-eabi/13.2.1/thumb/v8-m.main+fp/hard\libnosys.a
END GROUP
LOAD C:/Renesas/RA/e2studio_v2025-04_fsp_v5.9.0/toolchains/gcc_arm/13.2.rel1/bin/../lib/gcc/arm-none-eabi/13.2.1/thumb/v8-m.main+fp/hard/crtend.o
LOAD C:/Renesas/RA/e2studio_v2025-04_fsp_v5.9.0/toolchains/gcc_arm/13.2.rel1/bin/../lib/gcc/arm-none-eabi/13.2.1/thumb/v8-m.main+fp/hard/crtn.o
                0x20000000                        RAM_START = 0x20000000
                0x00020000                        RAM_LENGTH = 0x20000
                0x00000000                        FLASH_START = 0x0
                0x00080000                        FLASH_LENGTH = 0x80000
                0x08000000                        DATA_FLASH_START = 0x8000000
                0x00002000                        DATA_FLASH_LENGTH = 0x2000
                0x0100a100                        OPTION_SETTING_START = 0x100a100
                0x00000100                        OPTION_SETTING_LENGTH = 0x100
                0x0100a200                        OPTION_SETTING_S_START = 0x100a200
                0x00000100                        OPTION_SETTING_S_LENGTH = 0x100
                0x00000000                        ID_CODE_START = 0x0
                0x00000000                        ID_CODE_LENGTH = 0x0
                0x80010000                        SDRAM_START = 0x80010000
                0x00000000                        SDRAM_LENGTH = 0x0
                0x60000000                        QSPI_FLASH_START = 0x60000000
                0x04000000                        QSPI_FLASH_LENGTH = 0x4000000
                0x80020000                        OSPI_DEVICE_0_START = 0x80020000
                0x00000000                        OSPI_DEVICE_0_LENGTH = 0x0
                0x80030000                        OSPI_DEVICE_1_START = 0x80030000
                0x00000000                        OSPI_DEVICE_1_LENGTH = 0x0
                0x04000000                        QSPI_FLASH_PRV_LENGTH = DEFINED (QSPI_FLASH_SIZE)?ABSOLUTE (QSPI_FLASH_SIZE):ABSOLUTE (QSPI_FLASH_LENGTH)
                0x00000000                        OSPI_DEVICE_0_PRV_LENGTH = DEFINED (OSPI_DEVICE_0_SIZE)?ABSOLUTE (OSPI_DEVICE_0_SIZE):ABSOLUTE (OSPI_DEVICE_0_LENGTH)
                0x00000000                        OSPI_DEVICE_1_PRV_LENGTH = DEFINED (OSPI_DEVICE_1_SIZE)?ABSOLUTE (OSPI_DEVICE_1_SIZE):ABSOLUTE (OSPI_DEVICE_1_LENGTH)
                0x00000000                        __RESERVE_NS_RAM = ((! (DEFINED (PROJECT_NONSECURE)) && DEFINED (RAM_NS_BUFFER_LENGTH)) && (OPTION_SETTING_S_LENGTH != 0x0))
                0x00000000                        ITCM_START = DEFINED (ITCM_START)?ITCM_START:0x0
                0x00000000                        ITCM_LENGTH = DEFINED (ITCM_LENGTH)?ITCM_LENGTH:0x0
                0x00000000                        DTCM_START = DEFINED (DTCM_START)?DTCM_START:0x0
                0x00000000                        DTCM_LENGTH = DEFINED (DTCM_LENGTH)?DTCM_LENGTH:0x0
                0x00000000                        RAM_NS_BUFFER_BLOCK_LENGTH = DEFINED (RAM_NS_BUFFER_LENGTH)?ALIGN (RAM_NS_BUFFER_LENGTH, 0x2000):0x0
                0x00000000                        RAM_NS_BUFFER_LENGTH = DEFINED (RAM_NS_BUFFER_LENGTH)?RAM_NS_BUFFER_LENGTH:0x0
                0x20020000                        RAM_NS_BUFFER_START = ((RAM_START + RAM_LENGTH) - RAM_NS_BUFFER_LENGTH)
                0x20020000                        RAM_NS_BUFFER_BLOCK_START = ((RAM_START + RAM_LENGTH) - RAM_NS_BUFFER_BLOCK_LENGTH)
                0x0100a180                        OPTION_SETTING_START_NS = DEFINED (PROJECT_NONSECURE)?OPTION_SETTING_START:(OPTION_SETTING_START + 0x80)
                0x00000001                        __bl_FSP_BOOTABLE_IMAGE = 0x1
                0x00000001                        __bln_FSP_BOOTABLE_IMAGE = 0x1
                0x00000001                        PROJECT_SECURE_OR_FLAT = (((! (DEFINED (PROJECT_NONSECURE)) || DEFINED (PROJECT_SECURE)) && OPTION_SETTING_LENGTH) && ! (DEFINED (FSP_BOOTABLE_IMAGE)))
                0x00000000                        USE_OPTION_SETTING_NS = (DEFINED (PROJECT_NONSECURE) && ! (DEFINED (FSP_BOOTABLE_IMAGE)))
                0x00000000                        __bl_FLASH_IMAGE_START = ! (DEFINED (FLASH_BOOTLOADER_LENGTH))?0x0:(FLASH_APPLICATION_IMAGE_NUMBER == 0x1)?((FLASH_START + FLASH_BOOTLOADER_LENGTH) + FLASH_BOOTLOADER_HEADER_LENGTH):(DEFINED (BOOTLOADER_SECONDARY_USE_QSPI) || DEFINED (BOOTLOADER_SECONDARY_USE_OSPI_B))?(((FLASH_START + FLASH_BOOTLOADER_LENGTH) + FLASH_BOOTLOADER_SCRATCH_LENGTH) + FLASH_BOOTLOADER_HEADER_LENGTH):((((FLASH_START + FLASH_BOOTLOADER_LENGTH) + FLASH_BOOTLOADER_SCRATCH_LENGTH) + FLASH_APPLICATION_S_LENGTH) + FLASH_BOOTLOADER_HEADER_LENGTH)
                0x00000000                        __bl_FLASH_IMAGE_LENGTH = ! (DEFINED (FLASH_BOOTLOADER_LENGTH))?0x0:(FLASH_APPLICATION_S_LENGTH - FLASH_BOOTLOADER_HEADER_LENGTH)
                0x00000000                        __bl_FLASH_IMAGE_END = (__bl_FLASH_IMAGE_START + __bl_FLASH_IMAGE_LENGTH)
                0x00000000                        __bl_XIP_SECONDARY_FLASH_IMAGE_START = ! (DEFINED (FLASH_BOOTLOADER_LENGTH))?0x0:(((FLASH_START + FLASH_BOOTLOADER_LENGTH) + FLASH_APPLICATION_S_LENGTH) + FLASH_BOOTLOADER_HEADER_LENGTH)
                0x00000000                        __bl_XIP_SECONDARY_FLASH_IMAGE_END = (__bl_XIP_SECONDARY_FLASH_IMAGE_START + __bl_FLASH_IMAGE_LENGTH)
                0x00000000                        __bl_FLASH_IMAGE_START_FROM_MMF_REGION = DEFINED (BOOT_IMAGE_FROM_MMF_REGION)?BOOT_IMAGE_FROM_MMF_REGION:0x0
                0x00000000                        __bl_MEMORY_MIRROR_REGION_START = DEFINED (MMF_REGION_START_ADDR)?MMF_REGION_START_ADDR:0x0
                0x00000000                        __bl_FLASH_NS_START = ! (DEFINED (FLASH_BOOTLOADER_LENGTH))?0x0:(FLASH_APPLICATION_NS_LENGTH == 0x0)?__bl_FLASH_IMAGE_END:((__bl_FLASH_IMAGE_START - FLASH_BOOTLOADER_HEADER_LENGTH) + FLASH_APPLICATION_S_LENGTH)
                0x00000000                        __bl_FLASH_NSC_START = ! (DEFINED (FLASH_BOOTLOADER_LENGTH))?0x0:(FLASH_APPLICATION_NS_LENGTH == 0x0)?__bl_FLASH_IMAGE_END:(__bl_FLASH_IMAGE_END - FLASH_APPLICATION_NSC_LENGTH)
                0x00000000                        __bl_RAM_NS_START = ! (DEFINED (FLASH_BOOTLOADER_LENGTH))?0x0:(FLASH_APPLICATION_NS_LENGTH == 0x0)?(RAM_START + RAM_LENGTH):((RAM_START + RAM_LENGTH) - RAM_APPLICATION_NS_LENGTH)
                0x00000000                        __bl_RAM_NSC_START = ! (DEFINED (FLASH_BOOTLOADER_LENGTH))?0x0:(FLASH_APPLICATION_NS_LENGTH == 0x0)?(RAM_START + RAM_LENGTH):(__bl_RAM_NS_START - RAM_APPLICATION_NSC_LENGTH)
                0x00000000                        __bl_FLASH_NS_IMAGE_START = ! (DEFINED (FLASH_BOOTLOADER_LENGTH))?0x0:(FLASH_APPLICATION_NS_LENGTH == 0x0)?__bl_FLASH_IMAGE_END:(__bl_FLASH_NS_START + FLASH_BOOTLOADER_HEADER_LENGTH_2)
                0x00000000                        __bln_FLASH_IMAGE_START = (__bl_FLASH_NS_IMAGE_START | ! (DEFINED (NS_OFFSET_START))?0x0:NS_OFFSET_START)
                0x00000000                        __bln_FLASH_IMAGE_LENGTH = ! (DEFINED (FLASH_BOOTLOADER_LENGTH))?0x0:(FLASH_APPLICATION_NS_LENGTH == 0x0)?__bl_FLASH_IMAGE_END:(FLASH_APPLICATION_NS_LENGTH - FLASH_BOOTLOADER_HEADER_LENGTH_2)
                0x00000000                        XIP_SECONDARY_SLOT_IMAGE = DEFINED (XIP_SECONDARY_SLOT_IMAGE)?XIP_SECONDARY_SLOT_IMAGE:0x0
                0x00000000                        FLASH_IMAGE_START_FROM_MMF_REGION = ! (DEFINED (FLASH_IMAGE_START_FROM_MMF_REGION))?0x0:FLASH_IMAGE_START_FROM_MMF_REGION
                0x00000000                        MEMORY_MIRROR_REGION_START = ! (DEFINED (MEMORY_MIRROR_REGION_START))?0x0:MEMORY_MIRROR_REGION_START
                0x00000000                        FLASH_ORIGIN = ! (DEFINED (FLASH_IMAGE_START))?FLASH_START:(XIP_SECONDARY_SLOT_IMAGE == 0x1)?XIP_SECONDARY_FLASH_IMAGE_START:(FLASH_IMAGE_START_FROM_MMF_REGION == 0x1)?MEMORY_MIRROR_REGION_START:FLASH_IMAGE_START
                0x00080000                        LIMITED_FLASH_LENGTH = DEFINED (FLASH_IMAGE_LENGTH)?FLASH_IMAGE_LENGTH:DEFINED (FLASH_BOOTLOADER_LENGTH)?FLASH_BOOTLOADER_LENGTH:FLASH_LENGTH
                0x00000034                        OPTION_SETTING_SAS_SIZE = 0x34
                0x000000cc                        OPTION_SETTING_SAS_LENGTH = ! (DEFINED (OPTION_SETTING_LENGTH))?0x0:(OPTION_SETTING_LENGTH == 0x0)?0x0:(OPTION_SETTING_LENGTH - OPTION_SETTING_SAS_SIZE)
START GROUP
LOAD C:/Renesas/RA/e2studio_v2025-04_fsp_v5.9.0/toolchains/gcc_arm/13.2.rel1/bin/../lib/gcc/arm-none-eabi/13.2.1/thumb/v8-m.main+fp/hard\libgcc.a
LOAD C:/Renesas/RA/e2studio_v2025-04_fsp_v5.9.0/toolchains/gcc_arm/13.2.rel1/bin/../lib/gcc/arm-none-eabi/13.2.1/thumb/v8-m.main+fp/hard\libc.a
LOAD C:/Renesas/RA/e2studio_v2025-04_fsp_v5.9.0/toolchains/gcc_arm/13.2.rel1/bin/../lib/gcc/arm-none-eabi/13.2.1/thumb/v8-m.main+fp/hard\libm.a
END GROUP

.text           0x00000000     0x5c78
                0x00000000                        __tz_FLASH_S = ABSOLUTE (FLASH_START)
                0x00000000                        __ROM_Start = .
 *(.fixed_vectors*)
 .fixed_vectors
                0x00000000       0x40 ./ra/fsp/src/bsp/cmsis/Device/RENESAS/Source/startup.o
                0x00000000                __Vectors
 *(.application_vectors*)
 .application_vectors
                0x00000040       0x24 ./ra_gen/vector_data.o
                0x00000040                g_vector_table
                0x00000064                        __Vectors_End = .
 *(.flash_gap*)
                0x00000064                        . = (OPTION_SETTING_LENGTH > 0x0)?.:(__ROM_Start + 0x400)
 *(.rom_registers*)
 *(.mcuboot_sce9_key*)
 *(.text*)
 .text.deregister_tm_clones
                0x00000064       0x1c C:/Renesas/RA/e2studio_v2025-04_fsp_v5.9.0/toolchains/gcc_arm/13.2.rel1/bin/../lib/gcc/arm-none-eabi/13.2.1/thumb/v8-m.main+fp/hard/crtbegin.o
 .text.register_tm_clones
                0x00000080       0x28 C:/Renesas/RA/e2studio_v2025-04_fsp_v5.9.0/toolchains/gcc_arm/13.2.rel1/bin/../lib/gcc/arm-none-eabi/13.2.1/thumb/v8-m.main+fp/hard/crtbegin.o
 .text.__do_global_dtors_aux
                0x000000a8       0x28 C:/Renesas/RA/e2studio_v2025-04_fsp_v5.9.0/toolchains/gcc_arm/13.2.rel1/bin/../lib/gcc/arm-none-eabi/13.2.1/thumb/v8-m.main+fp/hard/crtbegin.o
 .text.frame_dummy
                0x000000d0       0x24 C:/Renesas/RA/e2studio_v2025-04_fsp_v5.9.0/toolchains/gcc_arm/13.2.rel1/bin/../lib/gcc/arm-none-eabi/13.2.1/thumb/v8-m.main+fp/hard/crtbegin.o
 .text.DHT11_ReadByte
                0x000000f4       0x70 ./src/dht11.o
                0x000000f4                DHT11_ReadByte
 .text.DHT11_Read
                0x00000164      0x100 ./src/dht11.o
                0x00000164                DHT11_Read
 .text.user_uart_callback
                0x00000264       0x14 ./src/hal_entry.o
                0x00000264                user_uart_callback
 .text._write   0x00000278       0x54 ./src/hal_entry.o
                0x00000278                _write
 .text.user_uart4_callback
                0x000002cc       0x48 ./src/hal_entry.o
                0x000002cc                user_uart4_callback
 .text.gpt0_callback
                0x00000314       0x24 ./src/hal_entry.o
                0x00000314                gpt0_callback
 .text.hal_entry
                0x00000338      0x218 ./src/hal_entry.o
                0x00000338                hal_entry
 .text.R_BSP_WarmStart
                0x00000550       0x18 ./src/hal_entry.o
                0x00000550                R_BSP_WarmStart
 .text.startup.main
                0x00000568        0xc ./ra_gen/main.o
                0x00000568                main
 .text.R_SCI_UART_Write
                0x00000574       0x50 ./ra/fsp/src/r_sci_uart/r_sci_uart.o
                0x00000574                R_SCI_UART_Write
 .text.r_sci_uart_call_callback
                0x000005c4       0x44 ./ra/fsp/src/r_sci_uart/r_sci_uart.o
 .text.R_SCI_UART_Open
                0x00000608      0x3b4 ./ra/fsp/src/r_sci_uart/r_sci_uart.o
                0x00000608                R_SCI_UART_Open
 .text.sci_uart_txi_isr
                0x000009bc       0x8c ./ra/fsp/src/r_sci_uart/r_sci_uart.o
                0x000009bc                sci_uart_txi_isr
 .text.sci_uart_rxi_isr
                0x00000a48       0x90 ./ra/fsp/src/r_sci_uart/r_sci_uart.o
                0x00000a48                sci_uart_rxi_isr
 .text.sci_uart_tei_isr
                0x00000ad8       0x48 ./ra/fsp/src/r_sci_uart/r_sci_uart.o
                0x00000ad8                sci_uart_tei_isr
 .text.sci_uart_eri_isr
                0x00000b20       0x78 ./ra/fsp/src/r_sci_uart/r_sci_uart.o
                0x00000b20                sci_uart_eri_isr
 .text.R_IOPORT_PinRead
                0x00000b98       0x24 ./ra/fsp/src/r_ioport/r_ioport.o
                0x00000b98                R_IOPORT_PinRead
 .text.R_IOPORT_PinWrite
                0x00000bbc       0x20 ./ra/fsp/src/r_ioport/r_ioport.o
                0x00000bbc                R_IOPORT_PinWrite
 .text.bsp_vbatt_init
                0x00000bdc       0xe8 ./ra/fsp/src/r_ioport/r_ioport.o
 .text.r_ioport_pins_config
                0x00000cc4       0xac ./ra/fsp/src/r_ioport/r_ioport.o
 .text.R_IOPORT_Open
                0x00000d70       0x14 ./ra/fsp/src/r_ioport/r_ioport.o
                0x00000d70                R_IOPORT_Open
 .text.R_IOPORT_PinCfg
                0x00000d84       0xa8 ./ra/fsp/src/r_ioport/r_ioport.o
                0x00000d84                R_IOPORT_PinCfg
 .text.R_GPT_Start
                0x00000e2c        0xc ./ra/fsp/src/r_gpt/r_gpt.o
                0x00000e2c                R_GPT_Start
 .text.R_GPT_Reset
                0x00000e38        0xc ./ra/fsp/src/r_gpt/r_gpt.o
                0x00000e38                R_GPT_Reset
 .text.R_GPT_PeriodSet
                0x00000e44       0x1c ./ra/fsp/src/r_gpt/r_gpt.o
                0x00000e44                R_GPT_PeriodSet
 .text.r_gpt_call_callback
                0x00000e60       0x3c ./ra/fsp/src/r_gpt/r_gpt.o
 .text.r_gpt_enable_irq
                0x00000e9c       0x60 ./ra/fsp/src/r_gpt/r_gpt.o
 .text.R_GPT_Open
                0x00000efc      0x160 ./ra/fsp/src/r_gpt/r_gpt.o
                0x00000efc                R_GPT_Open
 .text.gpt_counter_overflow_isr
                0x0000105c       0x9c ./ra/fsp/src/r_gpt/r_gpt.o
                0x0000105c                gpt_counter_overflow_isr
 .text.SystemCoreClockUpdate
                0x000010f8       0x28 ./ra/fsp/src/bsp/mcu/all/bsp_clocks.o
                0x000010f8                SystemCoreClockUpdate
 .text.R_BSP_SubClockStabilizeWaitAfterReset
                0x00001120        0x4 ./ra/fsp/src/bsp/mcu/all/bsp_clocks.o
                0x00001120                R_BSP_SubClockStabilizeWaitAfterReset
 .text.bsp_clock_init
                0x00001124      0x130 ./ra/fsp/src/bsp/mcu/all/bsp_clocks.o
                0x00001124                bsp_clock_init
 .text.R_BSP_Init_RTC
                0x00001254       0xb0 ./ra/fsp/src/bsp/mcu/all/bsp_clocks.o
                0x00001254                R_BSP_Init_RTC
 .text.bsp_init_internal
                0x00001304        0x4 ./ra/fsp/src/bsp/mcu/all/bsp_common.o
                0x00001304                bsp_init_internal
                0x00001304                bsp_init
 .text.__assert_func
                0x00001308        0x4 ./ra/fsp/src/bsp/mcu/all/bsp_common.o
                0x00001308                __assert_func
 .text.bsp_prv_software_delay_loop
                0x0000130c        0xc ./ra/fsp/src/bsp/mcu/all/bsp_delay.o
                0x0000130c                bsp_prv_software_delay_loop
 .text.R_BSP_SoftwareDelay
                0x00001318       0x58 ./ra/fsp/src/bsp/mcu/all/bsp_delay.o
                0x00001318                R_BSP_SoftwareDelay
 .text.NMI_Handler
                0x00001370       0x3c ./ra/fsp/src/bsp/mcu/all/bsp_group_irq.o
                0x00001370                NMI_Handler
 .text.bsp_irq_cfg
                0x000013ac       0x94 ./ra/fsp/src/bsp/mcu/all/bsp_irq.o
                0x000013ac                bsp_irq_cfg
 .text.R_BSP_RegisterProtectEnable
                0x00001440       0x60 ./ra/fsp/src/bsp/mcu/all/bsp_register_protection.o
                0x00001440                R_BSP_RegisterProtectEnable
 .text.R_BSP_RegisterProtectDisable
                0x000014a0       0x54 ./ra/fsp/src/bsp/mcu/all/bsp_register_protection.o
                0x000014a0                R_BSP_RegisterProtectDisable
 .text._sbrk    0x000014f4       0x40 ./ra/fsp/src/bsp/mcu/all/bsp_sbrk.o
                0x000014f4                _sbrk
 .text.Default_Handler
                0x00001534        0x4 ./ra/fsp/src/bsp/cmsis/Device/RENESAS/Source/startup.o
                0x00001534                DebugMon_Handler
                0x00001534                HardFault_Handler
                0x00001534                SysTick_Handler
                0x00001534                PendSV_Handler
                0x00001534                UsageFault_Handler
                0x00001534                SecureFault_Handler
                0x00001534                Default_Handler
                0x00001534                MemManage_Handler
                0x00001534                SVC_Handler
                0x00001534                BusFault_Handler
 .text.Reset_Handler
                0x00001538        0xc ./ra/fsp/src/bsp/cmsis/Device/RENESAS/Source/startup.o
                0x00001538                Reset_Handler
 .text.SystemInit
                0x00001544       0xe0 ./ra/fsp/src/bsp/cmsis/Device/RENESAS/Source/system.o
                0x00001544                SystemInit
 .text.ESP8266_SendCmdWaitOk
                0x00001624       0xf8 ./ESP8266/ ESP8266.o
                0x00001624                ESP8266_SendCmdWaitOk
 .text.ESP8266_ConnectWiFi
                0x0000171c       0x58 ./ESP8266/ ESP8266.o
                0x0000171c                ESP8266_ConnectWiFi
 .text.ESP8266_MQTTUserConfig
                0x00001774       0x54 ./ESP8266/ ESP8266.o
                0x00001774                ESP8266_MQTTUserConfig
 .text.ESP8266_MQTTClientIDConfig
                0x000017c8       0x50 ./ESP8266/ ESP8266.o
                0x000017c8                ESP8266_MQTTClientIDConfig
 .text.ESP8266_MQTTConnect
                0x00001818       0x5c ./ESP8266/ ESP8266.o
                0x00001818                ESP8266_MQTTConnect
 .text.ESP8266_MQTTSubscribe
                0x00001874       0x54 ./ESP8266/ ESP8266.o
                0x00001874                ESP8266_MQTTSubscribe
 .text.ESP8266_MQTTPublish
                0x000018c8       0xa8 ./ESP8266/ ESP8266.o
                0x000018c8                ESP8266_MQTTPublish
 .text.ESP8266_Init
                0x00001970      0x110 ./ESP8266/ ESP8266.o
                0x00001970                ESP8266_Init
 .text          0x00001a80      0x378 C:/Renesas/RA/e2studio_v2025-04_fsp_v5.9.0/toolchains/gcc_arm/13.2.rel1/bin/../lib/gcc/arm-none-eabi/13.2.1/thumb/v8-m.main+fp/hard\libgcc.a(_arm_addsubdf3.o)
                0x00001a80                __aeabi_drsub
                0x00001a88                __aeabi_dsub
                0x00001a88                __subdf3
                0x00001a8c                __aeabi_dadd
                0x00001a8c                __adddf3
                0x00001d04                __floatunsidf
                0x00001d04                __aeabi_ui2d
                0x00001d24                __floatsidf
                0x00001d24                __aeabi_i2d
                0x00001d48                __aeabi_f2d
                0x00001d48                __extendsfdf2
                0x00001d8c                __floatundidf
                0x00001d8c                __aeabi_ul2d
                0x00001d9c                __floatdidf
                0x00001d9c                __aeabi_l2d
 .text.__cvt    0x00001df8       0xca C:/Renesas/RA/e2studio_v2025-04_fsp_v5.9.0/toolchains/gcc_arm/13.2.rel1/bin/../lib/gcc/arm-none-eabi/13.2.1/thumb/v8-m.main+fp/hard\libg_nano.a(libc_a-nano-vfprintf_float.o)
                0x00001df8                __cvt
 .text.__exponent
                0x00001ec2       0x72 C:/Renesas/RA/e2studio_v2025-04_fsp_v5.9.0/toolchains/gcc_arm/13.2.rel1/bin/../lib/gcc/arm-none-eabi/13.2.1/thumb/v8-m.main+fp/hard\libg_nano.a(libc_a-nano-vfprintf_float.o)
                0x00001ec2                __exponent
 .text._printf_float
                0x00001f34      0x454 C:/Renesas/RA/e2studio_v2025-04_fsp_v5.9.0/toolchains/gcc_arm/13.2.rel1/bin/../lib/gcc/arm-none-eabi/13.2.1/thumb/v8-m.main+fp/hard\libg_nano.a(libc_a-nano-vfprintf_float.o)
                0x00001f34                _printf_float
 .text._printf_common
                0x00002388       0xe4 C:/Renesas/RA/e2studio_v2025-04_fsp_v5.9.0/toolchains/gcc_arm/13.2.rel1/bin/../lib/gcc/arm-none-eabi/13.2.1/thumb/v8-m.main+fp/hard\libg_nano.a(libc_a-nano-vfprintf_i.o)
                0x00002388                _printf_common
 .text._printf_i
                0x0000246c      0x23c C:/Renesas/RA/e2studio_v2025-04_fsp_v5.9.0/toolchains/gcc_arm/13.2.rel1/bin/../lib/gcc/arm-none-eabi/13.2.1/thumb/v8-m.main+fp/hard\libg_nano.a(libc_a-nano-vfprintf_i.o)
                0x0000246c                _printf_i
 .text.std      0x000026a8       0x6c C:/Renesas/RA/e2studio_v2025-04_fsp_v5.9.0/toolchains/gcc_arm/13.2.rel1/bin/../lib/gcc/arm-none-eabi/13.2.1/thumb/v8-m.main+fp/hard\libg_nano.a(libc_a-findfp.o)
 .text.stdio_exit_handler
                0x00002714       0x18 C:/Renesas/RA/e2studio_v2025-04_fsp_v5.9.0/toolchains/gcc_arm/13.2.rel1/bin/../lib/gcc/arm-none-eabi/13.2.1/thumb/v8-m.main+fp/hard\libg_nano.a(libc_a-findfp.o)
 .text.cleanup_stdio
                0x0000272c       0x40 C:/Renesas/RA/e2studio_v2025-04_fsp_v5.9.0/toolchains/gcc_arm/13.2.rel1/bin/../lib/gcc/arm-none-eabi/13.2.1/thumb/v8-m.main+fp/hard\libg_nano.a(libc_a-findfp.o)
 .text.global_stdio_init.part.0
                0x0000276c       0x3c C:/Renesas/RA/e2studio_v2025-04_fsp_v5.9.0/toolchains/gcc_arm/13.2.rel1/bin/../lib/gcc/arm-none-eabi/13.2.1/thumb/v8-m.main+fp/hard\libg_nano.a(libc_a-findfp.o)
 .text.__sfp_lock_acquire
                0x000027a8        0xc C:/Renesas/RA/e2studio_v2025-04_fsp_v5.9.0/toolchains/gcc_arm/13.2.rel1/bin/../lib/gcc/arm-none-eabi/13.2.1/thumb/v8-m.main+fp/hard\libg_nano.a(libc_a-findfp.o)
                0x000027a8                __sfp_lock_acquire
 .text.__sfp_lock_release
                0x000027b4        0xc C:/Renesas/RA/e2studio_v2025-04_fsp_v5.9.0/toolchains/gcc_arm/13.2.rel1/bin/../lib/gcc/arm-none-eabi/13.2.1/thumb/v8-m.main+fp/hard\libg_nano.a(libc_a-findfp.o)
                0x000027b4                __sfp_lock_release
 .text.__sinit  0x000027c0       0x30 C:/Renesas/RA/e2studio_v2025-04_fsp_v5.9.0/toolchains/gcc_arm/13.2.rel1/bin/../lib/gcc/arm-none-eabi/13.2.1/thumb/v8-m.main+fp/hard\libg_nano.a(libc_a-findfp.o)
                0x000027c0                __sinit
 .text._fwalk_sglue
                0x000027f0       0x3c C:/Renesas/RA/e2studio_v2025-04_fsp_v5.9.0/toolchains/gcc_arm/13.2.rel1/bin/../lib/gcc/arm-none-eabi/13.2.1/thumb/v8-m.main+fp/hard\libg_nano.a(libc_a-fwalk.o)
                0x000027f0                _fwalk_sglue
 .text.printf   0x0000282c       0x24 C:/Renesas/RA/e2studio_v2025-04_fsp_v5.9.0/toolchains/gcc_arm/13.2.rel1/bin/../lib/gcc/arm-none-eabi/13.2.1/thumb/v8-m.main+fp/hard\libg_nano.a(libc_a-printf.o)
                0x0000282c                iprintf
                0x0000282c                printf
 .text._puts_r  0x00002850       0xaa C:/Renesas/RA/e2studio_v2025-04_fsp_v5.9.0/toolchains/gcc_arm/13.2.rel1/bin/../lib/gcc/arm-none-eabi/13.2.1/thumb/v8-m.main+fp/hard\libg_nano.a(libc_a-puts.o)
                0x00002850                _puts_r
 *fill*         0x000028fa        0x2 ff
 .text.puts     0x000028fc       0x10 C:/Renesas/RA/e2studio_v2025-04_fsp_v5.9.0/toolchains/gcc_arm/13.2.rel1/bin/../lib/gcc/arm-none-eabi/13.2.1/thumb/v8-m.main+fp/hard\libg_nano.a(libc_a-puts.o)
                0x000028fc                puts
 .text.sprintf  0x0000290c       0x40 C:/Renesas/RA/e2studio_v2025-04_fsp_v5.9.0/toolchains/gcc_arm/13.2.rel1/bin/../lib/gcc/arm-none-eabi/13.2.1/thumb/v8-m.main+fp/hard\libg_nano.a(libc_a-sprintf.o)
                0x0000290c                siprintf
                0x0000290c                sprintf
 .text.__sread  0x0000294c       0x22 C:/Renesas/RA/e2studio_v2025-04_fsp_v5.9.0/toolchains/gcc_arm/13.2.rel1/bin/../lib/gcc/arm-none-eabi/13.2.1/thumb/v8-m.main+fp/hard\libg_nano.a(libc_a-stdio.o)
                0x0000294c                __sread
 .text.__swrite
                0x0000296e       0x38 C:/Renesas/RA/e2studio_v2025-04_fsp_v5.9.0/toolchains/gcc_arm/13.2.rel1/bin/../lib/gcc/arm-none-eabi/13.2.1/thumb/v8-m.main+fp/hard\libg_nano.a(libc_a-stdio.o)
                0x0000296e                __swrite
 .text.__sseek  0x000029a6       0x24 C:/Renesas/RA/e2studio_v2025-04_fsp_v5.9.0/toolchains/gcc_arm/13.2.rel1/bin/../lib/gcc/arm-none-eabi/13.2.1/thumb/v8-m.main+fp/hard\libg_nano.a(libc_a-stdio.o)
                0x000029a6                __sseek
 .text.__sclose
                0x000029ca        0x8 C:/Renesas/RA/e2studio_v2025-04_fsp_v5.9.0/toolchains/gcc_arm/13.2.rel1/bin/../lib/gcc/arm-none-eabi/13.2.1/thumb/v8-m.main+fp/hard\libg_nano.a(libc_a-stdio.o)
                0x000029ca                __sclose
 .text.__swbuf_r
                0x000029d2       0x7c C:/Renesas/RA/e2studio_v2025-04_fsp_v5.9.0/toolchains/gcc_arm/13.2.rel1/bin/../lib/gcc/arm-none-eabi/13.2.1/thumb/v8-m.main+fp/hard\libg_nano.a(libc_a-wbuf.o)
                0x000029d2                __swbuf_r
 *fill*         0x00002a4e        0x2 ff
 .text.__swsetup_r
                0x00002a50       0xac C:/Renesas/RA/e2studio_v2025-04_fsp_v5.9.0/toolchains/gcc_arm/13.2.rel1/bin/../lib/gcc/arm-none-eabi/13.2.1/thumb/v8-m.main+fp/hard\libg_nano.a(libc_a-wsetup.o)
                0x00002a50                __swsetup_r
 .text.memset   0x00002afc       0x10 C:/Renesas/RA/e2studio_v2025-04_fsp_v5.9.0/toolchains/gcc_arm/13.2.rel1/bin/../lib/gcc/arm-none-eabi/13.2.1/thumb/v8-m.main+fp/hard\libg_nano.a(libc_a-memset.o)
                0x00002afc                memset
 .text.strstr   0x00002b0c       0x2c C:/Renesas/RA/e2studio_v2025-04_fsp_v5.9.0/toolchains/gcc_arm/13.2.rel1/bin/../lib/gcc/arm-none-eabi/13.2.1/thumb/v8-m.main+fp/hard\libg_nano.a(libc_a-strstr.o)
                0x00002b0c                strstr
 .text._localeconv_r
                0x00002b38        0x8 C:/Renesas/RA/e2studio_v2025-04_fsp_v5.9.0/toolchains/gcc_arm/13.2.rel1/bin/../lib/gcc/arm-none-eabi/13.2.1/thumb/v8-m.main+fp/hard\libg_nano.a(libc_a-localeconv.o)
                0x00002b38                _localeconv_r
 .text._close_r
                0x00002b40       0x20 C:/Renesas/RA/e2studio_v2025-04_fsp_v5.9.0/toolchains/gcc_arm/13.2.rel1/bin/../lib/gcc/arm-none-eabi/13.2.1/thumb/v8-m.main+fp/hard\libg_nano.a(libc_a-closer.o)
                0x00002b40                _close_r
 .text._lseek_r
                0x00002b60       0x24 C:/Renesas/RA/e2studio_v2025-04_fsp_v5.9.0/toolchains/gcc_arm/13.2.rel1/bin/../lib/gcc/arm-none-eabi/13.2.1/thumb/v8-m.main+fp/hard\libg_nano.a(libc_a-lseekr.o)
                0x00002b60                _lseek_r
 .text._read_r  0x00002b84       0x24 C:/Renesas/RA/e2studio_v2025-04_fsp_v5.9.0/toolchains/gcc_arm/13.2.rel1/bin/../lib/gcc/arm-none-eabi/13.2.1/thumb/v8-m.main+fp/hard\libg_nano.a(libc_a-readr.o)
                0x00002b84                _read_r
 .text._write_r
                0x00002ba8       0x24 C:/Renesas/RA/e2studio_v2025-04_fsp_v5.9.0/toolchains/gcc_arm/13.2.rel1/bin/../lib/gcc/arm-none-eabi/13.2.1/thumb/v8-m.main+fp/hard\libg_nano.a(libc_a-writer.o)
                0x00002ba8                _write_r
 .text.__errno  0x00002bcc        0xc C:/Renesas/RA/e2studio_v2025-04_fsp_v5.9.0/toolchains/gcc_arm/13.2.rel1/bin/../lib/gcc/arm-none-eabi/13.2.1/thumb/v8-m.main+fp/hard\libg_nano.a(libc_a-errno.o)
                0x00002bcc                __errno
 .text.__retarget_lock_init_recursive
                0x00002bd8        0x2 C:/Renesas/RA/e2studio_v2025-04_fsp_v5.9.0/toolchains/gcc_arm/13.2.rel1/bin/../lib/gcc/arm-none-eabi/13.2.1/thumb/v8-m.main+fp/hard\libg_nano.a(libc_a-lock.o)
                0x00002bd8                __retarget_lock_init_recursive
 .text.__retarget_lock_acquire_recursive
                0x00002bda        0x2 C:/Renesas/RA/e2studio_v2025-04_fsp_v5.9.0/toolchains/gcc_arm/13.2.rel1/bin/../lib/gcc/arm-none-eabi/13.2.1/thumb/v8-m.main+fp/hard\libg_nano.a(libc_a-lock.o)
                0x00002bda                __retarget_lock_acquire_recursive
 .text.__retarget_lock_release_recursive
                0x00002bdc        0x2 C:/Renesas/RA/e2studio_v2025-04_fsp_v5.9.0/toolchains/gcc_arm/13.2.rel1/bin/../lib/gcc/arm-none-eabi/13.2.1/thumb/v8-m.main+fp/hard\libg_nano.a(libc_a-lock.o)
                0x00002bdc                __retarget_lock_release_recursive
 .text.memchr   0x00002bde       0x1c C:/Renesas/RA/e2studio_v2025-04_fsp_v5.9.0/toolchains/gcc_arm/13.2.rel1/bin/../lib/gcc/arm-none-eabi/13.2.1/thumb/v8-m.main+fp/hard\libg_nano.a(libc_a-memchr-stub.o)
                0x00002bde                memchr
 .text.memcpy   0x00002bfa       0x1a C:/Renesas/RA/e2studio_v2025-04_fsp_v5.9.0/toolchains/gcc_arm/13.2.rel1/bin/../lib/gcc/arm-none-eabi/13.2.1/thumb/v8-m.main+fp/hard\libg_nano.a(libc_a-memcpy-stub.o)
                0x00002bfa                memcpy
 .text          0x00002c14       0x10 C:/Renesas/RA/e2studio_v2025-04_fsp_v5.9.0/toolchains/gcc_arm/13.2.rel1/bin/../lib/gcc/arm-none-eabi/13.2.1/thumb/v8-m.main+fp/hard\libg_nano.a(libc_a-strlen.o)
                0x00002c14                strlen
 .text.quorem   0x00002c24      0x11a C:/Renesas/RA/e2studio_v2025-04_fsp_v5.9.0/toolchains/gcc_arm/13.2.rel1/bin/../lib/gcc/arm-none-eabi/13.2.1/thumb/v8-m.main+fp/hard\libg_nano.a(libc_a-dtoa.o)
 *fill*         0x00002d3e        0x2 ff
 .text._dtoa_r  0x00002d40      0xb7c C:/Renesas/RA/e2studio_v2025-04_fsp_v5.9.0/toolchains/gcc_arm/13.2.rel1/bin/../lib/gcc/arm-none-eabi/13.2.1/thumb/v8-m.main+fp/hard\libg_nano.a(libc_a-dtoa.o)
                0x00002d40                _dtoa_r
 .text._free_r  0x000038bc       0x94 C:/Renesas/RA/e2studio_v2025-04_fsp_v5.9.0/toolchains/gcc_arm/13.2.rel1/bin/../lib/gcc/arm-none-eabi/13.2.1/thumb/v8-m.main+fp/hard\libg_nano.a(libc_a-freer.o)
                0x000038bc                _free_r
 .text.malloc   0x00003950       0x10 C:/Renesas/RA/e2studio_v2025-04_fsp_v5.9.0/toolchains/gcc_arm/13.2.rel1/bin/../lib/gcc/arm-none-eabi/13.2.1/thumb/v8-m.main+fp/hard\libg_nano.a(libc_a-malloc.o)
                0x00003950                malloc
 .text.sbrk_aligned
                0x00003960       0x44 C:/Renesas/RA/e2studio_v2025-04_fsp_v5.9.0/toolchains/gcc_arm/13.2.rel1/bin/../lib/gcc/arm-none-eabi/13.2.1/thumb/v8-m.main+fp/hard\libg_nano.a(libc_a-mallocr.o)
 .text._malloc_r
                0x000039a4      0x100 C:/Renesas/RA/e2studio_v2025-04_fsp_v5.9.0/toolchains/gcc_arm/13.2.rel1/bin/../lib/gcc/arm-none-eabi/13.2.1/thumb/v8-m.main+fp/hard\libg_nano.a(libc_a-mallocr.o)
                0x000039a4                _malloc_r
 .text.__malloc_lock
                0x00003aa4        0xc C:/Renesas/RA/e2studio_v2025-04_fsp_v5.9.0/toolchains/gcc_arm/13.2.rel1/bin/../lib/gcc/arm-none-eabi/13.2.1/thumb/v8-m.main+fp/hard\libg_nano.a(libc_a-mlock.o)
                0x00003aa4                __malloc_lock
 .text.__malloc_unlock
                0x00003ab0        0xc C:/Renesas/RA/e2studio_v2025-04_fsp_v5.9.0/toolchains/gcc_arm/13.2.rel1/bin/../lib/gcc/arm-none-eabi/13.2.1/thumb/v8-m.main+fp/hard\libg_nano.a(libc_a-mlock.o)
                0x00003ab0                __malloc_unlock
 .text._Balloc  0x00003abc       0x80 C:/Renesas/RA/e2studio_v2025-04_fsp_v5.9.0/toolchains/gcc_arm/13.2.rel1/bin/../lib/gcc/arm-none-eabi/13.2.1/thumb/v8-m.main+fp/hard\libg_nano.a(libc_a-mprec.o)
                0x00003abc                _Balloc
 .text._Bfree   0x00003b3c       0x44 C:/Renesas/RA/e2studio_v2025-04_fsp_v5.9.0/toolchains/gcc_arm/13.2.rel1/bin/../lib/gcc/arm-none-eabi/13.2.1/thumb/v8-m.main+fp/hard\libg_nano.a(libc_a-mprec.o)
                0x00003b3c                _Bfree
 .text.__multadd
                0x00003b80       0x90 C:/Renesas/RA/e2studio_v2025-04_fsp_v5.9.0/toolchains/gcc_arm/13.2.rel1/bin/../lib/gcc/arm-none-eabi/13.2.1/thumb/v8-m.main+fp/hard\libg_nano.a(libc_a-mprec.o)
                0x00003b80                __multadd
 .text.__hi0bits
                0x00003c10       0x3e C:/Renesas/RA/e2studio_v2025-04_fsp_v5.9.0/toolchains/gcc_arm/13.2.rel1/bin/../lib/gcc/arm-none-eabi/13.2.1/thumb/v8-m.main+fp/hard\libg_nano.a(libc_a-mprec.o)
                0x00003c10                __hi0bits
 .text.__lo0bits
                0x00003c4e       0x5a C:/Renesas/RA/e2studio_v2025-04_fsp_v5.9.0/toolchains/gcc_arm/13.2.rel1/bin/../lib/gcc/arm-none-eabi/13.2.1/thumb/v8-m.main+fp/hard\libg_nano.a(libc_a-mprec.o)
                0x00003c4e                __lo0bits
 .text.__i2b    0x00003ca8       0x2c C:/Renesas/RA/e2studio_v2025-04_fsp_v5.9.0/toolchains/gcc_arm/13.2.rel1/bin/../lib/gcc/arm-none-eabi/13.2.1/thumb/v8-m.main+fp/hard\libg_nano.a(libc_a-mprec.o)
                0x00003ca8                __i2b
 .text.__multiply
                0x00003cd4      0x148 C:/Renesas/RA/e2studio_v2025-04_fsp_v5.9.0/toolchains/gcc_arm/13.2.rel1/bin/../lib/gcc/arm-none-eabi/13.2.1/thumb/v8-m.main+fp/hard\libg_nano.a(libc_a-mprec.o)
                0x00003cd4                __multiply
 .text.__pow5mult
                0x00003e1c       0xb4 C:/Renesas/RA/e2studio_v2025-04_fsp_v5.9.0/toolchains/gcc_arm/13.2.rel1/bin/../lib/gcc/arm-none-eabi/13.2.1/thumb/v8-m.main+fp/hard\libg_nano.a(libc_a-mprec.o)
                0x00003e1c                __pow5mult
 .text.__lshift
                0x00003ed0       0xd8 C:/Renesas/RA/e2studio_v2025-04_fsp_v5.9.0/toolchains/gcc_arm/13.2.rel1/bin/../lib/gcc/arm-none-eabi/13.2.1/thumb/v8-m.main+fp/hard\libg_nano.a(libc_a-mprec.o)
                0x00003ed0                __lshift
 .text.__mcmp   0x00003fa8       0x36 C:/Renesas/RA/e2studio_v2025-04_fsp_v5.9.0/toolchains/gcc_arm/13.2.rel1/bin/../lib/gcc/arm-none-eabi/13.2.1/thumb/v8-m.main+fp/hard\libg_nano.a(libc_a-mprec.o)
                0x00003fa8                __mcmp
 *fill*         0x00003fde        0x2 ff
 .text.__mdiff  0x00003fe0      0x130 C:/Renesas/RA/e2studio_v2025-04_fsp_v5.9.0/toolchains/gcc_arm/13.2.rel1/bin/../lib/gcc/arm-none-eabi/13.2.1/thumb/v8-m.main+fp/hard\libg_nano.a(libc_a-mprec.o)
                0x00003fe0                __mdiff
 .text.__d2b    0x00004110       0xb0 C:/Renesas/RA/e2studio_v2025-04_fsp_v5.9.0/toolchains/gcc_arm/13.2.rel1/bin/../lib/gcc/arm-none-eabi/13.2.1/thumb/v8-m.main+fp/hard\libg_nano.a(libc_a-mprec.o)
                0x00004110                __d2b
 .text.__ssputs_r
                0x000041c0       0xb6 C:/Renesas/RA/e2studio_v2025-04_fsp_v5.9.0/toolchains/gcc_arm/13.2.rel1/bin/../lib/gcc/arm-none-eabi/13.2.1/thumb/v8-m.main+fp/hard\libg_nano.a(libc_a-nano-svfprintf.o)
                0x000041c0                __ssputs_r
 *fill*         0x00004276        0x2 ff
 .text._svfprintf_r
                0x00004278      0x1f8 C:/Renesas/RA/e2studio_v2025-04_fsp_v5.9.0/toolchains/gcc_arm/13.2.rel1/bin/../lib/gcc/arm-none-eabi/13.2.1/thumb/v8-m.main+fp/hard\libg_nano.a(libc_a-nano-svfprintf.o)
                0x00004278                _svfiprintf_r
                0x00004278                _svfprintf_r
 .text.__sfputc_r
                0x00004470       0x2e C:/Renesas/RA/e2studio_v2025-04_fsp_v5.9.0/toolchains/gcc_arm/13.2.rel1/bin/../lib/gcc/arm-none-eabi/13.2.1/thumb/v8-m.main+fp/hard\libg_nano.a(libc_a-nano-vfprintf.o)
 .text.__sfputs_r
                0x0000449e       0x24 C:/Renesas/RA/e2studio_v2025-04_fsp_v5.9.0/toolchains/gcc_arm/13.2.rel1/bin/../lib/gcc/arm-none-eabi/13.2.1/thumb/v8-m.main+fp/hard\libg_nano.a(libc_a-nano-vfprintf.o)
                0x0000449e                __sfputs_r
 *fill*         0x000044c2        0x2 ff
 .text._vfprintf_r
                0x000044c4      0x230 C:/Renesas/RA/e2studio_v2025-04_fsp_v5.9.0/toolchains/gcc_arm/13.2.rel1/bin/../lib/gcc/arm-none-eabi/13.2.1/thumb/v8-m.main+fp/hard\libg_nano.a(libc_a-nano-vfprintf.o)
                0x000044c4                _vfprintf_r
                0x000044c4                _vfiprintf_r
 .text.__sflush_r
                0x000046f4      0x108 C:/Renesas/RA/e2studio_v2025-04_fsp_v5.9.0/toolchains/gcc_arm/13.2.rel1/bin/../lib/gcc/arm-none-eabi/13.2.1/thumb/v8-m.main+fp/hard\libg_nano.a(libc_a-fflush.o)
                0x000046f4                __sflush_r
 .text._fflush_r
                0x000047fc       0x50 C:/Renesas/RA/e2studio_v2025-04_fsp_v5.9.0/toolchains/gcc_arm/13.2.rel1/bin/../lib/gcc/arm-none-eabi/13.2.1/thumb/v8-m.main+fp/hard\libg_nano.a(libc_a-fflush.o)
                0x000047fc                _fflush_r
 .text.__swhatbuf_r
                0x0000484c       0x4a C:/Renesas/RA/e2studio_v2025-04_fsp_v5.9.0/toolchains/gcc_arm/13.2.rel1/bin/../lib/gcc/arm-none-eabi/13.2.1/thumb/v8-m.main+fp/hard\libg_nano.a(libc_a-makebuf.o)
                0x0000484c                __swhatbuf_r
 .text.__smakebuf_r
                0x00004896       0x78 C:/Renesas/RA/e2studio_v2025-04_fsp_v5.9.0/toolchains/gcc_arm/13.2.rel1/bin/../lib/gcc/arm-none-eabi/13.2.1/thumb/v8-m.main+fp/hard\libg_nano.a(libc_a-makebuf.o)
                0x00004896                __smakebuf_r
 .text.memmove  0x0000490e       0x34 C:/Renesas/RA/e2studio_v2025-04_fsp_v5.9.0/toolchains/gcc_arm/13.2.rel1/bin/../lib/gcc/arm-none-eabi/13.2.1/thumb/v8-m.main+fp/hard\libg_nano.a(libc_a-memmove.o)
                0x0000490e                memmove
 *fill*         0x00004942        0x2 ff
 .text._fstat_r
                0x00004944       0x24 C:/Renesas/RA/e2studio_v2025-04_fsp_v5.9.0/toolchains/gcc_arm/13.2.rel1/bin/../lib/gcc/arm-none-eabi/13.2.1/thumb/v8-m.main+fp/hard\libg_nano.a(libc_a-fstatr.o)
                0x00004944                _fstat_r
 .text._isatty_r
                0x00004968       0x20 C:/Renesas/RA/e2studio_v2025-04_fsp_v5.9.0/toolchains/gcc_arm/13.2.rel1/bin/../lib/gcc/arm-none-eabi/13.2.1/thumb/v8-m.main+fp/hard\libg_nano.a(libc_a-isattyr.o)
                0x00004968                _isatty_r
 .text._sbrk_r  0x00004988       0x20 C:/Renesas/RA/e2studio_v2025-04_fsp_v5.9.0/toolchains/gcc_arm/13.2.rel1/bin/../lib/gcc/arm-none-eabi/13.2.1/thumb/v8-m.main+fp/hard\libg_nano.a(libc_a-sbrkr.o)
                0x00004988                _sbrk_r
 .text._calloc_r
                0x000049a8       0x28 C:/Renesas/RA/e2studio_v2025-04_fsp_v5.9.0/toolchains/gcc_arm/13.2.rel1/bin/../lib/gcc/arm-none-eabi/13.2.1/thumb/v8-m.main+fp/hard\libg_nano.a(libc_a-callocr.o)
                0x000049a8                _calloc_r
 .text.__ascii_mbtowc
                0x000049d0       0x24 C:/Renesas/RA/e2studio_v2025-04_fsp_v5.9.0/toolchains/gcc_arm/13.2.rel1/bin/../lib/gcc/arm-none-eabi/13.2.1/thumb/v8-m.main+fp/hard\libg_nano.a(libc_a-mbtowc_r.o)
                0x000049d0                __ascii_mbtowc
 .text._realloc_r
                0x000049f4       0x5c C:/Renesas/RA/e2studio_v2025-04_fsp_v5.9.0/toolchains/gcc_arm/13.2.rel1/bin/../lib/gcc/arm-none-eabi/13.2.1/thumb/v8-m.main+fp/hard\libg_nano.a(libc_a-reallocr.o)
                0x000049f4                _realloc_r
 .text.__ascii_wctomb
                0x00004a50       0x1a C:/Renesas/RA/e2studio_v2025-04_fsp_v5.9.0/toolchains/gcc_arm/13.2.rel1/bin/../lib/gcc/arm-none-eabi/13.2.1/thumb/v8-m.main+fp/hard\libg_nano.a(libc_a-wctomb_r.o)
                0x00004a50                __ascii_wctomb
 .text._malloc_usable_size_r
                0x00004a6a       0x10 C:/Renesas/RA/e2studio_v2025-04_fsp_v5.9.0/toolchains/gcc_arm/13.2.rel1/bin/../lib/gcc/arm-none-eabi/13.2.1/thumb/v8-m.main+fp/hard\libg_nano.a(libc_a-msizer.o)
                0x00004a6a                _malloc_usable_size_r
 *fill*         0x00004a7a        0x2 ff
 .text          0x00004a7c      0x424 C:/Renesas/RA/e2studio_v2025-04_fsp_v5.9.0/toolchains/gcc_arm/13.2.rel1/bin/../lib/gcc/arm-none-eabi/13.2.1/thumb/v8-m.main+fp/hard\libgcc.a(_arm_muldivdf3.o)
                0x00004a7c                __aeabi_dmul
                0x00004a7c                __muldf3
                0x00004cd0                __divdf3
                0x00004cd0                __aeabi_ddiv
 .text          0x00004ea0      0x110 C:/Renesas/RA/e2studio_v2025-04_fsp_v5.9.0/toolchains/gcc_arm/13.2.rel1/bin/../lib/gcc/arm-none-eabi/13.2.1/thumb/v8-m.main+fp/hard\libgcc.a(_arm_cmpdf2.o)
                0x00004ea0                __gtdf2
                0x00004ea0                __gedf2
                0x00004ea8                __ltdf2
                0x00004ea8                __ledf2
                0x00004eb0                __nedf2
                0x00004eb0                __eqdf2
                0x00004eb0                __cmpdf2
                0x00004f2c                __aeabi_cdrcmple
                0x00004f3c                __aeabi_cdcmpeq
                0x00004f3c                __aeabi_cdcmple
                0x00004f4c                __aeabi_dcmpeq
                0x00004f60                __aeabi_dcmplt
                0x00004f74                __aeabi_dcmple
                0x00004f88                __aeabi_dcmpge
                0x00004f9c                __aeabi_dcmpgt
 .text          0x00004fb0       0x2c C:/Renesas/RA/e2studio_v2025-04_fsp_v5.9.0/toolchains/gcc_arm/13.2.rel1/bin/../lib/gcc/arm-none-eabi/13.2.1/thumb/v8-m.main+fp/hard\libgcc.a(_arm_unorddf2.o)
                0x00004fb0                __unorddf2
                0x00004fb0                __aeabi_dcmpun
 .text          0x00004fdc       0x50 C:/Renesas/RA/e2studio_v2025-04_fsp_v5.9.0/toolchains/gcc_arm/13.2.rel1/bin/../lib/gcc/arm-none-eabi/13.2.1/thumb/v8-m.main+fp/hard\libgcc.a(_arm_fixdfsi.o)
                0x00004fdc                __aeabi_d2iz
                0x00004fdc                __fixdfsi
 .text._close   0x0000502c       0x10 C:/Renesas/RA/e2studio_v2025-04_fsp_v5.9.0/toolchains/gcc_arm/13.2.rel1/bin/../lib/gcc/arm-none-eabi/13.2.1/thumb/v8-m.main+fp/hard\libnosys.a(close.o)
                0x0000502c                _close
 .text._fstat   0x0000503c       0x10 C:/Renesas/RA/e2studio_v2025-04_fsp_v5.9.0/toolchains/gcc_arm/13.2.rel1/bin/../lib/gcc/arm-none-eabi/13.2.1/thumb/v8-m.main+fp/hard\libnosys.a(fstat.o)
                0x0000503c                _fstat
 .text._isatty  0x0000504c       0x10 C:/Renesas/RA/e2studio_v2025-04_fsp_v5.9.0/toolchains/gcc_arm/13.2.rel1/bin/../lib/gcc/arm-none-eabi/13.2.1/thumb/v8-m.main+fp/hard\libnosys.a(isatty.o)
                0x0000504c                _isatty
 .text._lseek   0x0000505c       0x10 C:/Renesas/RA/e2studio_v2025-04_fsp_v5.9.0/toolchains/gcc_arm/13.2.rel1/bin/../lib/gcc/arm-none-eabi/13.2.1/thumb/v8-m.main+fp/hard\libnosys.a(lseek.o)
                0x0000505c                _lseek
 .text._read    0x0000506c       0x10 C:/Renesas/RA/e2studio_v2025-04_fsp_v5.9.0/toolchains/gcc_arm/13.2.rel1/bin/../lib/gcc/arm-none-eabi/13.2.1/thumb/v8-m.main+fp/hard\libnosys.a(read.o)
                0x0000506c                _read
 *(.version)
 .version       0x0000507c       0x50 ./ra/fsp/src/bsp/mcu/all/bsp_common.o
 *(.init)
 .init          0x000050cc        0x4 C:/Renesas/RA/e2studio_v2025-04_fsp_v5.9.0/toolchains/gcc_arm/13.2.rel1/bin/../lib/gcc/arm-none-eabi/13.2.1/thumb/v8-m.main+fp/hard/crti.o
                0x000050cc                _init
 .init          0x000050d0        0x8 C:/Renesas/RA/e2studio_v2025-04_fsp_v5.9.0/toolchains/gcc_arm/13.2.rel1/bin/../lib/gcc/arm-none-eabi/13.2.1/thumb/v8-m.main+fp/hard/crtn.o
 *(.fini)
 .fini          0x000050d8        0x4 C:/Renesas/RA/e2studio_v2025-04_fsp_v5.9.0/toolchains/gcc_arm/13.2.rel1/bin/../lib/gcc/arm-none-eabi/13.2.1/thumb/v8-m.main+fp/hard/crti.o
                0x000050d8                _fini
 .fini          0x000050dc        0x8 C:/Renesas/RA/e2studio_v2025-04_fsp_v5.9.0/toolchains/gcc_arm/13.2.rel1/bin/../lib/gcc/arm-none-eabi/13.2.1/thumb/v8-m.main+fp/hard/crtn.o
 *crtbegin.o(.ctors)
 *crtbegin?.o(.ctors)
 *(EXCLUDE_FILE(*crtend.o *crtend?.o) .ctors)
 *(SORT_BY_NAME(.ctors.*))
 *(.ctors)
 *crtbegin.o(.dtors)
 *crtbegin?.o(.dtors)
 *(EXCLUDE_FILE(*crtend.o *crtend?.o) .dtors)
 *(SORT_BY_NAME(.dtors.*))
 *(.dtors)
 *(.rodata*)
 .rodata.hal_entry.str1.4
                0x000050e4      0x6f5 ./src/hal_entry.o
                                 0x62 (size before relaxing)
 *fill*         0x000057d9        0x3 ff
 .rodata.__func__.3
                0x000057dc        0xa ./src/hal_entry.o
 *fill*         0x000057e6        0x2 ff
 .rodata.g_uart9_cfg
                0x000057e8       0x20 ./ra_gen/hal_data.o
                0x000057e8                g_uart9_cfg
 .rodata.g_uart9_cfg_extend
                0x00005808       0x14 ./ra_gen/hal_data.o
                0x00005808                g_uart9_cfg_extend
 .rodata.g_timer0_cfg
                0x0000581c       0x20 ./ra_gen/hal_data.o
                0x0000581c                g_timer0_cfg
 .rodata.g_timer0_extend
                0x0000583c       0x3c ./ra_gen/hal_data.o
                0x0000583c                g_timer0_extend
 .rodata.g_uart4_cfg
                0x00005878       0x20 ./ra_gen/hal_data.o
                0x00005878                g_uart4_cfg
 .rodata.g_uart4_cfg_extend
                0x00005898       0x14 ./ra_gen/hal_data.o
                0x00005898                g_uart4_cfg_extend
 .rodata.g_bsp_pin_cfg
                0x000058ac        0xc ./ra_gen/pin_data.o
                0x000058ac                g_bsp_pin_cfg
 .rodata.g_bsp_pin_cfg_data
                0x000058b8       0x38 ./ra_gen/pin_data.o
                0x000058b8                g_bsp_pin_cfg_data
 .rodata.g_interrupt_event_link_select
                0x000058f0       0x12 ./ra_gen/vector_data.o
                0x000058f0                g_interrupt_event_link_select
 *fill*         0x00005902        0x2 ff
 .rodata.g_vbatt_pins_input
                0x00005904        0x6 ./ra/fsp/src/r_ioport/r_ioport.o
 *fill*         0x0000590a        0x2 ff
 .rodata.g_prcr_masks
                0x0000590c        0x8 ./ra/fsp/src/bsp/mcu/all/bsp_register_protection.o
 .rodata.ESP8266_SendCmdWaitOk.str1.4
                0x00005914       0xa2 ./ESP8266/ ESP8266.o
 .rodata.ESP8266_SetWiFiMode.str1.4
                0x00005914       0x4a ./ESP8266/ ESP8266.o
 .rodata.ESP8266_ConnectWiFi.str1.4
                0x00005914       0x46 ./ESP8266/ ESP8266.o
 .rodata.ESP8266_MQTTUserConfig.str1.4
                0x00005914       0xba ./ESP8266/ ESP8266.o
 .rodata.ESP8266_MQTTClientIDConfig.str1.4
                0x00005914       0x98 ./ESP8266/ ESP8266.o
 .rodata.ESP8266_MQTTConnect.str1.4
                0x00005914       0x82 ./ESP8266/ ESP8266.o
 .rodata.ESP8266_MQTTSubscribe.str1.4
                0x00005914       0x65 ./ESP8266/ ESP8266.o
 .rodata.ESP8266_MQTTPublish.str1.4
                0x00005914      0x105 ./ESP8266/ ESP8266.o
 .rodata.ESP8266_Init.str1.4
                0x00005914      0x211 ./ESP8266/ ESP8266.o
 .rodata._printf_float.str1.1
                0x00005914      0x137 C:/Renesas/RA/e2studio_v2025-04_fsp_v5.9.0/toolchains/gcc_arm/13.2.rel1/bin/../lib/gcc/arm-none-eabi/13.2.1/thumb/v8-m.main+fp/hard\libg_nano.a(libc_a-nano-vfprintf_float.o)
                                 0x12 (size before relaxing)
 .rodata._printf_i.str1.1
                0x00005a4b       0x22 C:/Renesas/RA/e2studio_v2025-04_fsp_v5.9.0/toolchains/gcc_arm/13.2.rel1/bin/../lib/gcc/arm-none-eabi/13.2.1/thumb/v8-m.main+fp/hard\libg_nano.a(libc_a-nano-vfprintf_i.o)
 .rodata._dtoa_r.str1.1
                0x00005a4b       0x90 C:/Renesas/RA/e2studio_v2025-04_fsp_v5.9.0/toolchains/gcc_arm/13.2.rel1/bin/../lib/gcc/arm-none-eabi/13.2.1/thumb/v8-m.main+fp/hard\libg_nano.a(libc_a-dtoa.o)
 .rodata._Balloc.str1.1
                0x00005a4b       0x71 C:/Renesas/RA/e2studio_v2025-04_fsp_v5.9.0/toolchains/gcc_arm/13.2.rel1/bin/../lib/gcc/arm-none-eabi/13.2.1/thumb/v8-m.main+fp/hard\libg_nano.a(libc_a-mprec.o)
 .rodata.__multadd.str1.1
                0x00005a4b       0x11 C:/Renesas/RA/e2studio_v2025-04_fsp_v5.9.0/toolchains/gcc_arm/13.2.rel1/bin/../lib/gcc/arm-none-eabi/13.2.1/thumb/v8-m.main+fp/hard\libg_nano.a(libc_a-mprec.o)
 *fill*         0x00005a4b        0x1 ff
 .rodata.p05.0  0x00005a4c        0xc C:/Renesas/RA/e2studio_v2025-04_fsp_v5.9.0/toolchains/gcc_arm/13.2.rel1/bin/../lib/gcc/arm-none-eabi/13.2.1/thumb/v8-m.main+fp/hard\libg_nano.a(libc_a-mprec.o)
 .rodata.__mprec_bigtens
                0x00005a58       0x28 C:/Renesas/RA/e2studio_v2025-04_fsp_v5.9.0/toolchains/gcc_arm/13.2.rel1/bin/../lib/gcc/arm-none-eabi/13.2.1/thumb/v8-m.main+fp/hard\libg_nano.a(libc_a-mprec.o)
                0x00005a58                __mprec_bigtens
 .rodata.__mprec_tens
                0x00005a80       0xc8 C:/Renesas/RA/e2studio_v2025-04_fsp_v5.9.0/toolchains/gcc_arm/13.2.rel1/bin/../lib/gcc/arm-none-eabi/13.2.1/thumb/v8-m.main+fp/hard\libg_nano.a(libc_a-mprec.o)
                0x00005a80                __mprec_tens
 .rodata._svfprintf_r.str1.1
                0x00005b48       0x11 C:/Renesas/RA/e2studio_v2025-04_fsp_v5.9.0/toolchains/gcc_arm/13.2.rel1/bin/../lib/gcc/arm-none-eabi/13.2.1/thumb/v8-m.main+fp/hard\libg_nano.a(libc_a-nano-svfprintf.o)
 .rodata._vfprintf_r.str1.1
                0x00005b48       0x11 C:/Renesas/RA/e2studio_v2025-04_fsp_v5.9.0/toolchains/gcc_arm/13.2.rel1/bin/../lib/gcc/arm-none-eabi/13.2.1/thumb/v8-m.main+fp/hard\libg_nano.a(libc_a-nano-vfprintf.o)
 .rodata._setlocale_r.str1.1
                0x00005b48        0x9 C:/Renesas/RA/e2studio_v2025-04_fsp_v5.9.0/toolchains/gcc_arm/13.2.rel1/bin/../lib/gcc/arm-none-eabi/13.2.1/thumb/v8-m.main+fp/hard\libg_nano.a(libc_a-locale.o)
 .rodata.str1.1
                0x00005b48        0x2 C:/Renesas/RA/e2studio_v2025-04_fsp_v5.9.0/toolchains/gcc_arm/13.2.rel1/bin/../lib/gcc/arm-none-eabi/13.2.1/thumb/v8-m.main+fp/hard\libg_nano.a(libc_a-locale.o)
 .rodata._ctype_
                0x00005b48      0x101 C:/Renesas/RA/e2studio_v2025-04_fsp_v5.9.0/toolchains/gcc_arm/13.2.rel1/bin/../lib/gcc/arm-none-eabi/13.2.1/thumb/v8-m.main+fp/hard\libg_nano.a(libc_a-ctype_.o)
                0x00005b48                _ctype_
                0x00005c49                        __usb_dev_descriptor_start_fs = .
 *(.usb_device_desc_fs*)
                0x00005c49                        __usb_cfg_descriptor_start_fs = .
 *(.usb_config_desc_fs*)
                0x00005c49                        __usb_interface_descriptor_start_fs = .
 *(.usb_interface_desc_fs*)
                0x00005c49                        __usb_descriptor_end_fs = .
                0x00005c49                        __usb_dev_descriptor_start_hs = .
 *(.usb_device_desc_hs*)
                0x00005c49                        __usb_cfg_descriptor_start_hs = .
 *(.usb_config_desc_hs*)
                0x00005c49                        __usb_interface_descriptor_start_hs = .
 *(.usb_interface_desc_hs*)
                0x00005c49                        __usb_descriptor_end_hs = .
 *(.eh_frame*)
 *fill*         0x00005c49        0x3 ff
 .eh_frame      0x00005c4c        0x0 C:/Renesas/RA/e2studio_v2025-04_fsp_v5.9.0/toolchains/gcc_arm/13.2.rel1/bin/../lib/gcc/arm-none-eabi/13.2.1/thumb/v8-m.main+fp/hard/crtbegin.o
 .eh_frame      0x00005c4c       0x28 C:/Renesas/RA/e2studio_v2025-04_fsp_v5.9.0/toolchains/gcc_arm/13.2.rel1/bin/../lib/gcc/arm-none-eabi/13.2.1/thumb/v8-m.main+fp/hard\libg_nano.a(libc_a-strlen.o)
 .eh_frame      0x00005c74        0x4 C:/Renesas/RA/e2studio_v2025-04_fsp_v5.9.0/toolchains/gcc_arm/13.2.rel1/bin/../lib/gcc/arm-none-eabi/13.2.1/thumb/v8-m.main+fp/hard/crtend.o
                0x00005c78                        __ROM_End = .
                0x00000064                        __Vectors_Size = (__Vectors_End - __Vectors)

.glue_7         0x00005c78        0x0
 .glue_7        0x00005c78        0x0 linker stubs

.glue_7t        0x00005c78        0x0
 .glue_7t       0x00005c78        0x0 linker stubs

.vfp11_veneer   0x00005c78        0x0
 .vfp11_veneer  0x00005c78        0x0 linker stubs

.v4_bx          0x00005c78        0x0
 .v4_bx         0x00005c78        0x0 linker stubs

.iplt           0x00005c78        0x0
 .iplt          0x00005c78        0x0 C:/Renesas/RA/e2studio_v2025-04_fsp_v5.9.0/toolchains/gcc_arm/13.2.rel1/bin/../lib/gcc/arm-none-eabi/13.2.1/thumb/v8-m.main+fp/hard/crtbegin.o
                0x00005c78                        . = .
                0x00005c78                        __itcm_data_pre_location = .

.itcm_data      0x00000000        0x0 load address 0x00005c80
                0x00000000                        __tz_ITCM_S = ABSOLUTE (ITCM_START)
                0x00000000                        __itcm_data_start = .
 *(.itcm_data*)
                0x00000000                        . = ALIGN (0x8)
                0x00000000                        __itcm_data_end = .
                0x00000000                        __tz_ITCM_N = DEFINED (ITCM_NS_START)?ABSOLUTE (ITCM_NS_START):ALIGN (__itcm_data_end, 0x2000)
                0x00005c80                        __itcm_data_init_start = LOADADDR (.itcm_data)
                0x00005c80                        __itcm_data_init_end = (LOADADDR (.itcm_data) + SIZEOF (.itcm_data))
                0x00000001                        ASSERT (((ORIGIN (ITCM) % 0x8) == 0x0), ITCM memory region origin must be aligned to 8 bytes.)
                0x00000001                        ASSERT (((LENGTH (ITCM) % 0x8) == 0x0), ITCM memory region length must be a multiple of 8 bytes.)
                0x00000001                        ASSERT (((LOADADDR (.itcm_data) % 0x10) == 0x0), .itcm_data section must be aligned to 16 bytes.)
                0x00000001                        ASSERT (((SIZEOF (.itcm_data) % 0x8) == 0x0), .itcm_data section size must be a multiple of 8 bytes.)
                0x00005c78                        . = (SIZEOF (.itcm_data) > 0x0)?__itcm_data_init_end:__itcm_data_pre_location
                0x00005c78                        __exidx_start = .

/DISCARD/
 *(.ARM.extab* .gnu.linkonce.armextab.*)
 *(.ARM.exidx* .gnu.linkonce.armexidx.*)
                0x00005c78                        __exidx_end = .
                0x00005c78                        __etext = .
                0x20000000                        __tz_RAM_S = ORIGIN (RAM)

.fsp_dtc_vector_table
                0x20000000        0x0
                0x20000000                        . = ORIGIN (RAM)
 *(.fsp_dtc_vector_table)

.data           0x20000000      0x1dc load address 0x00005c78
                0x20000000                        __data_start__ = .
                0x20000000                        . = ALIGN (0x4)
                0x20000000                        __Code_In_RAM_Start = .
 *(.code_in_ram*)
                0x20000000                        __Code_In_RAM_End = .
 *(vtable)
 *(.data.*)
 .data.fake_temperature.0
                0x20000000        0x4 ./src/hal_entry.o
 .data.g_uart9_baud_setting
                0x20000004        0x4 ./ra_gen/hal_data.o
                0x20000004                g_uart9_baud_setting
 .data.g_uart4_baud_setting
                0x20000008        0x4 ./ra_gen/hal_data.o
                0x20000008                g_uart4_baud_setting
 .data.__sglue  0x2000000c        0xc C:/Renesas/RA/e2studio_v2025-04_fsp_v5.9.0/toolchains/gcc_arm/13.2.rel1/bin/../lib/gcc/arm-none-eabi/13.2.1/thumb/v8-m.main+fp/hard\libg_nano.a(libc_a-findfp.o)
                0x2000000c                __sglue
 .data._impure_ptr
                0x20000018        0x4 C:/Renesas/RA/e2studio_v2025-04_fsp_v5.9.0/toolchains/gcc_arm/13.2.rel1/bin/../lib/gcc/arm-none-eabi/13.2.1/thumb/v8-m.main+fp/hard\libg_nano.a(libc_a-impure.o)
                0x20000018                _impure_ptr
 .data._impure_data
                0x2000001c       0x4c C:/Renesas/RA/e2studio_v2025-04_fsp_v5.9.0/toolchains/gcc_arm/13.2.rel1/bin/../lib/gcc/arm-none-eabi/13.2.1/thumb/v8-m.main+fp/hard\libg_nano.a(libc_a-impure.o)
                0x2000001c                _impure_data
 .data.__global_locale
                0x20000068      0x16c C:/Renesas/RA/e2studio_v2025-04_fsp_v5.9.0/toolchains/gcc_arm/13.2.rel1/bin/../lib/gcc/arm-none-eabi/13.2.1/thumb/v8-m.main+fp/hard\libg_nano.a(libc_a-locale.o)
                0x20000068                __global_locale
 *(.data)
                0x200001d4                        . = ALIGN (0x4)
                0x200001d4                        PROVIDE (__preinit_array_start = .)
 *(.preinit_array)
                0x200001d4                        PROVIDE (__preinit_array_end = .)
                0x200001d4                        . = ALIGN (0x4)
                0x200001d4                        PROVIDE (__init_array_start = .)
 *(SORT_BY_NAME(.init_array.*))
 *(.init_array)
 .init_array    0x200001d4        0x4 C:/Renesas/RA/e2studio_v2025-04_fsp_v5.9.0/toolchains/gcc_arm/13.2.rel1/bin/../lib/gcc/arm-none-eabi/13.2.1/thumb/v8-m.main+fp/hard/crtbegin.o
                0x200001d8                        PROVIDE (__init_array_end = .)
                0x200001d8                        . = ALIGN (0x4)
                [!provide]                        PROVIDE (__fini_array_start = .)
 *(SORT_BY_NAME(.fini_array.*))
 *(.fini_array)
 .fini_array    0x200001d8        0x4 C:/Renesas/RA/e2studio_v2025-04_fsp_v5.9.0/toolchains/gcc_arm/13.2.rel1/bin/../lib/gcc/arm-none-eabi/13.2.1/thumb/v8-m.main+fp/hard/crtbegin.o
                [!provide]                        PROVIDE (__fini_array_end = .)
 *(.jcr*)
                0x200001dc                        . = ALIGN (0x4)
                0x200001dc                        __data_end__ = .

.tm_clone_table
                0x200001dc        0x0 load address 0x00005e54
 .tm_clone_table
                0x200001dc        0x0 C:/Renesas/RA/e2studio_v2025-04_fsp_v5.9.0/toolchains/gcc_arm/13.2.rel1/bin/../lib/gcc/arm-none-eabi/13.2.1/thumb/v8-m.main+fp/hard/crtbegin.o
 .tm_clone_table
                0x200001dc        0x0 C:/Renesas/RA/e2studio_v2025-04_fsp_v5.9.0/toolchains/gcc_arm/13.2.rel1/bin/../lib/gcc/arm-none-eabi/13.2.1/thumb/v8-m.main+fp/hard/crtend.o

.igot.plt       0x200001dc        0x0 load address 0x00005e54
 .igot.plt      0x200001dc        0x0 C:/Renesas/RA/e2studio_v2025-04_fsp_v5.9.0/toolchains/gcc_arm/13.2.rel1/bin/../lib/gcc/arm-none-eabi/13.2.1/thumb/v8-m.main+fp/hard/crtbegin.o
                0x200001dc                        . = .
                0x00005e54                        __dtcm_data_pre_location = (LOADADDR (.data) + SIZEOF (.data))

.dtcm_data      0x00000000        0x0 load address 0x00005e60
                0x00000000                        __tz_DTCM_S = ABSOLUTE (DTCM_START)
                0x00000000                        __dtcm_data_start = .
 *(.dtcm_data*)
                0x00000000                        . = ALIGN (0x8)
                0x00000000                        __dtcm_data_end = .
                0x00000000                        . = __dtcm_data_end

.dtcm_bss       0x00000000        0x0
                0x00000000                        __dtcm_bss_start = .
 *(.dtcm_bss*)
                0x00000000                        . = ALIGN (0x8)
                0x00000000                        __dtcm_bss_end = .
                0x00000000                        __tz_DTCM_N = DEFINED (DTCM_NS_START)?ABSOLUTE (DTCM_NS_START):ALIGN (__dtcm_bss_end, 0x2000)
                0x00005e60                        __dtcm_data_init_start = LOADADDR (.dtcm_data)
                0x00005e60                        __dtcm_data_init_end = (LOADADDR (.dtcm_data) + SIZEOF (.dtcm_data))
                0x00000001                        ASSERT (((ORIGIN (DTCM) % 0x8) == 0x0), DTCM memory region origin must be aligned to 8 bytes.)
                0x00000001                        ASSERT (((LENGTH (DTCM) % 0x8) == 0x0), DTCM memory region length must be a multiple of 8 bytes.)
                0x00000001                        ASSERT ((LOADADDR (.dtcm_bss) == ADDR (.dtcm_bss)), .dtcm_bss has (VMA != LMA) but should be NOLOAD (VMA == LMA).)
                0x00000001                        ASSERT (((LOADADDR (.dtcm_data) % 0x10) == 0x0), .dtcm_data section must be aligned to 16 bytes.)
                0x00000001                        ASSERT (((SIZEOF (.dtcm_data) % 0x8) == 0x0), .dtcm_data section size must be a multiple of 8 bytes.)
                0x00000001                        ASSERT (((LOADADDR (.dtcm_bss) % 0x8) == 0x0), .dtcm_bss section must be aligned to 8 bytes.)
                0x00000001                        ASSERT (((SIZEOF (.dtcm_bss) % 0x8) == 0x0), .dtcm_bss section size must be a multiple of 8 bytes.)
                0x00000001                        ASSERT ((__dtcm_bss_start == __dtcm_data_end), .dtcm_bss section is not adjacent to .dtcm_data section.)
                0x00005e54                        . = (SIZEOF (.dtcm_data) > 0x0)?__dtcm_data_init_end:__dtcm_data_pre_location
                0x00005e54                        sgstubs_pre_location = .
                0x00006000                        SGSTUBS_LOC = (DEFINED (PROJECT_SECURE) && DEFINED (FLASH_NSC_START))?ABSOLUTE (FLASH_NSC_START):ALIGN (0x400)

.gnu.sgstubs    0x00006000        0x0
                0x00006000                        __tz_FLASH_C = DEFINED (FLASH_NSC_START)?ABSOLUTE (FLASH_NSC_START):__RESERVE_NS_RAM?ABSOLUTE ((FLASH_START + FLASH_LENGTH)):ALIGN (0x400)
                0x00006000                        _start_sg = .
 *(.gnu.sgstubs*)
                0x00006000                        . = ALIGN (0x20)
                0x00006000                        _end_sg = .
                0x00008000                        __tz_FLASH_N = DEFINED (FLASH_NS_START)?ABSOLUTE (FLASH_NS_START):__RESERVE_NS_RAM?ABSOLUTE ((FLASH_START + FLASH_LENGTH)):(FLASH_LENGTH < 0x8000)?FLASH_LENGTH:ALIGN (0x8000)
                0x00008000                        FLASH_NS_IMAGE_START = DEFINED (FLASH_NS_IMAGE_START)?FLASH_NS_IMAGE_START:__tz_FLASH_N
                0x60000000                        __tz_QSPI_FLASH_S = ORIGIN (QSPI_FLASH)

.qspi_flash     0x60000000        0x0
                0x60000000                        __qspi_flash_start__ = .
 *(.qspi_flash*)
 *(.code_in_qspi*)
                0x60000000                        __qspi_flash_end__ = .
                0x00000000                        __qspi_flash_code_size__ = (__qspi_flash_end__ - __qspi_flash_start__)
                0x00005e54                        __qspi_flash_code_addr__ = sgstubs_pre_location

.qspi_non_retentive
                0x60000000        0x0 load address 0x00005e54
                0x60000000                        __qspi_non_retentive_start__ = .
 *(.qspi_non_retentive*)
                0x60000000                        __qspi_non_retentive_end__ = .
                0x00000000                        __qspi_non_retentive_size__ = (__qspi_non_retentive_end__ - __qspi_non_retentive_start__)
                0x04000000                        __qspi_region_max_size__ = 0x4000000
                0x60000000                        __qspi_region_start_address__ = __qspi_flash_start__
                0x64000000                        __qspi_region_end_address__ = (__qspi_flash_start__ + __qspi_region_max_size__)
                0x60000000                        __tz_QSPI_FLASH_N = __qspi_non_retentive_end__

.OSPI_DEVICE_0_NO_LOAD
                0x80020000        0x0
                0x80020000                        . = ALIGN (0x4)
                0x80020000                        __ospi_device_0_start__ = .
 *(.ospi_device_0_no_load*)
                0x80020000                        . = ALIGN (0x4)
                0x80020000                        __ospi_device_0_end__ = .

.OSPI_DEVICE_1_NO_LOAD
                0x80030000        0x0
                0x80030000                        . = ALIGN (0x4)
                0x80030000                        __ospi_device_1_start__ = .
 *(.ospi_device_1_no_load*)
                0x80030000                        . = ALIGN (0x4)
                0x80030000                        __ospi_device_1_end__ = .
                0x80020000                        __tz_OSPI_DEVICE_0_S = ORIGIN (OSPI_DEVICE_0)

.OSPI_DEVICE_0  0x80020000        0x0
                0x80020000                        __ospi_device_0_start__ = .
 *(.ospi_device_0*)
 *(.code_in_ospi_device_0*)
                0x80020000                        __ospi_device_0_end__ = .
                0x00000000                        __ospi_device_0_code_size__ = (__ospi_device_0_end__ - __ospi_device_0_start__)
                0x00005e54                        __ospi_device_0_code_addr__ = (sgstubs_pre_location + SIZEOF (.qspi_non_retentive))

.ospi_device_0_non_retentive
                0x80020000        0x0 load address 0x00005e54
                0x80020000                        __ospi_device_0_non_retentive_start__ = .
 *(.ospi_device_0_non_retentive*)
                0x80020000                        __ospi_device_0_non_retentive_end__ = .
                0x00000000                        __ospi_device_0_non_retentive_size__ = (__ospi_device_0_non_retentive_end__ - __ospi_device_0_non_retentive_start__)
                0x08000000                        __ospi_device_0_region_max_size__ = 0x8000000
                0x80020000                        __ospi_device_0_region_start_address__ = __ospi_device_0_start__
                0x88020000                        __ospi_device_0_region_end_address__ = (__ospi_device_0_start__ + __ospi_device_0_region_max_size__)
                0x80020000                        __tz_OSPI_DEVICE_0_N = __ospi_device_0_non_retentive_end__
                0x80030000                        __tz_OSPI_DEVICE_1_S = ORIGIN (OSPI_DEVICE_1)

.OSPI_DEVICE_1  0x80030000        0x0
                0x80030000                        __ospi_device_1_start__ = .
 *(.ospi_device_1*)
 *(.code_in_ospi_device_1*)
                0x80030000                        __ospi_device_1_end__ = .
                0x00000000                        __ospi_device_1_code_size__ = (__ospi_device_1_end__ - __ospi_device_1_start__)
                0x00005e54                        __ospi_device_1_code_addr__ = (sgstubs_pre_location + (SIZEOF (.qspi_non_retentive) + SIZEOF (.ospi_device_0_non_retentive)))

.ospi_device_1_non_retentive
                0x80030000        0x0 load address 0x00005e54
                0x80030000                        __ospi_device_1_non_retentive_start__ = .
 *(.ospi_device_1_non_retentive*)
                0x80030000                        __ospi_device_1_non_retentive_end__ = .
                0x00000000                        __ospi_device_1_non_retentive_size__ = (__ospi_device_1_non_retentive_end__ - __ospi_device_1_non_retentive_start__)
                0x10000000                        __ospi_device_1_region_max_size__ = 0x10000000
                0x80030000                        __ospi_device_1_region_start_address__ = __ospi_device_1_start__
                0x90030000                        __ospi_device_1_region_end_address__ = (__ospi_device_1_start__ + __ospi_device_1_region_max_size__)
                0x80030000                        __tz_OSPI_DEVICE_1_N = __ospi_device_1_non_retentive_end__

.noinit         0x200001dc       0x1c
                0x200001dc                        . = ALIGN (0x4)
                0x200001dc                        __noinit_start = .
 *(.noinit*)
 .noinit        0x200001dc       0x1c ./ra/fsp/src/bsp/mcu/all/bsp_clocks.o
                0x200001f8                        . = ALIGN (0x8)
 *(.heap.*)
                0x200001f8                        __noinit_end = .

.bss            0x200001f8      0x878
                0x200001f8                        . = ALIGN (0x4)
                0x200001f8                        __bss_start__ = .
 *(.bss*)
 .bss.completed.1
                0x200001f8        0x1 C:/Renesas/RA/e2studio_v2025-04_fsp_v5.9.0/toolchains/gcc_arm/13.2.rel1/bin/../lib/gcc/arm-none-eabi/13.2.1/thumb/v8-m.main+fp/hard/crtbegin.o
 *fill*         0x200001f9        0x3 
 .bss.object.0  0x200001fc       0x18 C:/Renesas/RA/e2studio_v2025-04_fsp_v5.9.0/toolchains/gcc_arm/13.2.rel1/bin/../lib/gcc/arm-none-eabi/13.2.1/thumb/v8-m.main+fp/hard/crtbegin.o
 .bss.sec_count.1
                0x20000214        0x1 ./src/hal_entry.o
 .bss.esp8266_inited.2
                0x20000215        0x1 ./src/hal_entry.o
 .bss.dht11_i   0x20000216        0x2 ./src/hal_entry.o
                0x20000216                dht11_i
 .bss.temp_decimal
                0x20000218        0x1 ./src/hal_entry.o
                0x20000218                temp_decimal
 .bss.temp_integer
                0x20000219        0x1 ./src/hal_entry.o
                0x20000219                temp_integer
 .bss.humdity_decimal
                0x2000021a        0x1 ./src/hal_entry.o
                0x2000021a                humdity_decimal
 .bss.humdity_integer
                0x2000021b        0x1 ./src/hal_entry.o
                0x2000021b                humdity_integer
 .bss.gpt0_flag
                0x2000021c        0x1 ./src/hal_entry.o
                0x2000021c                gpt0_flag
 .bss.uart4_tx_flag
                0x2000021d        0x1 ./src/hal_entry.o
                0x2000021d                uart4_tx_flag
 .bss.Rx_flag_finish
                0x2000021e        0x1 ./src/hal_entry.o
                0x2000021e                Rx_flag_finish
 *fill*         0x2000021f        0x1 
 .bss.RxLine    0x20000220        0x2 ./src/hal_entry.o
                0x20000220                RxLine
 *fill*         0x20000222        0x2 
 .bss.wifi_rb   0x20000224      0x400 ./src/hal_entry.o
                0x20000224                wifi_rb
 .bss.uart_send_complete_flag
                0x20000624        0x1 ./src/hal_entry.o
                0x20000624                uart_send_complete_flag
 *fill*         0x20000625        0x3 
 .bss.err       0x20000628        0x4 ./src/hal_entry.o
                0x20000628                err
 .bss.g_ioport_ctrl
                0x2000062c        0x8 ./ra_gen/common_data.o
                0x2000062c                g_ioport_ctrl
 .bss.g_uart9_ctrl
                0x20000634       0x30 ./ra_gen/hal_data.o
                0x20000634                g_uart9_ctrl
 .bss.g_timer0_ctrl
                0x20000664       0x20 ./ra_gen/hal_data.o
                0x20000664                g_timer0_ctrl
 .bss.g_uart4_ctrl
                0x20000684       0x30 ./ra_gen/hal_data.o
                0x20000684                g_uart4_ctrl
 .bss.g_bsp_group_irq_sources
                0x200006b4       0x38 ./ra/fsp/src/bsp/mcu/all/bsp_group_irq.o
                0x200006b4                g_bsp_group_irq_sources
 .bss.g_protect_pfswe_counter
                0x200006ec        0x4 ./ra/fsp/src/bsp/mcu/all/bsp_io.o
                0x200006ec                g_protect_pfswe_counter
 .bss.gp_renesas_isr_context
                0x200006f0       0x24 ./ra/fsp/src/bsp/mcu/all/bsp_irq.o
                0x200006f0                gp_renesas_isr_context
 .bss.g_protect_counters
                0x20000714        0x8 ./ra/fsp/src/bsp/mcu/all/bsp_register_protection.o
                0x20000714                g_protect_counters
 .bss.current_heap_end.0
                0x2000071c        0x4 ./ra/fsp/src/bsp/mcu/all/bsp_sbrk.o
 .bss.SystemCoreClock
                0x20000720        0x4 ./ra/fsp/src/bsp/cmsis/Device/RENESAS/Source/system.o
                0x20000720                SystemCoreClock
 .bss.cmd       0x20000724      0x200 ./ESP8266/ ESP8266.o
                0x20000724                cmd
 .bss.__sf      0x20000924      0x138 C:/Renesas/RA/e2studio_v2025-04_fsp_v5.9.0/toolchains/gcc_arm/13.2.rel1/bin/../lib/gcc/arm-none-eabi/13.2.1/thumb/v8-m.main+fp/hard\libg_nano.a(libc_a-findfp.o)
                0x20000924                __sf
 .bss.__stdio_exit_handler
                0x20000a5c        0x4 C:/Renesas/RA/e2studio_v2025-04_fsp_v5.9.0/toolchains/gcc_arm/13.2.rel1/bin/../lib/gcc/arm-none-eabi/13.2.1/thumb/v8-m.main+fp/hard\libg_nano.a(libc_a-findfp.o)
                0x20000a5c                __stdio_exit_handler
 .bss.errno     0x20000a60        0x4 C:/Renesas/RA/e2studio_v2025-04_fsp_v5.9.0/toolchains/gcc_arm/13.2.rel1/bin/../lib/gcc/arm-none-eabi/13.2.1/thumb/v8-m.main+fp/hard\libg_nano.a(libc_a-reent.o)
                0x20000a60                errno
 .bss.__lock___malloc_recursive_mutex
                0x20000a64        0x1 C:/Renesas/RA/e2studio_v2025-04_fsp_v5.9.0/toolchains/gcc_arm/13.2.rel1/bin/../lib/gcc/arm-none-eabi/13.2.1/thumb/v8-m.main+fp/hard\libg_nano.a(libc_a-lock.o)
                0x20000a64                __lock___malloc_recursive_mutex
 .bss.__lock___sfp_recursive_mutex
                0x20000a65        0x1 C:/Renesas/RA/e2studio_v2025-04_fsp_v5.9.0/toolchains/gcc_arm/13.2.rel1/bin/../lib/gcc/arm-none-eabi/13.2.1/thumb/v8-m.main+fp/hard\libg_nano.a(libc_a-lock.o)
                0x20000a65                __lock___sfp_recursive_mutex
 *fill*         0x20000a66        0x2 
 .bss.__malloc_sbrk_start
                0x20000a68        0x4 C:/Renesas/RA/e2studio_v2025-04_fsp_v5.9.0/toolchains/gcc_arm/13.2.rel1/bin/../lib/gcc/arm-none-eabi/13.2.1/thumb/v8-m.main+fp/hard\libg_nano.a(libc_a-mallocr.o)
                0x20000a68                __malloc_sbrk_start
 .bss.__malloc_free_list
                0x20000a6c        0x4 C:/Renesas/RA/e2studio_v2025-04_fsp_v5.9.0/toolchains/gcc_arm/13.2.rel1/bin/../lib/gcc/arm-none-eabi/13.2.1/thumb/v8-m.main+fp/hard\libg_nano.a(libc_a-mallocr.o)
                0x20000a6c                __malloc_free_list
 *(COMMON)
                0x20000a70                        . = ALIGN (0x4)
                0x20000a70                        __bss_end__ = .

.heap           0x20000a70     0x2000
                0x20000a70                        . = ALIGN (0x8)
                0x20000a70                        __HeapBase = .
 *(.heap)
 .heap          0x20000a70     0x2000 ./ra/fsp/src/bsp/cmsis/Device/RENESAS/Source/startup.o
                0x20002a70                        __HeapLimit = .

.stack_dummy    0x20002a70      0x400
                0x20002a70                        . = ALIGN (0x8)
                0x20002a70                        __StackLimit = .
 *(.stack)
 .stack         0x20002a70      0x400 ./ra/fsp/src/bsp/cmsis/Device/RENESAS/Source/startup.o
                0x20002e70                        __StackTop = .
 *(.stack*)
                0x20002e70                        __StackTopAll = .
                0x20002e70                        PROVIDE (__stack = __StackTopAll)
                0x20002e70                        __RAM_segment_used_end__ = ALIGN (__StackTopAll, 0x4)
                0x20003000                        __tz_RAM_C = DEFINED (RAM_NSC_START)?ABSOLUTE ((RAM_NSC_START - RAM_NS_BUFFER_BLOCK_LENGTH)):__RESERVE_NS_RAM?ABSOLUTE (RAM_NS_BUFFER_BLOCK_START):ALIGN (__RAM_segment_used_end__, 0x400)
                0x20004000                        __tz_RAM_N = DEFINED (RAM_NS_START)?ABSOLUTE ((RAM_NS_START - RAM_NS_BUFFER_BLOCK_LENGTH)):__RESERVE_NS_RAM?ABSOLUTE (RAM_NS_BUFFER_BLOCK_START):ALIGN (__tz_RAM_C, 0x2000)

.ns_buffer      0x20002e70        0x0
                0x20002e70                        . = __RESERVE_NS_RAM?ABSOLUTE ((RAM_NS_BUFFER_START & 0xffffffe0)):.
 *(.ns_buffer*)

.data_flash     0x08000000        0x0
                0x08000000                        . = ORIGIN (DATA_FLASH)
                0x08000000                        __tz_DATA_FLASH_S = .
                0x08000000                        __Data_Flash_Start = .
 *(.data_flash*)
                0x08000000                        __Data_Flash_End = .
                0x08000000                        __tz_DATA_FLASH_N = DEFINED (DATA_FLASH_NS_START)?ABSOLUTE (DATA_FLASH_NS_START):__RESERVE_NS_RAM?ABSOLUTE ((DATA_FLASH_START + DATA_FLASH_LENGTH)):ALIGN (0x400)
                0x80010000                        __tz_SDRAM_S = ORIGIN (SDRAM)

.sdram          0x80010000        0x0
                0x80010000                        __SDRAM_Start = .
 *(.sdram*)
 *(.frame*)
                0x80010000                        __SDRAM_End = .
                0x80010000                        __tz_SDRAM_N = __SDRAM_End
                0x00000000                        __tz_ID_CODE_S = ORIGIN (ID_CODE)
                0x00000000                        __tz_ID_CODE_N = __tz_ID_CODE_S

.id_code        0x00000000        0x0
                0x00000000                        __ID_Code_Start = .
 *(.id_code*)
                0x00000000                        __ID_Code_End = .
                0x0100a100                        __tz_OPTION_SETTING_S = ORIGIN (OPTION_SETTING_OFS)

.option_setting_ofs
                0x0100a100       0x10
                0x0100a100                        __OPTION_SETTING_OFS_Start = .
 *(.option_setting_ofs0)
 .option_setting_ofs0
                0x0100a100        0x4 ./ra/fsp/src/bsp/mcu/all/bsp_rom_registers.o
                0x0100a104                        . = PROJECT_SECURE_OR_FLAT?(__OPTION_SETTING_OFS_Start + 0x4):__OPTION_SETTING_OFS_Start
 *(.option_setting_ofs2)
                0x0100a110                        . = PROJECT_SECURE_OR_FLAT?(__OPTION_SETTING_OFS_Start + 0x10):__OPTION_SETTING_OFS_Start
 *fill*         0x0100a104        0xc ff
 *(.option_setting_dualsel)
                0x0100a110                        __OPTION_SETTING_OFS_End = .

.option_setting_sas
                0x0100a134        0x4
                0x0100a134                        __OPTION_SETTING_SAS_Start = .
 *(.option_setting_sas)
 .option_setting_sas
                0x0100a134        0x4 ./ra/fsp/src/bsp/mcu/all/bsp_rom_registers.o
                0x0100a138                        __OPTION_SETTING_SAS_End = .
                0x0100a180                        __tz_OPTION_SETTING_N = ABSOLUTE (OPTION_SETTING_START_NS)

.option_setting_ns
                0x0100a100        0x0
                0x0100a100                        __OPTION_SETTING_NS_Start = .
 *(.option_setting_ofs1)
                0x0100a100                        . = USE_OPTION_SETTING_NS?(__OPTION_SETTING_NS_Start + 0x4):__OPTION_SETTING_NS_Start
 *(.option_setting_ofs3)
                0x0100a100                        . = USE_OPTION_SETTING_NS?(__OPTION_SETTING_NS_Start + 0x10):__OPTION_SETTING_NS_Start
 *(.option_setting_banksel)
                0x0100a100                        . = USE_OPTION_SETTING_NS?(__OPTION_SETTING_NS_Start + 0x40):__OPTION_SETTING_NS_Start
 *(.option_setting_bps0)
                0x0100a100                        . = USE_OPTION_SETTING_NS?(__OPTION_SETTING_NS_Start + 0x44):__OPTION_SETTING_NS_Start
 *(.option_setting_bps1)
                0x0100a100                        . = USE_OPTION_SETTING_NS?(__OPTION_SETTING_NS_Start + 0x48):__OPTION_SETTING_NS_Start
 *(.option_setting_bps2)
                0x0100a100                        . = USE_OPTION_SETTING_NS?(__OPTION_SETTING_NS_Start + 0x4c):__OPTION_SETTING_NS_Start
 *(.option_setting_bps3)
                0x0100a100                        . = USE_OPTION_SETTING_NS?(__OPTION_SETTING_NS_Start + 0x60):__OPTION_SETTING_NS_Start
 *(.option_setting_pbps0)
                0x0100a100                        . = USE_OPTION_SETTING_NS?(__OPTION_SETTING_NS_Start + 0x64):__OPTION_SETTING_NS_Start
 *(.option_setting_pbps1)
                0x0100a100                        . = USE_OPTION_SETTING_NS?(__OPTION_SETTING_NS_Start + 0x68):__OPTION_SETTING_NS_Start
 *(.option_setting_pbps2)
                0x0100a100                        . = USE_OPTION_SETTING_NS?(__OPTION_SETTING_NS_Start + 0x6c):__OPTION_SETTING_NS_Start
 *(.option_setting_pbps3)
                0x0100a100                        __OPTION_SETTING_NS_End = .
                0x0100a200                        __tz_OPTION_SETTING_S_S = ORIGIN (OPTION_SETTING_S)

.option_setting_s
                0x0100a200       0xd0
                0x0100a200                        __OPTION_SETTING_S_Start = .
 *(.option_setting_ofs1_sec)
 .option_setting_ofs1_sec
                0x0100a200        0x4 ./ra/fsp/src/bsp/mcu/all/bsp_rom_registers.o
                0x0100a204                        . = PROJECT_SECURE_OR_FLAT?(__OPTION_SETTING_S_Start + 0x4):__OPTION_SETTING_S_Start
 *(.option_setting_ofs3_sec)
                0x0100a210                        . = PROJECT_SECURE_OR_FLAT?(__OPTION_SETTING_S_Start + 0x10):__OPTION_SETTING_S_Start
 *fill*         0x0100a204        0xc ff
 *(.option_setting_banksel_sec)
 .option_setting_banksel_sec
                0x0100a210        0x4 ./ra/fsp/src/bsp/mcu/all/bsp_rom_registers.o
                0x0100a240                        . = PROJECT_SECURE_OR_FLAT?(__OPTION_SETTING_S_Start + 0x40):__OPTION_SETTING_S_Start
 *fill*         0x0100a214       0x2c ff
 *(.option_setting_bps_sec0)
 .option_setting_bps_sec0
                0x0100a240        0x4 ./ra/fsp/src/bsp/mcu/all/bsp_rom_registers.o
                0x0100a244                        . = PROJECT_SECURE_OR_FLAT?(__OPTION_SETTING_S_Start + 0x44):__OPTION_SETTING_S_Start
 *(.option_setting_bps_sec1)
 .option_setting_bps_sec1
                0x0100a244        0x4 ./ra/fsp/src/bsp/mcu/all/bsp_rom_registers.o
                0x0100a248                        . = PROJECT_SECURE_OR_FLAT?(__OPTION_SETTING_S_Start + 0x48):__OPTION_SETTING_S_Start
 *(.option_setting_bps_sec2)
 .option_setting_bps_sec2
                0x0100a248        0x4 ./ra/fsp/src/bsp/mcu/all/bsp_rom_registers.o
                0x0100a24c                        . = PROJECT_SECURE_OR_FLAT?(__OPTION_SETTING_S_Start + 0x4c):__OPTION_SETTING_S_Start
 *(.option_setting_bps_sec3)
 .option_setting_bps_sec3
                0x0100a24c        0x4 ./ra/fsp/src/bsp/mcu/all/bsp_rom_registers.o
                0x0100a260                        . = PROJECT_SECURE_OR_FLAT?(__OPTION_SETTING_S_Start + 0x60):__OPTION_SETTING_S_Start
 *fill*         0x0100a250       0x10 ff
 *(.option_setting_pbps_sec0)
 .option_setting_pbps_sec0
                0x0100a260        0x4 ./ra/fsp/src/bsp/mcu/all/bsp_rom_registers.o
                0x0100a264                        . = PROJECT_SECURE_OR_FLAT?(__OPTION_SETTING_S_Start + 0x64):__OPTION_SETTING_S_Start
 *(.option_setting_pbps_sec1)
 .option_setting_pbps_sec1
                0x0100a264        0x4 ./ra/fsp/src/bsp/mcu/all/bsp_rom_registers.o
                0x0100a268                        . = PROJECT_SECURE_OR_FLAT?(__OPTION_SETTING_S_Start + 0x68):__OPTION_SETTING_S_Start
 *(.option_setting_pbps_sec2)
 .option_setting_pbps_sec2
                0x0100a268        0x4 ./ra/fsp/src/bsp/mcu/all/bsp_rom_registers.o
                0x0100a26c                        . = PROJECT_SECURE_OR_FLAT?(__OPTION_SETTING_S_Start + 0x6c):__OPTION_SETTING_S_Start
 *(.option_setting_pbps_sec3)
 .option_setting_pbps_sec3
                0x0100a26c        0x4 ./ra/fsp/src/bsp/mcu/all/bsp_rom_registers.o
                0x0100a280                        . = PROJECT_SECURE_OR_FLAT?(__OPTION_SETTING_S_Start + 0x80):__OPTION_SETTING_S_Start
 *fill*         0x0100a270       0x10 ff
 *(.option_setting_ofs1_sel)
 .option_setting_ofs1_sel
                0x0100a280        0x4 ./ra/fsp/src/bsp/mcu/all/bsp_rom_registers.o
                0x0100a284                        . = PROJECT_SECURE_OR_FLAT?(__OPTION_SETTING_S_Start + 0x84):__OPTION_SETTING_S_Start
 *(.option_setting_ofs3_sel)
                0x0100a290                        . = PROJECT_SECURE_OR_FLAT?(__OPTION_SETTING_S_Start + 0x90):__OPTION_SETTING_S_Start
 *fill*         0x0100a284        0xc ff
 *(.option_setting_banksel_sel)
                0x0100a2c0                        . = PROJECT_SECURE_OR_FLAT?(__OPTION_SETTING_S_Start + 0xc0):__OPTION_SETTING_S_Start
 *fill*         0x0100a290       0x30 ff
 *(.option_setting_bps_sel0)
 .option_setting_bps_sel0
                0x0100a2c0        0x4 ./ra/fsp/src/bsp/mcu/all/bsp_rom_registers.o
                0x0100a2c4                        . = PROJECT_SECURE_OR_FLAT?(__OPTION_SETTING_S_Start + 0xc4):__OPTION_SETTING_S_Start
 *(.option_setting_bps_sel1)
 .option_setting_bps_sel1
                0x0100a2c4        0x4 ./ra/fsp/src/bsp/mcu/all/bsp_rom_registers.o
                0x0100a2c8                        . = PROJECT_SECURE_OR_FLAT?(__OPTION_SETTING_S_Start + 0xc8):__OPTION_SETTING_S_Start
 *(.option_setting_bps_sel2)
 .option_setting_bps_sel2
                0x0100a2c8        0x4 ./ra/fsp/src/bsp/mcu/all/bsp_rom_registers.o
                0x0100a2cc                        . = PROJECT_SECURE_OR_FLAT?(__OPTION_SETTING_S_Start + 0xcc):__OPTION_SETTING_S_Start
 *(.option_setting_bps_sel3)
 .option_setting_bps_sel3
                0x0100a2cc        0x4 ./ra/fsp/src/bsp/mcu/all/bsp_rom_registers.o
                0x0100a2d0                        __OPTION_SETTING_S_End = .
                0x0100a2d0                        __tz_OPTION_SETTING_S_N = __OPTION_SETTING_S_End
OUTPUT(RA4M2_MINI_IOT_Project1_10.elf elf32-littlearm)
LOAD linker stubs

.rel.dyn        0x0100a2d0        0x0
 .rel.iplt      0x0100a2d0        0x0 C:/Renesas/RA/e2studio_v2025-04_fsp_v5.9.0/toolchains/gcc_arm/13.2.rel1/bin/../lib/gcc/arm-none-eabi/13.2.1/thumb/v8-m.main+fp/hard/crtbegin.o

.ARM.attributes
                0x00000000       0x36
 .ARM.attributes
                0x00000000       0x26 C:/Renesas/RA/e2studio_v2025-04_fsp_v5.9.0/toolchains/gcc_arm/13.2.rel1/bin/../lib/gcc/arm-none-eabi/13.2.1/thumb/v8-m.main+fp/hard/crti.o
 .ARM.attributes
                0x00000026       0x38 C:/Renesas/RA/e2studio_v2025-04_fsp_v5.9.0/toolchains/gcc_arm/13.2.rel1/bin/../lib/gcc/arm-none-eabi/13.2.1/thumb/v8-m.main+fp/hard/crtbegin.o
 .ARM.attributes
                0x0000005e       0x3a ./src/dht11.o
 .ARM.attributes
                0x00000098       0x3a ./src/hal_entry.o
 .ARM.attributes
                0x000000d2       0x3a ./ra_gen/common_data.o
 .ARM.attributes
                0x0000010c       0x3a ./ra_gen/hal_data.o
 .ARM.attributes
                0x00000146       0x3a ./ra_gen/main.o
 .ARM.attributes
                0x00000180       0x3a ./ra_gen/pin_data.o
 .ARM.attributes
                0x000001ba       0x3a ./ra_gen/vector_data.o
 .ARM.attributes
                0x000001f4       0x3a ./ra/fsp/src/r_sci_uart/r_sci_uart.o
 .ARM.attributes
                0x0000022e       0x3a ./ra/fsp/src/r_ioport/r_ioport.o
 .ARM.attributes
                0x00000268       0x3a ./ra/fsp/src/r_gpt/r_gpt.o
 .ARM.attributes
                0x000002a2       0x3a ./ra/fsp/src/bsp/mcu/all/bsp_clocks.o
 .ARM.attributes
                0x000002dc       0x3a ./ra/fsp/src/bsp/mcu/all/bsp_common.o
 .ARM.attributes
                0x00000316       0x3a ./ra/fsp/src/bsp/mcu/all/bsp_delay.o
 .ARM.attributes
                0x00000350       0x3a ./ra/fsp/src/bsp/mcu/all/bsp_group_irq.o
 .ARM.attributes
                0x0000038a       0x3a ./ra/fsp/src/bsp/mcu/all/bsp_io.o
 .ARM.attributes
                0x000003c4       0x3a ./ra/fsp/src/bsp/mcu/all/bsp_irq.o
 .ARM.attributes
                0x000003fe       0x3a ./ra/fsp/src/bsp/mcu/all/bsp_register_protection.o
 .ARM.attributes
                0x00000438       0x3a ./ra/fsp/src/bsp/mcu/all/bsp_rom_registers.o
 .ARM.attributes
                0x00000472       0x3a ./ra/fsp/src/bsp/mcu/all/bsp_sbrk.o
 .ARM.attributes
                0x000004ac       0x3a ./ra/fsp/src/bsp/cmsis/Device/RENESAS/Source/startup.o
 .ARM.attributes
                0x000004e6       0x3a ./ra/fsp/src/bsp/cmsis/Device/RENESAS/Source/system.o
 .ARM.attributes
                0x00000520       0x3a ./ESP8266/ ESP8266.o
 .ARM.attributes
                0x0000055a       0x26 C:/Renesas/RA/e2studio_v2025-04_fsp_v5.9.0/toolchains/gcc_arm/13.2.rel1/bin/../lib/gcc/arm-none-eabi/13.2.1/thumb/v8-m.main+fp/hard\libgcc.a(_arm_addsubdf3.o)
 .ARM.attributes
                0x00000580       0x38 C:/Renesas/RA/e2studio_v2025-04_fsp_v5.9.0/toolchains/gcc_arm/13.2.rel1/bin/../lib/gcc/arm-none-eabi/13.2.1/thumb/v8-m.main+fp/hard\libg_nano.a(libc_a-nano-vfprintf_float.o)
 .ARM.attributes
                0x000005b8       0x38 C:/Renesas/RA/e2studio_v2025-04_fsp_v5.9.0/toolchains/gcc_arm/13.2.rel1/bin/../lib/gcc/arm-none-eabi/13.2.1/thumb/v8-m.main+fp/hard\libg_nano.a(libc_a-nano-vfprintf_i.o)
 .ARM.attributes
                0x000005f0       0x38 C:/Renesas/RA/e2studio_v2025-04_fsp_v5.9.0/toolchains/gcc_arm/13.2.rel1/bin/../lib/gcc/arm-none-eabi/13.2.1/thumb/v8-m.main+fp/hard\libg_nano.a(libc_a-findfp.o)
 .ARM.attributes
                0x00000628       0x38 C:/Renesas/RA/e2studio_v2025-04_fsp_v5.9.0/toolchains/gcc_arm/13.2.rel1/bin/../lib/gcc/arm-none-eabi/13.2.1/thumb/v8-m.main+fp/hard\libg_nano.a(libc_a-fwalk.o)
 .ARM.attributes
                0x00000660       0x38 C:/Renesas/RA/e2studio_v2025-04_fsp_v5.9.0/toolchains/gcc_arm/13.2.rel1/bin/../lib/gcc/arm-none-eabi/13.2.1/thumb/v8-m.main+fp/hard\libg_nano.a(libc_a-printf.o)
 .ARM.attributes
                0x00000698       0x38 C:/Renesas/RA/e2studio_v2025-04_fsp_v5.9.0/toolchains/gcc_arm/13.2.rel1/bin/../lib/gcc/arm-none-eabi/13.2.1/thumb/v8-m.main+fp/hard\libg_nano.a(libc_a-puts.o)
 .ARM.attributes
                0x000006d0       0x38 C:/Renesas/RA/e2studio_v2025-04_fsp_v5.9.0/toolchains/gcc_arm/13.2.rel1/bin/../lib/gcc/arm-none-eabi/13.2.1/thumb/v8-m.main+fp/hard\libg_nano.a(libc_a-sprintf.o)
 .ARM.attributes
                0x00000708       0x38 C:/Renesas/RA/e2studio_v2025-04_fsp_v5.9.0/toolchains/gcc_arm/13.2.rel1/bin/../lib/gcc/arm-none-eabi/13.2.1/thumb/v8-m.main+fp/hard\libg_nano.a(libc_a-stdio.o)
 .ARM.attributes
                0x00000740       0x38 C:/Renesas/RA/e2studio_v2025-04_fsp_v5.9.0/toolchains/gcc_arm/13.2.rel1/bin/../lib/gcc/arm-none-eabi/13.2.1/thumb/v8-m.main+fp/hard\libg_nano.a(libc_a-wbuf.o)
 .ARM.attributes
                0x00000778       0x38 C:/Renesas/RA/e2studio_v2025-04_fsp_v5.9.0/toolchains/gcc_arm/13.2.rel1/bin/../lib/gcc/arm-none-eabi/13.2.1/thumb/v8-m.main+fp/hard\libg_nano.a(libc_a-wsetup.o)
 .ARM.attributes
                0x000007b0       0x38 C:/Renesas/RA/e2studio_v2025-04_fsp_v5.9.0/toolchains/gcc_arm/13.2.rel1/bin/../lib/gcc/arm-none-eabi/13.2.1/thumb/v8-m.main+fp/hard\libg_nano.a(libc_a-memset.o)
 .ARM.attributes
                0x000007e8       0x38 C:/Renesas/RA/e2studio_v2025-04_fsp_v5.9.0/toolchains/gcc_arm/13.2.rel1/bin/../lib/gcc/arm-none-eabi/13.2.1/thumb/v8-m.main+fp/hard\libg_nano.a(libc_a-strstr.o)
 .ARM.attributes
                0x00000820       0x38 C:/Renesas/RA/e2studio_v2025-04_fsp_v5.9.0/toolchains/gcc_arm/13.2.rel1/bin/../lib/gcc/arm-none-eabi/13.2.1/thumb/v8-m.main+fp/hard\libg_nano.a(libc_a-localeconv.o)
 .ARM.attributes
                0x00000858       0x38 C:/Renesas/RA/e2studio_v2025-04_fsp_v5.9.0/toolchains/gcc_arm/13.2.rel1/bin/../lib/gcc/arm-none-eabi/13.2.1/thumb/v8-m.main+fp/hard\libg_nano.a(libc_a-closer.o)
 .ARM.attributes