Archive member included to satisfy reference by file (symbol)

C:/Renesas/RA/e2studio_v2025-04_fsp_v5.9.0/toolchains/gcc_arm/13.2.rel1/bin/../lib/gcc/arm-none-eabi/13.2.1/thumb/v8-m.main+fp/hard\libgcc.a(_arm_addsubdf3.o)
                              ./src/hal_entry.o (__aeabi_f2d)
C:/Renesas/RA/e2studio_v2025-04_fsp_v5.9.0/toolchains/gcc_arm/13.2.rel1/bin/../lib/gcc/arm-none-eabi/13.2.1/thumb/v8-m.main+fp/hard\libgcc.a(_aeabi_ldivmod.o)
                              ./ra/fsp/src/r_sci_uart/r_sci_uart.o (__aeabi_ldivmod)
C:/Renesas/RA/e2studio_v2025-04_fsp_v5.9.0/toolchains/gcc_arm/13.2.rel1/bin/../lib/gcc/arm-none-eabi/13.2.1/thumb/v8-m.main+fp/hard\libgcc.a(_udivmoddi4.o)
                              C:/Renesas/RA/e2studio_v2025-04_fsp_v5.9.0/toolchains/gcc_arm/13.2.rel1/bin/../lib/gcc/arm-none-eabi/13.2.1/thumb/v8-m.main+fp/hard\libgcc.a(_aeabi_ldivmod.o) (__udivmoddi4)
C:/Renesas/RA/e2studio_v2025-04_fsp_v5.9.0/toolchains/gcc_arm/13.2.rel1/bin/../lib/gcc/arm-none-eabi/13.2.1/thumb/v8-m.main+fp/hard\libgcc.a(_dvmd_tls.o)
                              C:/Renesas/RA/e2studio_v2025-04_fsp_v5.9.0/toolchains/gcc_arm/13.2.rel1/bin/../lib/gcc/arm-none-eabi/13.2.1/thumb/v8-m.main+fp/hard\libgcc.a(_aeabi_ldivmod.o) (__aeabi_ldiv0)
C:/Renesas/RA/e2studio_v2025-04_fsp_v5.9.0/toolchains/gcc_arm/13.2.rel1/bin/../lib/gcc/arm-none-eabi/13.2.1/thumb/v8-m.main+fp/hard\libg_nano.a(libc_a-exit.o)
                              C:/Renesas/RA/e2studio_v2025-04_fsp_v5.9.0/toolchains/gcc_arm/13.2.rel1/bin/../lib/gcc/arm-none-eabi/13.2.1/thumb/v8-m.main+fp/hard/crt0.o (exit)
C:/Renesas/RA/e2studio_v2025-04_fsp_v5.9.0/toolchains/gcc_arm/13.2.rel1/bin/../lib/gcc/arm-none-eabi/13.2.1/thumb/v8-m.main+fp/hard\libg_nano.a(libc_a-nano-vfprintf_float.o)
                              (_printf_float)
C:/Renesas/RA/e2studio_v2025-04_fsp_v5.9.0/toolchains/gcc_arm/13.2.rel1/bin/../lib/gcc/arm-none-eabi/13.2.1/thumb/v8-m.main+fp/hard\libg_nano.a(libc_a-nano-vfprintf_i.o)
                              C:/Renesas/RA/e2studio_v2025-04_fsp_v5.9.0/toolchains/gcc_arm/13.2.rel1/bin/../lib/gcc/arm-none-eabi/13.2.1/thumb/v8-m.main+fp/hard\libg_nano.a(libc_a-nano-vfprintf_float.o) (_printf_common)
C:/Renesas/RA/e2studio_v2025-04_fsp_v5.9.0/toolchains/gcc_arm/13.2.rel1/bin/../lib/gcc/arm-none-eabi/13.2.1/thumb/v8-m.main+fp/hard\libg_nano.a(libc_a-findfp.o)
                              C:/Renesas/RA/e2studio_v2025-04_fsp_v5.9.0/toolchains/gcc_arm/13.2.rel1/bin/../lib/gcc/arm-none-eabi/13.2.1/thumb/v8-m.main+fp/hard\libg_nano.a(libc_a-exit.o) (__stdio_exit_handler)
C:/Renesas/RA/e2studio_v2025-04_fsp_v5.9.0/toolchains/gcc_arm/13.2.rel1/bin/../lib/gcc/arm-none-eabi/13.2.1/thumb/v8-m.main+fp/hard\libg_nano.a(libc_a-fwalk.o)
                              C:/Renesas/RA/e2studio_v2025-04_fsp_v5.9.0/toolchains/gcc_arm/13.2.rel1/bin/../lib/gcc/arm-none-eabi/13.2.1/thumb/v8-m.main+fp/hard\libg_nano.a(libc_a-findfp.o) (_fwalk_sglue)
C:/Renesas/RA/e2studio_v2025-04_fsp_v5.9.0/toolchains/gcc_arm/13.2.rel1/bin/../lib/gcc/arm-none-eabi/13.2.1/thumb/v8-m.main+fp/hard\libg_nano.a(libc_a-printf.o)
                              ./src/hal_entry.o (printf)
C:/Renesas/RA/e2studio_v2025-04_fsp_v5.9.0/toolchains/gcc_arm/13.2.rel1/bin/../lib/gcc/arm-none-eabi/13.2.1/thumb/v8-m.main+fp/hard\libg_nano.a(libc_a-puts.o)
                              ./src/hal_entry.o (puts)
C:/Renesas/RA/e2studio_v2025-04_fsp_v5.9.0/toolchains/gcc_arm/13.2.rel1/bin/../lib/gcc/arm-none-eabi/13.2.1/thumb/v8-m.main+fp/hard\libg_nano.a(libc_a-stdio.o)
                              C:/Renesas/RA/e2studio_v2025-04_fsp_v5.9.0/toolchains/gcc_arm/13.2.rel1/bin/../lib/gcc/arm-none-eabi/13.2.1/thumb/v8-m.main+fp/hard\libg_nano.a(libc_a-findfp.o) (__sread)
C:/Renesas/RA/e2studio_v2025-04_fsp_v5.9.0/toolchains/gcc_arm/13.2.rel1/bin/../lib/gcc/arm-none-eabi/13.2.1/thumb/v8-m.main+fp/hard\libg_nano.a(libc_a-wbuf.o)
                              C:/Renesas/RA/e2studio_v2025-04_fsp_v5.9.0/toolchains/gcc_arm/13.2.rel1/bin/../lib/gcc/arm-none-eabi/13.2.1/thumb/v8-m.main+fp/hard\libg_nano.a(libc_a-puts.o) (__swbuf_r)
C:/Renesas/RA/e2studio_v2025-04_fsp_v5.9.0/toolchains/gcc_arm/13.2.rel1/bin/../lib/gcc/arm-none-eabi/13.2.1/thumb/v8-m.main+fp/hard\libg_nano.a(libc_a-wsetup.o)
                              C:/Renesas/RA/e2studio_v2025-04_fsp_v5.9.0/toolchains/gcc_arm/13.2.rel1/bin/../lib/gcc/arm-none-eabi/13.2.1/thumb/v8-m.main+fp/hard\libg_nano.a(libc_a-puts.o) (__swsetup_r)
C:/Renesas/RA/e2studio_v2025-04_fsp_v5.9.0/toolchains/gcc_arm/13.2.rel1/bin/../lib/gcc/arm-none-eabi/13.2.1/thumb/v8-m.main+fp/hard\libg_nano.a(libc_a-memmove.o)
                              ./src/oled.o (memmove)
C:/Renesas/RA/e2studio_v2025-04_fsp_v5.9.0/toolchains/gcc_arm/13.2.rel1/bin/../lib/gcc/arm-none-eabi/13.2.1/thumb/v8-m.main+fp/hard\libg_nano.a(libc_a-memset.o)
[...]
Memory Configuration

Name             Origin             Length             Attributes
ITCM             0x00000000         0x00000000         xr
DTCM             0x00000000         0x00000000         xrw
FLASH            0x00000000         0x00080000         xr
RAM              0x20000000         0x00020000         xrw
DATA_FLASH       0x08000000         0x00002000         xr
QSPI_FLASH       0x60000000         0x04000000         xr
OSPI_DEVICE_0    0x80020000         0x00000000         xr
OSPI_DEVICE_1    0x80030000         0x00000000         xr
OSPI_DEVICE_0_RAM 0x80020000         0x00000000         xrw
OSPI_DEVICE_1_RAM 0x80030000         0x00000000         xrw
SDRAM            0x80010000         0x00000000         xrw
OPTION_SETTING   0x0100a100         0x00000100         r
OPTION_SETTING_OFS 0x0100a100         0x00000018         r
OPTION_SETTING_SAS 0x0100a134         0x000000cc         r
OPTION_SETTING_S 0x0100a200         0x00000100         r
ID_CODE          0x00000000         0x00000000         xr
*default*        0x00000000         0xffffffff

Linker script and memory map

LOAD C:/Renesas/RA/e2studio_v2025-04_fsp_v5.9.0/toolchains/gcc_arm/13.2.rel1/bin/../lib/gcc/arm-none-eabi/13.2.1/thumb/v8-m.main+fp/hard/crti.o
LOAD C:/Renesas/RA/e2studio_v2025-04_fsp_v5.9.0/toolchains/gcc_arm/13.2.rel1/bin/../lib/gcc/arm-none-eabi/13.2.1/thumb/v8-m.main+fp/hard/crtbegin.o
LOAD C:/Renesas/RA/e2studio_v2025-04_fsp_v5.9.0/toolchains/gcc_arm/13.2.rel1/bin/../lib/gcc/arm-none-eabi/13.2.1/thumb/v8-m.main+fp/hard/crt0.o
START GROUP
LOAD ./src/hal_entry.o
LOAD ./src/lsm6dsv16x_reg.o
LOAD ./src/oled.o
LOAD ./ra_gen/common_data.o
LOAD ./ra_gen/hal_data.o
LOAD ./ra_gen/main.o
LOAD ./ra_gen/pin_data.o
LOAD ./ra_gen/vector_data.o
LOAD ./ra/fsp/src/r_sci_uart/r_sci_uart.o
LOAD ./ra/fsp/src/r_sci_i2c/r_sci_i2c.o
LOAD ./ra/fsp/src/r_ioport/r_ioport.o
LOAD ./ra/fsp/src/r_iic_master/r_iic_master.o
LOAD ./ra/fsp/src/bsp/mcu/all/bsp_clocks.o
LOAD ./ra/fsp/src/bsp/mcu/all/bsp_common.o
LOAD ./ra/fsp/src/bsp/mcu/all/bsp_delay.o
LOAD ./ra/fsp/src/bsp/mcu/all/bsp_group_irq.o
LOAD ./ra/fsp/src/bsp/mcu/all/bsp_guard.o
LOAD ./ra/fsp/src/bsp/mcu/all/bsp_io.o
LOAD ./ra/fsp/src/bsp/mcu/all/bsp_irq.o
LOAD ./ra/fsp/src/bsp/mcu/all/bsp_macl.o
LOAD ./ra/fsp/src/bsp/mcu/all/bsp_register_protection.o
LOAD ./ra/fsp/src/bsp/mcu/all/bsp_rom_registers.o
LOAD ./ra/fsp/src/bsp/mcu/all/bsp_sbrk.o
LOAD ./ra/fsp/src/bsp/mcu/all/bsp_sdram.o
LOAD ./ra/fsp/src/bsp/mcu/all/bsp_security.o
LOAD ./ra/fsp/src/bsp/cmsis/Device/RENESAS/Source/startup.o
LOAD ./ra/fsp/src/bsp/cmsis/Device/RENESAS/Source/system.o
END GROUP
START GROUP
LOAD C:/Renesas/RA/e2studio_v2025-04_fsp_v5.9.0/toolchains/gcc_arm/13.2.rel1/bin/../lib/gcc/arm-none-eabi/13.2.1/thumb/v8-m.main+fp/hard\libgcc.a
LOAD C:/Renesas/RA/e2studio_v2025-04_fsp_v5.9.0/toolchains/gcc_arm/13.2.rel1/bin/../lib/gcc/arm-none-eabi/13.2.1/thumb/v8-m.main+fp/hard\libg_nano.a
LOAD C:/Renesas/RA/e2studio_v2025-04_fsp_v5.9.0/toolchains/gcc_arm/13.2.rel1/bin/../lib/gcc/arm-none-eabi/13.2.1/thumb/v8-m.main+fp/hard\libc_nano.a
END GROUP
START GROUP
LOAD C:/Renesas/RA/e2studio_v2025-04_fsp_v5.9.0/toolchains/gcc_arm/13.2.rel1/bin/../lib/gcc/arm-none-eabi/13.2.1/thumb/v8-m.main+fp/hard\libgcc.a
LOAD C:/Renesas/RA/e2studio_v2025-04_fsp_v5.9.0/toolchains/gcc_arm/13.2.rel1/bin/../lib/gcc/arm-none-eabi/13.2.1/thumb/v8-m.main+fp/hard\libc_nano.a
LOAD C:/Renesas/RA/e2studio_v2025-04_fsp_v5.9.0/toolchains/gcc_arm/13.2.rel1/bin/../lib/gcc/arm-none-eabi/13.2.1/thumb/v8-m.main+fp/hard\libnosys.a
END GROUP
START GROUP
LOAD C:/Renesas/RA/e2studio_v2025-04_fsp_v5.9.0/toolchains/gcc_arm/13.2.rel1/bin/../lib/gcc/arm-none-eabi/13.2.1/thumb/v8-m.main+fp/hard\libgcc.a
LOAD C:/Renesas/RA/e2studio_v2025-04_fsp_v5.9.0/toolchains/gcc_arm/13.2.rel1/bin/../lib/gcc/arm-none-eabi/13.2.1/thumb/v8-m.main+fp/hard\libc_nano.a
LOAD C:/Renesas/RA/e2studio_v2025-04_fsp_v5.9.0/toolchains/gcc_arm/13.2.rel1/bin/../lib/gcc/arm-none-eabi/13.2.1/thumb/v8-m.main+fp/hard\libnosys.a
END GROUP
LOAD C:/Renesas/RA/e2studio_v2025-04_fsp_v5.9.0/toolchains/gcc_arm/13.2.rel1/bin/../lib/gcc/arm-none-eabi/13.2.1/thumb/v8-m.main+fp/hard/crtend.o
LOAD C:/Renesas/RA/e2studio_v2025-04_fsp_v5.9.0/toolchains/gcc_arm/13.2.rel1/bin/../lib/gcc/arm-none-eabi/13.2.1/thumb/v8-m.main+fp/hard/crtn.o
                0x20000000                        RAM_START = 0x20000000
                0x00020000                        RAM_LENGTH = 0x20000
                0x00000000                        FLASH_START = 0x0
                0x00080000                        FLASH_LENGTH = 0x80000
                0x08000000                        DATA_FLASH_START = 0x8000000
                0x00002000                        DATA_FLASH_LENGTH = 0x2000
                0x0100a100                        OPTION_SETTING_START = 0x100a100
                0x00000100                        OPTION_SETTING_LENGTH = 0x100
                0x0100a200                        OPTION_SETTING_S_START = 0x100a200
                0x00000100                        OPTION_SETTING_S_LENGTH = 0x100
                0x00000000                        ID_CODE_START = 0x0
                0x00000000                        ID_CODE_LENGTH = 0x0
                0x80010000                        SDRAM_START = 0x80010000
                0x00000000                        SDRAM_LENGTH = 0x0
                0x60000000                        QSPI_FLASH_START = 0x60000000
                0x04000000                        QSPI_FLASH_LENGTH = 0x4000000
                0x80020000                        OSPI_DEVICE_0_START = 0x80020000
                0x00000000                        OSPI_DEVICE_0_LENGTH = 0x0
                0x80030000                        OSPI_DEVICE_1_START = 0x80030000
                0x00000000                        OSPI_DEVICE_1_LENGTH = 0x0
                0x04000000                        QSPI_FLASH_PRV_LENGTH = DEFINED (QSPI_FLASH_SIZE)?ABSOLUTE (QSPI_FLASH_SIZE):ABSOLUTE (QSPI_FLASH_LENGTH)
                0x00000000                        OSPI_DEVICE_0_PRV_LENGTH = DEFINED (OSPI_DEVICE_0_SIZE)?ABSOLUTE (OSPI_DEVICE_0_SIZE):ABSOLUTE (OSPI_DEVICE_0_LENGTH)
                0x00000000                        OSPI_DEVICE_1_PRV_LENGTH = DEFINED (OSPI_DEVICE_1_SIZE)?ABSOLUTE (OSPI_DEVICE_1_SIZE):ABSOLUTE (OSPI_DEVICE_1_LENGTH)
                0x00000000                        __RESERVE_NS_RAM = ((! (DEFINED (PROJECT_NONSECURE)) && DEFINED (RAM_NS_BUFFER_LENGTH)) && (OPTION_SETTING_S_LENGTH != 0x0))
                0x00000000                        ITCM_START = DEFINED (ITCM_START)?ITCM_START:0x0
                0x00000000                        ITCM_LENGTH = DEFINED (ITCM_LENGTH)?ITCM_LENGTH:0x0
                0x00000000                        DTCM_START = DEFINED (DTCM_START)?DTCM_START:0x0
                0x00000000                        DTCM_LENGTH = DEFINED (DTCM_LENGTH)?DTCM_LENGTH:0x0
                0x00000000                        RAM_NS_BUFFER_BLOCK_LENGTH = DEFINED (RAM_NS_BUFFER_LENGTH)?ALIGN (RAM_NS_BUFFER_LENGTH, 0x2000):0x0
                0x00000000                        RAM_NS_BUFFER_LENGTH = DEFINED (RAM_NS_BUFFER_LENGTH)?RAM_NS_BUFFER_LENGTH:0x0
                0x20020000                        RAM_NS_BUFFER_START = ((RAM_START + RAM_LENGTH) - RAM_NS_BUFFER_LENGTH)
                0x20020000                        RAM_NS_BUFFER_BLOCK_START = ((RAM_START + RAM_LENGTH) - RAM_NS_BUFFER_BLOCK_LENGTH)
                0x0100a180                        OPTION_SETTING_START_NS = DEFINED (PROJECT_NONSECURE)?OPTION_SETTING_START:(OPTION_SETTING_START + 0x80)
                0x00000001                        __bl_FSP_BOOTABLE_IMAGE = 0x1
                0x00000001                        __bln_FSP_BOOTABLE_IMAGE = 0x1
                0x00000001                        PROJECT_SECURE_OR_FLAT = (((! (DEFINED (PROJECT_NONSECURE)) || DEFINED (PROJECT_SECURE)) && OPTION_SETTING_LENGTH) && ! (DEFINED (FSP_BOOTABLE_IMAGE)))
                0x00000000                        USE_OPTION_SETTING_NS = (DEFINED (PROJECT_NONSECURE) && ! (DEFINED (FSP_BOOTABLE_IMAGE)))
                0x00000000                        __bl_FLASH_IMAGE_START = ! (DEFINED (FLASH_BOOTLOADER_LENGTH))?0x0:(FLASH_APPLICATION_IMAGE_NUMBER == 0x1)?((FLASH_START + FLASH_BOOTLOADER_LENGTH) + FLASH_BOOTLOADER_HEADER_LENGTH):(DEFINED (BOOTLOADER_SECONDARY_USE_QSPI) || DEFINED (BOOTLOADER_SECONDARY_USE_OSPI_B))?(((FLASH_START + FLASH_BOOTLOADER_LENGTH) + FLASH_BOOTLOADER_SCRATCH_LENGTH) + FLASH_BOOTLOADER_HEADER_LENGTH):((((FLASH_START + FLASH_BOOTLOADER_LENGTH) + FLASH_BOOTLOADER_SCRATCH_LENGTH) + FLASH_APPLICATION_S_LENGTH) + FLASH_BOOTLOADER_HEADER_LENGTH)
                0x00000000                        __bl_FLASH_IMAGE_LENGTH = ! (DEFINED (FLASH_BOOTLOADER_LENGTH))?0x0:(FLASH_APPLICATION_S_LENGTH - FLASH_BOOTLOADER_HEADER_LENGTH)
                0x00000000                        __bl_FLASH_IMAGE_END = (__bl_FLASH_IMAGE_START + __bl_FLASH_IMAGE_LENGTH)
                0x00000000                        __bl_XIP_SECONDARY_FLASH_IMAGE_START = ! (DEFINED (FLASH_BOOTLOADER_LENGTH))?0x0:(((FLASH_START + FLASH_BOOTLOADER_LENGTH) + FLASH_APPLICATION_S_LENGTH) + FLASH_BOOTLOADER_HEADER_LENGTH)
                0x00000000                        __bl_XIP_SECONDARY_FLASH_IMAGE_END = (__bl_XIP_SECONDARY_FLASH_IMAGE_START + __bl_FLASH_IMAGE_LENGTH)
                0x00000000                        __bl_FLASH_IMAGE_START_FROM_MMF_REGION = DEFINED (BOOT_IMAGE_FROM_MMF_REGION)?BOOT_IMAGE_FROM_MMF_REGION:0x0
                0x00000000                        __bl_MEMORY_MIRROR_REGION_START = DEFINED (MMF_REGION_START_ADDR)?MMF_REGION_START_ADDR:0x0
                0x00000000                        __bl_FLASH_NS_START = ! (DEFINED (FLASH_BOOTLOADER_LENGTH))?0x0:(FLASH_APPLICATION_NS_LENGTH == 0x0)?__bl_FLASH_IMAGE_END:((__bl_FLASH_IMAGE_START - FLASH_BOOTLOADER_HEADER_LENGTH) + FLASH_APPLICATION_S_LENGTH)
                0x00000000                        __bl_FLASH_NSC_START = ! (DEFINED (FLASH_BOOTLOADER_LENGTH))?0x0:(FLASH_APPLICATION_NS_LENGTH == 0x0)?__bl_FLASH_IMAGE_END:(__bl_FLASH_IMAGE_END - FLASH_APPLICATION_NSC_LENGTH)
                0x00000000                        __bl_RAM_NS_START = ! (DEFINED (FLASH_BOOTLOADER_LENGTH))?0x0:(FLASH_APPLICATION_NS_LENGTH == 0x0)?(RAM_START + RAM_LENGTH):((RAM_START + RAM_LENGTH) - RAM_APPLICATION_NS_LENGTH)
                0x00000000                        __bl_RAM_NSC_START = ! (DEFINED (FLASH_BOOTLOADER_LENGTH))?0x0:(FLASH_APPLICATION_NS_LENGTH == 0x0)?(RAM_START + RAM_LENGTH):(__bl_RAM_NS_START - RAM_APPLICATION_NSC_LENGTH)
                0x00000000                        __bl_FLASH_NS_IMAGE_START = ! (DEFINED (FLASH_BOOTLOADER_LENGTH))?0x0:(FLASH_APPLICATION_NS_LENGTH == 0x0)?__bl_FLASH_IMAGE_END:(__bl_FLASH_NS_START + FLASH_BOOTLOADER_HEADER_LENGTH_2)
                0x00000000                        __bln_FLASH_IMAGE_START = (__bl_FLASH_NS_IMAGE_START | ! (DEFINED (NS_OFFSET_START))?0x0:NS_OFFSET_START)
                0x00000000                        __bln_FLASH_IMAGE_LENGTH = ! (DEFINED (FLASH_BOOTLOADER_LENGTH))?0x0:(FLASH_APPLICATION_NS_LENGTH == 0x0)?__bl_FLASH_IMAGE_END:(FLASH_APPLICATION_NS_LENGTH - FLASH_BOOTLOADER_HEADER_LENGTH_2)
                0x00000000                        XIP_SECONDARY_SLOT_IMAGE = DEFINED (XIP_SECONDARY_SLOT_IMAGE)?XIP_SECONDARY_SLOT_IMAGE:0x0
                0x00000000                        FLASH_IMAGE_START_FROM_MMF_REGION = ! (DEFINED (FLASH_IMAGE_START_FROM_MMF_REGION))?0x0:FLASH_IMAGE_START_FROM_MMF_REGION
                0x00000000                        MEMORY_MIRROR_REGION_START = ! (DEFINED (MEMORY_MIRROR_REGION_START))?0x0:MEMORY_MIRROR_REGION_START
                0x00000000                        FLASH_ORIGIN = ! (DEFINED (FLASH_IMAGE_START))?FLASH_START:(XIP_SECONDARY_SLOT_IMAGE == 0x1)?XIP_SECONDARY_FLASH_IMAGE_START:(FLASH_IMAGE_START_FROM_MMF_REGION == 0x1)?MEMORY_MIRROR_REGION_START:FLASH_IMAGE_START
                0x00080000                        LIMITED_FLASH_LENGTH = DEFINED (FLASH_IMAGE_LENGTH)?FLASH_IMAGE_LENGTH:DEFINED (FLASH_BOOTLOADER_LENGTH)?FLASH_BOOTLOADER_LENGTH:FLASH_LENGTH
                0x00000034                        OPTION_SETTING_SAS_SIZE = 0x34
                0x000000cc                        OPTION_SETTING_SAS_LENGTH = ! (DEFINED (OPTION_SETTING_LENGTH))?0x0:(OPTION_SETTING_LENGTH == 0x0)?0x0:(OPTION_SETTING_LENGTH - OPTION_SETTING_SAS_SIZE)
START GROUP
LOAD C:/Renesas/RA/e2studio_v2025-04_fsp_v5.9.0/toolchains/gcc_arm/13.2.rel1/bin/../lib/gcc/arm-none-eabi/13.2.1/thumb/v8-m.main+fp/hard\libgcc.a
LOAD C:/Renesas/RA/e2studio_v2025-04_fsp_v5.9.0/toolchains/gcc_arm/13.2.rel1/bin/../lib/gcc/arm-none-eabi/13.2.1/thumb/v8-m.main+fp/hard\libc.a
LOAD C:/Renesas/RA/e2studio_v2025-04_fsp_v5.9.0/toolchains/gcc_arm/13.2.rel1/bin/../lib/gcc/arm-none-eabi/13.2.1/thumb/v8-m.main+fp/hard\libm.a
END GROUP

.text           0x00000000     0x79d0
                0x00000000                        __tz_FLASH_S = ABSOLUTE (FLASH_START)
                0x00000000                        __ROM_Start = .
 *(.fixed_vectors*)
 .fixed_vectors
                0x00000000       0x40 ./ra/fsp/src/bsp/cmsis/Device/RENESAS/Source/startup.o
                0x00000000                __Vectors
 *(.application_vectors*)
 .application_vectors
                0x00000040       0x28 ./ra_gen/vector_data.o
                0x00000040                g_vector_table
                0x00000068                        __Vectors_End = .
 *(.flash_gap*)
                0x00000068                        . = (OPTION_SETTING_LENGTH > 0x0)?.:(__ROM_Start + 0x400)
 *(.rom_registers*)
 *(.mcuboot_sce9_key*)
 *(.text*)
 .text.deregister_tm_clones
                0x00000068       0x1c C:/Renesas/RA/e2studio_v2025-04_fsp_v5.9.0/toolchains/gcc_arm/13.2.rel1/bin/../lib/gcc/arm-none-eabi/13.2.1/thumb/v8-m.main+fp/hard/crtbegin.o
 .text.register_tm_clones
                0x00000084       0x28 C:/Renesas/RA/e2studio_v2025-04_fsp_v5.9.0/toolchains/gcc_arm/13.2.rel1/bin/../lib/gcc/arm-none-eabi/13.2.1/thumb/v8-m.main+fp/hard/crtbegin.o
 .text.__do_global_dtors_aux
                0x000000ac       0x28 C:/Renesas/RA/e2studio_v2025-04_fsp_v5.9.0/toolchains/gcc_arm/13.2.rel1/bin/../lib/gcc/arm-none-eabi/13.2.1/thumb/v8-m.main+fp/hard/crtbegin.o
 .text.frame_dummy
                0x000000d4       0x24 C:/Renesas/RA/e2studio_v2025-04_fsp_v5.9.0/toolchains/gcc_arm/13.2.rel1/bin/../lib/gcc/arm-none-eabi/13.2.1/thumb/v8-m.main+fp/hard/crtbegin.o
 .text.platform_delay
                0x000000f8        0x8 ./src/hal_entry.o
 .text.platform_write
                0x00000100       0x9c ./src/hal_entry.o
 .text.platform_read
                0x0000019c       0xe8 ./src/hal_entry.o
 .text.i2c_master_callback
                0x00000284       0x14 ./src/hal_entry.o
                0x00000284                i2c_master_callback
 .text.user_uart_callback
                0x00000298       0x14 ./src/hal_entry.o
                0x00000298                user_uart_callback
 .text._write   0x000002ac       0x54 ./src/hal_entry.o
                0x000002ac                _write
 .text.sci_i2c_master_callback
                0x00000300       0x14 ./src/hal_entry.o
                0x00000300                sci_i2c_master_callback
 .text.hal_entry
                0x00000314      0x21c ./src/hal_entry.o
                0x00000314                hal_entry
 .text.R_BSP_WarmStart
                0x00000530       0x18 ./src/hal_entry.o
                0x00000530                R_BSP_WarmStart
 .text.lsm6dsv16x_read_reg
                0x00000548       0x18 ./src/lsm6dsv16x_reg.o
                0x00000548                lsm6dsv16x_read_reg
 .text.lsm6dsv16x_write_reg
                0x00000560       0x18 ./src/lsm6dsv16x_reg.o
                0x00000560                lsm6dsv16x_write_reg
 .text.lsm6dsv16x_from_fs2_to_mg
                0x00000578       0x18 ./src/lsm6dsv16x_reg.o
                0x00000578                lsm6dsv16x_from_fs2_to_mg
 .text.lsm6dsv16x_from_lsb_to_celsius
                0x00000590       0x14 ./src/lsm6dsv16x_reg.o
                0x00000590                lsm6dsv16x_from_lsb_to_celsius
 .text.lsm6dsv16x_reset_set
                0x000005a4       0x68 ./src/lsm6dsv16x_reg.o
                0x000005a4                lsm6dsv16x_reset_set
 .text.lsm6dsv16x_reset_get
                0x0000060c       0x5c ./src/lsm6dsv16x_reg.o
                0x0000060c                lsm6dsv16x_reset_get
 .text.lsm6dsv16x_device_id_get
                0x00000668       0x10 ./src/lsm6dsv16x_reg.o
                0x00000668                lsm6dsv16x_device_id_get
 .text.lsm6dsv16x_xl_data_rate_set
                0x00000678       0x64 ./src/lsm6dsv16x_reg.o
                0x00000678                lsm6dsv16x_xl_data_rate_set
 .text.lsm6dsv16x_gy_data_rate_set
                0x000006dc       0x64 ./src/lsm6dsv16x_reg.o
                0x000006dc                lsm6dsv16x_gy_data_rate_set
 .text.lsm6dsv16x_block_data_update_set
                0x00000740       0x34 ./src/lsm6dsv16x_reg.o
                0x00000740                lsm6dsv16x_block_data_update_set
 .text.lsm6dsv16x_flag_data_ready_get
                0x00000774       0x28 ./src/lsm6dsv16x_reg.o
                0x00000774                lsm6dsv16x_flag_data_ready_get
 .text.lsm6dsv16x_temperature_raw_get
                0x0000079c       0x24 ./src/lsm6dsv16x_reg.o
                0x0000079c                lsm6dsv16x_temperature_raw_get
 .text.lsm6dsv16x_acceleration_raw_get
                0x000007c0       0x40 ./src/lsm6dsv16x_reg.o
                0x000007c0                lsm6dsv16x_acceleration_raw_get
 .text.OLED_WR_Byte
                0x00000800       0xac ./src/oled.o
                0x00000800                OLED_WR_Byte
 .text.OLED_ColorTurn
                0x000008ac       0x18 ./src/oled.o
                0x000008ac                OLED_ColorTurn
 .text.OLED_DisplayTurn
                0x000008c4       0x34 ./src/oled.o
                0x000008c4                OLED_DisplayTurn
 .text.OLED_Refresh
                0x000008f8       0xdc ./src/oled.o
                0x000008f8                OLED_Refresh
 .text.OLED_Clear
                0x000009d4       0x34 ./src/oled.o
                0x000009d4                OLED_Clear
 .text.OLED_DrawPoint
                0x00000a08       0x3c ./src/oled.o
                0x00000a08                OLED_DrawPoint
 .text.OLED_ShowChar
                0x00000a44      0x14c ./src/oled.o
                0x00000a44                OLED_ShowChar
 .text.OLED_ShowString
                0x00000b90       0x4c ./src/oled.o
                0x00000b90                OLED_ShowString
 .text.OLED_Init
                0x00000bdc      0x114 ./src/oled.o
                0x00000bdc                OLED_Init
 .text.startup.main
                0x00000cf0        0xc ./ra_gen/main.o
                0x00000cf0                main
 .text.R_SCI_UART_Write
                0x00000cfc       0x50 ./ra/fsp/src/r_sci_uart/r_sci_uart.o
                0x00000cfc                R_SCI_UART_Write
 .text.r_sci_uart_call_callback
                0x00000d4c       0x44 ./ra/fsp/src/r_sci_uart/r_sci_uart.o
 .text.R_SCI_UART_Open
                0x00000d90      0x3b4 ./ra/fsp/src/r_sci_uart/r_sci_uart.o
                0x00000d90                R_SCI_UART_Open
 .text.sci_uart_txi_isr
                0x00001144       0x8c ./ra/fsp/src/r_sci_uart/r_sci_uart.o
                0x00001144                sci_uart_txi_isr
 .text.sci_uart_rxi_isr
                0x000011d0       0x90 ./ra/fsp/src/r_sci_uart/r_sci_uart.o
                0x000011d0                sci_uart_rxi_isr
 .text.sci_uart_tei_isr
                0x00001260       0x48 ./ra/fsp/src/r_sci_uart/r_sci_uart.o
                0x00001260                sci_uart_tei_isr
 .text.sci_uart_eri_isr
                0x000012a8       0x78 ./ra/fsp/src/r_sci_uart/r_sci_uart.o
                0x000012a8                sci_uart_eri_isr
 .text.R_SCI_I2C_Read
                0x00001320       0xa0 ./ra/fsp/src/r_sci_i2c/r_sci_i2c.o
                0x00001320                R_SCI_I2C_Read
 .text.R_SCI_I2C_Write
                0x000013c0       0x9c ./ra/fsp/src/r_sci_i2c/r_sci_i2c.o
                0x000013c0                R_SCI_I2C_Write
 .text.R_SCI_I2C_Open
                0x0000145c      0x174 ./ra/fsp/src/r_sci_i2c/r_sci_i2c.o
                0x0000145c                R_SCI_I2C_Open
 .text.sci_i2c_notify
                0x000015d0       0x38 ./ra/fsp/src/r_sci_i2c/r_sci_i2c.o
                0x000015d0                sci_i2c_notify
 .text.sci_i2c_txi_isr
                0x00001608      0x14c ./ra/fsp/src/r_sci_i2c/r_sci_i2c.o
                0x00001608                sci_i2c_txi_isr
 .text.sci_i2c_tei_isr
                0x00001754       0xe0 ./ra/fsp/src/r_sci_i2c/r_sci_i2c.o
                0x00001754                sci_i2c_tei_isr
 .text.R_IOPORT_PinWrite
                0x00001834       0x20 ./ra/fsp/src/r_ioport/r_ioport.o
                0x00001834                R_IOPORT_PinWrite
 .text.bsp_vbatt_init
                0x00001854       0xe8 ./ra/fsp/src/r_ioport/r_ioport.o
 .text.r_ioport_pins_config
                0x0000193c       0xac ./ra/fsp/src/r_ioport/r_ioport.o
 .text.R_IOPORT_Open
                0x000019e8       0x14 ./ra/fsp/src/r_ioport/r_ioport.o
                0x000019e8                R_IOPORT_Open
 .text.R_IIC_MASTER_SlaveAddressSet
                0x000019fc        0xc ./ra/fsp/src/r_iic_master/r_iic_master.o
                0x000019fc                R_IIC_MASTER_SlaveAddressSet
 .text.iic_master_notify
                0x00001a08       0x3c ./ra/fsp/src/r_iic_master/r_iic_master.o
 .text.iic_master_run_hw_master
                0x00001a44      0x114 ./ra/fsp/src/r_iic_master/r_iic_master.o
 .text.R_IIC_MASTER_Write
                0x00001b58       0x30 ./ra/fsp/src/r_iic_master/r_iic_master.o
                0x00001b58                R_IIC_MASTER_Write
 .text.iic_master_open_hw_master
                0x00001b88      0x1c8 ./ra/fsp/src/r_iic_master/r_iic_master.o
 .text.R_IIC_MASTER_Open
                0x00001d50       0x74 ./ra/fsp/src/r_iic_master/r_iic_master.o
                0x00001d50                R_IIC_MASTER_Open
 .text.iic_master_rxi_isr
                0x00001dc4      0x194 ./ra/fsp/src/r_iic_master/r_iic_master.o
                0x00001dc4                iic_master_rxi_isr
 .text.iic_master_txi_isr
                0x00001f58      0x120 ./ra/fsp/src/r_iic_master/r_iic_master.o
                0x00001f58                iic_master_txi_isr
 .text.iic_master_tei_isr
                0x00002078       0xe0 ./ra/fsp/src/r_iic_master/r_iic_master.o
                0x00002078                iic_master_tei_isr
 .text.iic_master_eri_isr
                0x00002158      0x140 ./ra/fsp/src/r_iic_master/r_iic_master.o
                0x00002158                iic_master_eri_isr
 .text.SystemCoreClockUpdate
                0x00002298       0x28 ./ra/fsp/src/bsp/mcu/all/bsp_clocks.o
                0x00002298                SystemCoreClockUpdate
 .text.R_BSP_SubClockStabilizeWaitAfterReset
                0x000022c0        0x4 ./ra/fsp/src/bsp/mcu/all/bsp_clocks.o
                0x000022c0                R_BSP_SubClockStabilizeWaitAfterReset
 .text.bsp_clock_init
                0x000022c4      0x130 ./ra/fsp/src/bsp/mcu/all/bsp_clocks.o
                0x000022c4                bsp_clock_init
 .text.R_BSP_Init_RTC
                0x000023f4       0xb0 ./ra/fsp/src/bsp/mcu/all/bsp_clocks.o
                0x000023f4                R_BSP_Init_RTC
 .text.bsp_init_internal
                0x000024a4        0x4 ./ra/fsp/src/bsp/mcu/all/bsp_common.o
                0x000024a4                bsp_init_internal
                0x000024a4                bsp_init
 .text.__assert_func
                0x000024a8        0x4 ./ra/fsp/src/bsp/mcu/all/bsp_common.o
                0x000024a8                __assert_func
 .text.bsp_prv_software_delay_loop
                0x000024ac        0xc ./ra/fsp/src/bsp/mcu/all/bsp_delay.o
                0x000024ac                bsp_prv_software_delay_loop
 .text.R_BSP_SoftwareDelay
                0x000024b8       0x58 ./ra/fsp/src/bsp/mcu/all/bsp_delay.o
                0x000024b8                R_BSP_SoftwareDelay
 .text.NMI_Handler
                0x00002510       0x3c ./ra/fsp/src/bsp/mcu/all/bsp_group_irq.o
                0x00002510                NMI_Handler
 .text.bsp_irq_cfg
                0x0000254c       0x94 ./ra/fsp/src/bsp/mcu/all/bsp_irq.o
                0x0000254c                bsp_irq_cfg
 .text.R_BSP_RegisterProtectEnable
                0x000025e0       0x60 ./ra/fsp/src/bsp/mcu/all/bsp_register_protection.o
                0x000025e0                R_BSP_RegisterProtectEnable
 .text.R_BSP_RegisterProtectDisable
                0x00002640       0x54 ./ra/fsp/src/bsp/mcu/all/bsp_register_protection.o
                0x00002640                R_BSP_RegisterProtectDisable
 .text._sbrk    0x00002694       0x40 ./ra/fsp/src/bsp/mcu/all/bsp_sbrk.o
                0x00002694                _sbrk
 .text.Default_Handler
                0x000026d4        0x4 ./ra/fsp/src/bsp/cmsis/Device/RENESAS/Source/startup.o
                0x000026d4                DebugMon_Handler
                0x000026d4                HardFault_Handler
                0x000026d4                SysTick_Handler
                0x000026d4                PendSV_Handler
                0x000026d4                UsageFault_Handler
                0x000026d4                SecureFault_Handler
                0x000026d4                Default_Handler
                0x000026d4                MemManage_Handler
                0x000026d4                SVC_Handler
                0x000026d4                BusFault_Handler
 .text.Reset_Handler
                0x000026d8        0xc ./ra/fsp/src/bsp/cmsis/Device/RENESAS/Source/startup.o
                0x000026d8                Reset_Handler
 .text.SystemInit
                0x000026e4       0xe0 ./ra/fsp/src/bsp/cmsis/Device/RENESAS/Source/system.o
                0x000026e4                SystemInit
 .text          0x000027c4      0x378 C:/Renesas/RA/e2studio_v2025-04_fsp_v5.9.0/toolchains/gcc_arm/13.2.rel1/bin/../lib/gcc/arm-none-eabi/13.2.1/thumb/v8-m.main+fp/hard\libgcc.a(_arm_addsubdf3.o)
                0x000027c4                __aeabi_drsub
                0x000027cc                __aeabi_dsub
                0x000027cc                __subdf3
                0x000027d0                __aeabi_dadd
                0x000027d0                __adddf3
                0x00002a48                __floatunsidf
                0x00002a48                __aeabi_ui2d
                0x00002a68                __floatsidf
                0x00002a68                __aeabi_i2d
                0x00002a8c                __aeabi_f2d
                0x00002a8c                __extendsfdf2
                0x00002ad0                __floatundidf
                0x00002ad0                __aeabi_ul2d
                0x00002ae0                __floatdidf
                0x00002ae0                __aeabi_l2d
 .text.__cvt    0x00002b3c       0xca C:/Renesas/RA/e2studio_v2025-04_fsp_v5.9.0/toolchains/gcc_arm/13.2.rel1/bin/../lib/gcc/arm-none-eabi/13.2.1/thumb/v8-m.main+fp/hard\libg_nano.a(libc_a-nano-vfprintf_float.o)
                0x00002b3c                __cvt
 .text.__exponent
                0x00002c06       0x72 C:/Renesas/RA/e2studio_v2025-04_fsp_v5.9.0/toolchains/gcc_arm/13.2.rel1/bin/../lib/gcc/arm-none-eabi/13.2.1/thumb/v8-m.main+fp/hard\libg_nano.a(libc_a-nano-vfprintf_float.o)
                0x00002c06                __exponent
 .text._printf_float
                0x00002c78      0x454 C:/Renesas/RA/e2studio_v2025-04_fsp_v5.9.0/toolchains/gcc_arm/13.2.rel1/bin/../lib/gcc/arm-none-eabi/13.2.1/thumb/v8-m.main+fp/hard\libg_nano.a(libc_a-nano-vfprintf_float.o)
                0x00002c78                _printf_float
 .text._printf_common
                0x000030cc       0xe4 C:/Renesas/RA/e2studio_v2025-04_fsp_v5.9.0/toolchains/gcc_arm/13.2.rel1/bin/../lib/gcc/arm-none-eabi/13.2.1/thumb/v8-m.main+fp/hard\libg_nano.a(libc_a-nano-vfprintf_i.o)
                0x000030cc                _printf_common
 .text._printf_i
                0x000031b0      0x23c C:/Renesas/RA/e2studio_v2025-04_fsp_v5.9.0/toolchains/gcc_arm/13.2.rel1/bin/../lib/gcc/arm-none-eabi/13.2.1/thumb/v8-m.main+fp/hard\libg_nano.a(libc_a-nano-vfprintf_i.o)
                0x000031b0                _printf_i
 .text.std      0x000033ec       0x6c C:/Renesas/RA/e2studio_v2025-04_fsp_v5.9.0/toolchains/gcc_arm/13.2.rel1/bin/../lib/gcc/arm-none-eabi/13.2.1/thumb/v8-m.main+fp/hard\libg_nano.a(libc_a-findfp.o)
 .text.stdio_exit_handler
                0x00003458       0x18 C:/Renesas/RA/e2studio_v2025-04_fsp_v5.9.0/toolchains/gcc_arm/13.2.rel1/bin/../lib/gcc/arm-none-eabi/13.2.1/thumb/v8-m.main+fp/hard\libg_nano.a(libc_a-findfp.o)
 .text.cleanup_stdio
                0x00003470       0x40 C:/Renesas/RA/e2studio_v2025-04_fsp_v5.9.0/toolchains/gcc_arm/13.2.rel1/bin/../lib/gcc/arm-none-eabi/13.2.1/thumb/v8-m.main+fp/hard\libg_nano.a(libc_a-findfp.o)
 .text.global_stdio_init.part.0
                0x000034b0       0x3c C:/Renesas/RA/e2studio_v2025-04_fsp_v5.9.0/toolchains/gcc_arm/13.2.rel1/bin/../lib/gcc/arm-none-eabi/13.2.1/thumb/v8-m.main+fp/hard\libg_nano.a(libc_a-findfp.o)
 .text.__sfp_lock_acquire
                0x000034ec        0xc C:/Renesas/RA/e2studio_v2025-04_fsp_v5.9.0/toolchains/gcc_arm/13.2.rel1/bin/../lib/gcc/arm-none-eabi/13.2.1/thumb/v8-m.main+fp/hard\libg_nano.a(libc_a-findfp.o)
                0x000034ec                __sfp_lock_acquire
 .text.__sfp_lock_release
                0x000034f8        0xc C:/Renesas/RA/e2studio_v2025-04_fsp_v5.9.0/toolchains/gcc_arm/13.2.rel1/bin/../lib/gcc/arm-none-eabi/13.2.1/thumb/v8-m.main+fp/hard\libg_nano.a(libc_a-findfp.o)
                0x000034f8                __sfp_lock_release
 .text.__sinit  0x00003504       0x30 C:/Renesas/RA/e2studio_v2025-04_fsp_v5.9.0/toolchains/gcc_arm/13.2.rel1/bin/../lib/gcc/arm-none-eabi/13.2.1/thumb/v8-m.main+fp/hard\libg_nano.a(libc_a-findfp.o)
                0x00003504                __sinit
 .text._fwalk_sglue
                0x00003534       0x3c C:/Renesas/RA/e2studio_v2025-04_fsp_v5.9.0/toolchains/gcc_arm/13.2.rel1/bin/../lib/gcc/arm-none-eabi/13.2.1/thumb/v8-m.main+fp/hard\libg_nano.a(libc_a-fwalk.o)
                0x00003534                _fwalk_sglue
 .text.printf   0x00003570       0x24 C:/Renesas/RA/e2studio_v2025-04_fsp_v5.9.0/toolchains/gcc_arm/13.2.rel1/bin/../lib/gcc/arm-none-eabi/13.2.1/thumb/v8-m.main+fp/hard\libg_nano.a(libc_a-printf.o)
                0x00003570                iprintf
                0x00003570                printf
 .text._puts_r  0x00003594       0xaa C:/Renesas/RA/e2studio_v2025-04_fsp_v5.9.0/toolchains/gcc_arm/13.2.rel1/bin/../lib/gcc/arm-none-eabi/13.2.1/thumb/v8-m.main+fp/hard\libg_nano.a(libc_a-puts.o)
                0x00003594                _puts_r
 *fill*         0x0000363e        0x2 ff
 .text.puts     0x00003640       0x10 C:/Renesas/RA/e2studio_v2025-04_fsp_v5.9.0/toolchains/gcc_arm/13.2.rel1/bin/../lib/gcc/arm-none-eabi/13.2.1/thumb/v8-m.main+fp/hard\libg_nano.a(libc_a-puts.o)
                0x00003640                puts
 .text.__sread  0x00003650       0x22 C:/Renesas/RA/e2studio_v2025-04_fsp_v5.9.0/toolchains/gcc_arm/13.2.rel1/bin/../lib/gcc/arm-none-eabi/13.2.1/thumb/v8-m.main+fp/hard\libg_nano.a(libc_a-stdio.o)
                0x00003650                __sread
 .text.__swrite
                0x00003672       0x38 C:/Renesas/RA/e2studio_v2025-04_fsp_v5.9.0/toolchains/gcc_arm/13.2.rel1/bin/../lib/gcc/arm-none-eabi/13.2.1/thumb/v8-m.main+fp/hard\libg_nano.a(libc_a-stdio.o)
                0x00003672                __swrite
 .text.__sseek  0x000036aa       0x24 C:/Renesas/RA/e2studio_v2025-04_fsp_v5.9.0/toolchains/gcc_arm/13.2.rel1/bin/../lib/gcc/arm-none-eabi/13.2.1/thumb/v8-m.main+fp/hard\libg_nano.a(libc_a-stdio.o)
                0x000036aa                __sseek
 .text.__sclose
                0x000036ce        0x8 C:/Renesas/RA/e2studio_v2025-04_fsp_v5.9.0/toolchains/gcc_arm/13.2.rel1/bin/../lib/gcc/arm-none-eabi/13.2.1/thumb/v8-m.main+fp/hard\libg_nano.a(libc_a-stdio.o)
                0x000036ce                __sclose
 .text.__swbuf_r
                0x000036d6       0x7c C:/Renesas/RA/e2studio_v2025-04_fsp_v5.9.0/toolchains/gcc_arm/13.2.rel1/bin/../lib/gcc/arm-none-eabi/13.2.1/thumb/v8-m.main+fp/hard\libg_nano.a(libc_a-wbuf.o)
                0x000036d6                __swbuf_r
 *fill*         0x00003752        0x2 ff
 .text.__swsetup_r
                0x00003754       0xac C:/Renesas/RA/e2studio_v2025-04_fsp_v5.9.0/toolchains/gcc_arm/13.2.rel1/bin/../lib/gcc/arm-none-eabi/13.2.1/thumb/v8-m.main+fp/hard\libg_nano.a(libc_a-wsetup.o)
                0x00003754                __swsetup_r
 .text.memset   0x00003800       0x10 C:/Renesas/RA/e2studio_v2025-04_fsp_v5.9.0/toolchains/gcc_arm/13.2.rel1/bin/../lib/gcc/arm-none-eabi/13.2.1/thumb/v8-m.main+fp/hard\libg_nano.a(libc_a-memset.o)
                0x00003800                memset
 .text._localeconv_r
                0x00003810        0x8 C:/Renesas/RA/e2studio_v2025-04_fsp_v5.9.0/toolchains/gcc_arm/13.2.rel1/bin/../lib/gcc/arm-none-eabi/13.2.1/thumb/v8-m.main+fp/hard\libg_nano.a(libc_a-localeconv.o)
                0x00003810                _localeconv_r
 .text._close_r
                0x00003818       0x20 C:/Renesas/RA/e2studio_v2025-04_fsp_v5.9.0/toolchains/gcc_arm/13.2.rel1/bin/../lib/gcc/arm-none-eabi/13.2.1/thumb/v8-m.main+fp/hard\libg_nano.a(libc_a-closer.o)
                0x00003818                _close_r
 .text._lseek_r
                0x00003838       0x24 C:/Renesas/RA/e2studio_v2025-04_fsp_v5.9.0/toolchains/gcc_arm/13.2.rel1/bin/../lib/gcc/arm-none-eabi/13.2.1/thumb/v8-m.main+fp/hard\libg_nano.a(libc_a-lseekr.o)
                0x00003838                _lseek_r
 .text._read_r  0x0000385c       0x24 C:/Renesas/RA/e2studio_v2025-04_fsp_v5.9.0/toolchains/gcc_arm/13.2.rel1/bin/../lib/gcc/arm-none-eabi/13.2.1/thumb/v8-m.main+fp/hard\libg_nano.a(libc_a-readr.o)
                0x0000385c                _read_r
 .text._write_r
                0x00003880       0x24 C:/Renesas/RA/e2studio_v2025-04_fsp_v5.9.0/toolchains/gcc_arm/13.2.rel1/bin/../lib/gcc/arm-none-eabi/13.2.1/thumb/v8-m.main+fp/hard\libg_nano.a(libc_a-writer.o)
                0x00003880                _write_r
 .text.__errno  0x000038a4        0xc C:/Renesas/RA/e2studio_v2025-04_fsp_v5.9.0/toolchains/gcc_arm/13.2.rel1/bin/../lib/gcc/arm-none-eabi/13.2.1/thumb/v8-m.main+fp/hard\libg_nano.a(libc_a-errno.o)
                0x000038a4                __errno
 .text.__retarget_lock_init_recursive
                0x000038b0        0x2 C:/Renesas/RA/e2studio_v2025-04_fsp_v5.9.0/toolchains/gcc_arm/13.2.rel1/bin/../lib/gcc/arm-none-eabi/13.2.1/thumb/v8-m.main+fp/hard\libg_nano.a(libc_a-lock.o)
                0x000038b0                __retarget_lock_init_recursive
 .text.__retarget_lock_acquire_recursive
                0x000038b2        0x2 C:/Renesas/RA/e2studio_v2025-04_fsp_v5.9.0/toolchains/gcc_arm/13.2.rel1/bin/../lib/gcc/arm-none-eabi/13.2.1/thumb/v8-m.main+fp/hard\libg_nano.a(libc_a-lock.o)
                0x000038b2                __retarget_lock_acquire_recursive
 .text.__retarget_lock_release_recursive
                0x000038b4        0x2 C:/Renesas/RA/e2studio_v2025-04_fsp_v5.9.0/toolchains/gcc_arm/13.2.rel1/bin/../lib/gcc/arm-none-eabi/13.2.1/thumb/v8-m.main+fp/hard\libg_nano.a(libc_a-lock.o)
                0x000038b4                __retarget_lock_release_recursive
 .text.memchr   0x000038b6       0x1c C:/Renesas/RA/e2studio_v2025-04_fsp_v5.9.0/toolchains/gcc_arm/13.2.rel1/bin/../lib/gcc/arm-none-eabi/13.2.1/thumb/v8-m.main+fp/hard\libg_nano.a(libc_a-memchr-stub.o)
                0x000038b6                memchr
 .text.memcpy   0x000038d2       0x1a C:/Renesas/RA/e2studio_v2025-04_fsp_v5.9.0/toolchains/gcc_arm/13.2.rel1/bin/../lib/gcc/arm-none-eabi/13.2.1/thumb/v8-m.main+fp/hard\libg_nano.a(libc_a-memcpy-stub.o)
                0x000038d2                memcpy
 .text          0x000038ec       0x10 C:/Renesas/RA/e2studio_v2025-04_fsp_v5.9.0/toolchains/gcc_arm/13.2.rel1/bin/../lib/gcc/arm-none-eabi/13.2.1/thumb/v8-m.main+fp/hard\libg_nano.a(libc_a-strlen.o)
                0x000038ec                strlen
 .text.quorem   0x000038fc      0x11a C:/Renesas/RA/e2studio_v2025-04_fsp_v5.9.0/toolchains/gcc_arm/13.2.rel1/bin/../lib/gcc/arm-none-eabi/13.2.1/thumb/v8-m.main+fp/hard\libg_nano.a(libc_a-dtoa.o)
 *fill*         0x00003a16        0x2 ff
 .text._dtoa_r  0x00003a18      0xb7c C:/Renesas/RA/e2studio_v2025-04_fsp_v5.9.0/toolchains/gcc_arm/13.2.rel1/bin/../lib/gcc/arm-none-eabi/13.2.1/thumb/v8-m.main+fp/hard\libg_nano.a(libc_a-dtoa.o)
                0x00003a18                _dtoa_r
 .text._free_r  0x00004594       0x94 C:/Renesas/RA/e2studio_v2025-04_fsp_v5.9.0/toolchains/gcc_arm/13.2.rel1/bin/../lib/gcc/arm-none-eabi/13.2.1/thumb/v8-m.main+fp/hard\libg_nano.a(libc_a-freer.o)
                0x00004594                _free_r
 .text.malloc   0x00004628       0x10 C:/Renesas/RA/e2studio_v2025-04_fsp_v5.9.0/toolchains/gcc_arm/13.2.rel1/bin/../lib/gcc/arm-none-eabi/13.2.1/thumb/v8-m.main+fp/hard\libg_nano.a(libc_a-malloc.o)
                0x00004628                malloc
 .text.sbrk_aligned
                0x00004638       0x44 C:/Renesas/RA/e2studio_v2025-04_fsp_v5.9.0/toolchains/gcc_arm/13.2.rel1/bin/../lib/gcc/arm-none-eabi/13.2.1/thumb/v8-m.main+fp/hard\libg_nano.a(libc_a-mallocr.o)
 .text._malloc_r
                0x0000467c      0x100 C:/Renesas/RA/e2studio_v2025-04_fsp_v5.9.0/toolchains/gcc_arm/13.2.rel1/bin/../lib/gcc/arm-none-eabi/13.2.1/thumb/v8-m.main+fp/hard\libg_nano.a(libc_a-mallocr.o)
                0x0000467c                _malloc_r
 .text.__malloc_lock
                0x0000477c        0xc C:/Renesas/RA/e2studio_v2025-04_fsp_v5.9.0/toolchains/gcc_arm/13.2.rel1/bin/../lib/gcc/arm-none-eabi/13.2.1/thumb/v8-m.main+fp/hard\libg_nano.a(libc_a-mlock.o)
                0x0000477c                __malloc_lock
 .text.__malloc_unlock
                0x00004788        0xc C:/Renesas/RA/e2studio_v2025-04_fsp_v5.9.0/toolchains/gcc_arm/13.2.rel1/bin/../lib/gcc/arm-none-eabi/13.2.1/thumb/v8-m.main+fp/hard\libg_nano.a(libc_a-mlock.o)
                0x00004788                __malloc_unlock
 .text._Balloc  0x00004794       0x80 C:/Renesas/RA/e2studio_v2025-04_fsp_v5.9.0/toolchains/gcc_arm/13.2.rel1/bin/../lib/gcc/arm-none-eabi/13.2.1/thumb/v8-m.main+fp/hard\libg_nano.a(libc_a-mprec.o)
                0x00004794                _Balloc
 .text._Bfree   0x00004814       0x44 C:/Renesas/RA/e2studio_v2025-04_fsp_v5.9.0/toolchains/gcc_arm/13.2.rel1/bin/../lib/gcc/arm-none-eabi/13.2.1/thumb/v8-m.main+fp/hard\libg_nano.a(libc_a-mprec.o)
                0x00004814                _Bfree
 .text.__multadd
                0x00004858       0x90 C:/Renesas/RA/e2studio_v2025-04_fsp_v5.9.0/toolchains/gcc_arm/13.2.rel1/bin/../lib/gcc/arm-none-eabi/13.2.1/thumb/v8-m.main+fp/hard\libg_nano.a(libc_a-mprec.o)
                0x00004858                __multadd
 .text.__hi0bits
                0x000048e8       0x3e C:/Renesas/RA/e2studio_v2025-04_fsp_v5.9.0/toolchains/gcc_arm/13.2.rel1/bin/../lib/gcc/arm-none-eabi/13.2.1/thumb/v8-m.main+fp/hard\libg_nano.a(libc_a-mprec.o)
                0x000048e8                __hi0bits
 .text.__lo0bits
                0x00004926       0x5a C:/Renesas/RA/e2studio_v2025-04_fsp_v5.9.0/toolchains/gcc_arm/13.2.rel1/bin/../lib/gcc/arm-none-eabi/13.2.1/thumb/v8-m.main+fp/hard\libg_nano.a(libc_a-mprec.o)
                0x00004926                __lo0bits
 .text.__i2b    0x00004980       0x2c C:/Renesas/RA/e2studio_v2025-04_fsp_v5.9.0/toolchains/gcc_arm/13.2.rel1/bin/../lib/gcc/arm-none-eabi/13.2.1/thumb/v8-m.main+fp/hard\libg_nano.a(libc_a-mprec.o)
                0x00004980                __i2b
 .text.__multiply
                0x000049ac      0x148 C:/Renesas/RA/e2studio_v2025-04_fsp_v5.9.0/toolchains/gcc_arm/13.2.rel1/bin/../lib/gcc/arm-none-eabi/13.2.1/thumb/v8-m.main+fp/hard\libg_nano.a(libc_a-mprec.o)
                0x000049ac                __multiply
 .text.__pow5mult
                0x00004af4       0xb4 C:/Renesas/RA/e2studio_v2025-04_fsp_v5.9.0/toolchains/gcc_arm/13.2.rel1/bin/../lib/gcc/arm-none-eabi/13.2.1/thumb/v8-m.main+fp/hard\libg_nano.a(libc_a-mprec.o)
                0x00004af4                __pow5mult
 .text.__lshift
                0x00004ba8       0xd8 C:/Renesas/RA/e2studio_v2025-04_fsp_v5.9.0/toolchains/gcc_arm/13.2.rel1/bin/../lib/gcc/arm-none-eabi/13.2.1/thumb/v8-m.main+fp/hard\libg_nano.a(libc_a-mprec.o)
                0x00004ba8                __lshift
 .text.__mcmp   0x00004c80       0x36 C:/Renesas/RA/e2studio_v2025-04_fsp_v5.9.0/toolchains/gcc_arm/13.2.rel1/bin/../lib/gcc/arm-none-eabi/13.2.1/thumb/v8-m.main+fp/hard\libg_nano.a(libc_a-mprec.o)
                0x00004c80                __mcmp
 *fill*         0x00004cb6        0x2 ff
 .text.__mdiff  0x00004cb8      0x130 C:/Renesas/RA/e2studio_v2025-04_fsp_v5.9.0/toolchains/gcc_arm/13.2.rel1/bin/../lib/gcc/arm-none-eabi/13.2.1/thumb/v8-m.main+fp/hard\libg_nano.a(libc_a-mprec.o)
                0x00004cb8                __mdiff
 .text.__d2b    0x00004de8       0xb0 C:/Renesas/RA/e2studio_v2025-04_fsp_v5.9.0/toolchains/gcc_arm/13.2.rel1/bin/../lib/gcc/arm-none-eabi/13.2.1/thumb/v8-m.main+fp/hard\libg_nano.a(libc_a-mprec.o)
                0x00004de8                __d2b
 .text.__sfputc_r
                0x00004e98       0x2e C:/Renesas/RA/e2studio_v2025-04_fsp_v5.9.0/toolchains/gcc_arm/13.2.rel1/bin/../lib/gcc/arm-none-eabi/13.2.1/thumb/v8-m.main+fp/hard\libg_nano.a(libc_a-nano-vfprintf.o)
 .text.__sfputs_r
                0x00004ec6       0x24 C:/Renesas/RA/e2studio_v2025-04_fsp_v5.9.0/toolchains/gcc_arm/13.2.rel1/bin/../lib/gcc/arm-none-eabi/13.2.1/thumb/v8-m.main+fp/hard\libg_nano.a(libc_a-nano-vfprintf.o)
                0x00004ec6                __sfputs_r
 *fill*         0x00004eea        0x2 ff
 .text._vfprintf_r
                0x00004eec      0x230 C:/Renesas/RA/e2studio_v2025-04_fsp_v5.9.0/toolchains/gcc_arm/13.2.rel1/bin/../lib/gcc/arm-none-eabi/13.2.1/thumb/v8-m.main+fp/hard\libg_nano.a(libc_a-nano-vfprintf.o)
                0x00004eec                _vfprintf_r
                0x00004eec                _vfiprintf_r
 .text.__sflush_r
                0x0000511c      0x108 C:/Renesas/RA/e2studio_v2025-04_fsp_v5.9.0/toolchains/gcc_arm/13.2.rel1/bin/../lib/gcc/arm-none-eabi/13.2.1/thumb/v8-m.main+fp/hard\libg_nano.a(libc_a-fflush.o)
                0x0000511c                __sflush_r
 .text._fflush_r
                0x00005224       0x50 C:/Renesas/RA/e2studio_v2025-04_fsp_v5.9.0/toolchains/gcc_arm/13.2.rel1/bin/../lib/gcc/arm-none-eabi/13.2.1/thumb/v8-m.main+fp/hard\libg_nano.a(libc_a-fflush.o)
                0x00005224                _fflush_r
 .text.__swhatbuf_r
                0x00005274       0x4a C:/Renesas/RA/e2studio_v2025-04_fsp_v5.9.0/toolchains/gcc_arm/13.2.rel1/bin/../lib/gcc/arm-none-eabi/13.2.1/thumb/v8-m.main+fp/hard\libg_nano.a(libc_a-makebuf.o)
                0x00005274                __swhatbuf_r
 .text.__smakebuf_r
                0x000052be       0x78 C:/Renesas/RA/e2studio_v2025-04_fsp_v5.9.0/toolchains/gcc_arm/13.2.rel1/bin/../lib/gcc/arm-none-eabi/13.2.1/thumb/v8-m.main+fp/hard\libg_nano.a(libc_a-makebuf.o)
                0x000052be                __smakebuf_r
 *fill*         0x00005336        0x2 ff
 .text._fstat_r
                0x00005338       0x24 C:/Renesas/RA/e2studio_v2025-04_fsp_v5.9.0/toolchains/gcc_arm/13.2.rel1/bin/../lib/gcc/arm-none-eabi/13.2.1/thumb/v8-m.main+fp/hard\libg_nano.a(libc_a-fstatr.o)
                0x00005338                _fstat_r
 .text._isatty_r
                0x0000535c       0x20 C:/Renesas/RA/e2studio_v2025-04_fsp_v5.9.0/toolchains/gcc_arm/13.2.rel1/bin/../lib/gcc/arm-none-eabi/13.2.1/thumb/v8-m.main+fp/hard\libg_nano.a(libc_a-isattyr.o)
                0x0000535c                _isatty_r
 .text._sbrk_r  0x0000537c       0x20 C:/Renesas/RA/e2studio_v2025-04_fsp_v5.9.0/toolchains/gcc_arm/13.2.rel1/bin/../lib/gcc/arm-none-eabi/13.2.1/thumb/v8-m.main+fp/hard\libg_nano.a(libc_a-sbrkr.o)
                0x0000537c                _sbrk_r
 .text._calloc_r
                0x0000539c       0x28 C:/Renesas/RA/e2studio_v2025-04_fsp_v5.9.0/toolchains/gcc_arm/13.2.rel1/bin/../lib/gcc/arm-none-eabi/13.2.1/thumb/v8-m.main+fp/hard\libg_nano.a(libc_a-callocr.o)
                0x0000539c                _calloc_r
 .text.__ascii_mbtowc
                0x000053c4       0x24 C:/Renesas/RA/e2studio_v2025-04_fsp_v5.9.0/toolchains/gcc_arm/13.2.rel1/bin/../lib/gcc/arm-none-eabi/13.2.1/thumb/v8-m.main+fp/hard\libg_nano.a(libc_a-mbtowc_r.o)
                0x000053c4                __ascii_mbtowc
 .text.__ascii_wctomb
                0x000053e8       0x1a C:/Renesas/RA/e2studio_v2025-04_fsp_v5.9.0/toolchains/gcc_arm/13.2.rel1/bin/../lib/gcc/arm-none-eabi/13.2.1/thumb/v8-m.main+fp/hard\libg_nano.a(libc_a-wctomb_r.o)
                0x000053e8                __ascii_wctomb
 *fill*         0x00005402        0x2 ff
 .text          0x00005404      0x424 C:/Renesas/RA/e2studio_v2025-04_fsp_v5.9.0/toolchains/gcc_arm/13.2.rel1/bin/../lib/gcc/arm-none-eabi/13.2.1/thumb/v8-m.main+fp/hard\libgcc.a(_arm_muldivdf3.o)
                0x00005404                __aeabi_dmul
                0x00005404                __muldf3
                0x00005658                __divdf3
                0x00005658                __aeabi_ddiv
 .text          0x00005828      0x110 C:/Renesas/RA/e2studio_v2025-04_fsp_v5.9.0/toolchains/gcc_arm/13.2.rel1/bin/../lib/gcc/arm-none-eabi/13.2.1/thumb/v8-m.main+fp/hard\libgcc.a(_arm_cmpdf2.o)
                0x00005828                __gtdf2
                0x00005828                __gedf2
                0x00005830                __ltdf2
                0x00005830                __ledf2
                0x00005838                __nedf2
                0x00005838                __eqdf2
                0x00005838                __cmpdf2
                0x000058b4                __aeabi_cdrcmple
                0x000058c4                __aeabi_cdcmpeq
                0x000058c4                __aeabi_cdcmple
                0x000058d4                __aeabi_dcmpeq
                0x000058e8                __aeabi_dcmplt
                0x000058fc                __aeabi_dcmple
                0x00005910                __aeabi_dcmpge
                0x00005924                __aeabi_dcmpgt
 .text          0x00005938       0x2c C:/Renesas/RA/e2studio_v2025-04_fsp_v5.9.0/toolchains/gcc_arm/13.2.rel1/bin/../lib/gcc/arm-none-eabi/13.2.1/thumb/v8-m.main+fp/hard\libgcc.a(_arm_unorddf2.o)
                0x00005938                __unorddf2
                0x00005938                __aeabi_dcmpun
 .text          0x00005964       0x50 C:/Renesas/RA/e2studio_v2025-04_fsp_v5.9.0/toolchains/gcc_arm/13.2.rel1/bin/../lib/gcc/arm-none-eabi/13.2.1/thumb/v8-m.main+fp/hard\libgcc.a(_arm_fixdfsi.o)
                0x00005964                __aeabi_d2iz
                0x00005964                __fixdfsi
 .text._close   0x000059b4       0x10 C:/Renesas/RA/e2studio_v2025-04_fsp_v5.9.0/toolchains/gcc_arm/13.2.rel1/bin/../lib/gcc/arm-none-eabi/13.2.1/thumb/v8-m.main+fp/hard\libnosys.a(close.o)
                0x000059b4                _close
 .text._fstat   0x000059c4       0x10 C:/Renesas/RA/e2studio_v2025-04_fsp_v5.9.0/toolchains/gcc_arm/13.2.rel1/bin/../lib/gcc/arm-none-eabi/13.2.1/thumb/v8-m.main+fp/hard\libnosys.a(fstat.o)
                0x000059c4                _fstat
 .text._isatty  0x000059d4       0x10 C:/Renesas/RA/e2studio_v2025-04_fsp_v5.9.0/toolchains/gcc_arm/13.2.rel1/bin/../lib/gcc/arm-none-eabi/13.2.1/thumb/v8-m.main+fp/hard\libnosys.a(isatty.o)
                0x000059d4                _isatty
 .text._lseek   0x000059e4       0x10 C:/Renesas/RA/e2studio_v2025-04_fsp_v5.9.0/toolchains/gcc_arm/13.2.rel1/bin/../lib/gcc/arm-none-eabi/13.2.1/thumb/v8-m.main+fp/hard\libnosys.a(lseek.o)
                0x000059e4                _lseek
 .text._read    0x000059f4       0x10 C:/Renesas/RA/e2studio_v2025-04_fsp_v5.9.0/toolchains/gcc_arm/13.2.rel1/bin/../lib/gcc/arm-none-eabi/13.2.1/thumb/v8-m.main+fp/hard\libnosys.a(read.o)
                0x000059f4                _read
 *(.version)
 .version       0x00005a04       0x50 ./ra/fsp/src/bsp/mcu/all/bsp_common.o
 *(.init)
 .init          0x00005a54        0x4 C:/Renesas/RA/e2studio_v2025-04_fsp_v5.9.0/toolchains/gcc_arm/13.2.rel1/bin/../lib/gcc/arm-none-eabi/13.2.1/thumb/v8-m.main+fp/hard/crti.o
                0x00005a54                _init
 .init          0x00005a58        0x8 C:/Renesas/RA/e2studio_v2025-04_fsp_v5.9.0/toolchains/gcc_arm/13.2.rel1/bin/../lib/gcc/arm-none-eabi/13.2.1/thumb/v8-m.main+fp/hard/crtn.o
 *(.fini)
 .fini          0x00005a60        0x4 C:/Renesas/RA/e2studio_v2025-04_fsp_v5.9.0/toolchains/gcc_arm/13.2.rel1/bin/../lib/gcc/arm-none-eabi/13.2.1/thumb/v8-m.main+fp/hard/crti.o
                0x00005a60                _fini
 .fini          0x00005a64        0x8 C:/Renesas/RA/e2studio_v2025-04_fsp_v5.9.0/toolchains/gcc_arm/13.2.rel1/bin/../lib/gcc/arm-none-eabi/13.2.1/thumb/v8-m.main+fp/hard/crtn.o
 *crtbegin.o(.ctors)
 *crtbegin?.o(.ctors)
 *(EXCLUDE_FILE(*crtend.o *crtend?.o) .ctors)
 *(SORT_BY_NAME(.ctors.*))
 *(.ctors)
 *crtbegin.o(.dtors)
 *crtbegin?.o(.dtors)
 *(EXCLUDE_FILE(*crtend.o *crtend?.o) .dtors)
 *(SORT_BY_NAME(.dtors.*))
 *(.dtors)
 *(.rodata*)
 .rodata.platform_write.str1.4
                0x00005a6c       0xbe ./src/hal_entry.o
                                 0x27 (size before relaxing)
 .rodata.hal_entry.str1.4
                0x00005b2a       0x83 ./src/hal_entry.o
 *fill*         0x00005b2a        0x2 ff
 .rodata.__func__.0
                0x00005b2c        0xf ./src/hal_entry.o
 *fill*         0x00005b3b        0x1 ff
 .rodata.__func__.1
                0x00005b3c        0xe ./src/hal_entry.o
 *fill*         0x00005b4a        0x2 ff
 .rodata.__func__.2
                0x00005b4c        0xa ./src/hal_entry.o
 .rodata.Send_Byte.str1.4
                0x00005b56       0x22 ./src/oled.o
 *fill*         0x00005b56        0x2 ff
 .rodata.__func__.0
                0x00005b58        0xd ./src/oled.o
 *fill*         0x00005b65        0x3 ff
 .rodata.__func__.1
                0x00005b68        0xd ./src/oled.o
 *fill*         0x00005b75        0x3 ff
 .rodata.asc2_2412
                0x00005b78      0xd5c ./src/oled.o
                0x00005b78                asc2_2412
 .rodata.asc2_1608
                0x000068d4      0x5f0 ./src/oled.o
                0x000068d4                asc2_1608
 .rodata.asc2_1206
                0x00006ec4      0x474 ./src/oled.o
                0x00006ec4                asc2_1206
 .rodata.asc2_0806
                0x00007338      0x228 ./src/oled.o
                0x00007338                asc2_0806
 .rodata.g_i2c_master0_cfg
                0x00007560       0x28 ./ra_gen/hal_data.o
                0x00007560                g_i2c_master0_cfg
 .rodata.g_i2c_master0_extend
                0x00007588        0x8 ./ra_gen/hal_data.o
                0x00007588                g_i2c_master0_extend
 .rodata.g_uart9_cfg
                0x00007590       0x20 ./ra_gen/hal_data.o
                0x00007590                g_uart9_cfg
 .rodata.g_uart9_cfg_extend
                0x000075b0       0x14 ./ra_gen/hal_data.o
                0x000075b0                g_uart9_cfg_extend
 .rodata.g_i2c2_cfg
                0x000075c4       0x28 ./ra_gen/hal_data.o
                0x000075c4                g_i2c2_cfg
 .rodata.g_i2c2_cfg_extend
                0x000075ec        0x6 ./ra_gen/hal_data.o
                0x000075ec                g_i2c2_cfg_extend
 *fill*         0x000075f2        0x2 ff
 .rodata.g_bsp_pin_cfg
                0x000075f4        0xc ./ra_gen/pin_data.o
                0x000075f4                g_bsp_pin_cfg
 .rodata.g_bsp_pin_cfg_data
                0x00007600       0x48 ./ra_gen/pin_data.o
                0x00007600                g_bsp_pin_cfg_data
 .rodata.g_interrupt_event_link_select
                0x00007648       0x14 ./ra_gen/vector_data.o
                0x00007648                g_interrupt_event_link_select
 .rodata.g_vbatt_pins_input
                0x0000765c        0x6 ./ra/fsp/src/r_ioport/r_ioport.o
 *fill*         0x00007662        0x2 ff
 .rodata.g_prcr_masks
                0x00007664        0x8 ./ra/fsp/src/bsp/mcu/all/bsp_register_protection.o
 .rodata._printf_float.str1.1
                0x0000766c      0x137 C:/Renesas/RA/e2studio_v2025-04_fsp_v5.9.0/toolchains/gcc_arm/13.2.rel1/bin/../lib/gcc/arm-none-eabi/13.2.1/thumb/v8-m.main+fp/hard\libg_nano.a(libc_a-nano-vfprintf_float.o)
                                 0x12 (size before relaxing)
 .rodata._printf_i.str1.1
                0x000077a3       0x22 C:/Renesas/RA/e2studio_v2025-04_fsp_v5.9.0/toolchains/gcc_arm/13.2.rel1/bin/../lib/gcc/arm-none-eabi/13.2.1/thumb/v8-m.main+fp/hard\libg_nano.a(libc_a-nano-vfprintf_i.o)
 .rodata._dtoa_r.str1.1
                0x000077a3       0x90 C:/Renesas/RA/e2studio_v2025-04_fsp_v5.9.0/toolchains/gcc_arm/13.2.rel1/bin/../lib/gcc/arm-none-eabi/13.2.1/thumb/v8-m.main+fp/hard\libg_nano.a(libc_a-dtoa.o)
 .rodata._Balloc.str1.1
                0x000077a3       0x71 C:/Renesas/RA/e2studio_v2025-04_fsp_v5.9.0/toolchains/gcc_arm/13.2.rel1/bin/../lib/gcc/arm-none-eabi/13.2.1/thumb/v8-m.main+fp/hard\libg_nano.a(libc_a-mprec.o)
 .rodata.__multadd.str1.1
                0x000077a3       0x11 C:/Renesas/RA/e2studio_v2025-04_fsp_v5.9.0/toolchains/gcc_arm/13.2.rel1/bin/../lib/gcc/arm-none-eabi/13.2.1/thumb/v8-m.main+fp/hard\libg_nano.a(libc_a-mprec.o)
 *fill*         0x000077a3        0x1 ff
 .rodata.p05.0  0x000077a4        0xc C:/Renesas/RA/e2studio_v2025-04_fsp_v5.9.0/toolchains/gcc_arm/13.2.rel1/bin/../lib/gcc/arm-none-eabi/13.2.1/thumb/v8-m.main+fp/hard\libg_nano.a(libc_a-mprec.o)
 .rodata.__mprec_bigtens
                0x000077b0       0x28 C:/Renesas/RA/e2studio_v2025-04_fsp_v5.9.0/toolchains/gcc_arm/13.2.rel1/bin/../lib/gcc/arm-none-eabi/13.2.1/thumb/v8-m.main+fp/hard\libg_nano.a(libc_a-mprec.o)
                0x000077b0                __mprec_bigtens
 .rodata.__mprec_tens
                0x000077d8       0xc8 C:/Renesas/RA/e2studio_v2025-04_fsp_v5.9.0/toolchains/gcc_arm/13.2.rel1/bin/../lib/gcc/arm-none-eabi/13.2.1/thumb/v8-m.main+fp/hard\libg_nano.a(libc_a-mprec.o)
                0x000077d8                __mprec_tens
 .rodata._vfprintf_r.str1.1
                0x000078a0       0x11 C:/Renesas/RA/e2studio_v2025-04_fsp_v5.9.0/toolchains/gcc_arm/13.2.rel1/bin/../lib/gcc/arm-none-eabi/13.2.1/thumb/v8-m.main+fp/hard\libg_nano.a(libc_a-nano-vfprintf.o)
 .rodata._setlocale_r.str1.1
                0x000078a0        0x9 C:/Renesas/RA/e2studio_v2025-04_fsp_v5.9.0/toolchains/gcc_arm/13.2.rel1/bin/../lib/gcc/arm-none-eabi/13.2.1/thumb/v8-m.main+fp/hard\libg_nano.a(libc_a-locale.o)
 .rodata.str1.1
                0x000078a0        0x2 C:/Renesas/RA/e2studio_v2025-04_fsp_v5.9.0/toolchains/gcc_arm/13.2.rel1/bin/../lib/gcc/arm-none-eabi/13.2.1/thumb/v8-m.main+fp/hard\libg_nano.a(libc_a-locale.o)
 .rodata._ctype_
                0x000078a0      0x101 C:/Renesas/RA/e2studio_v2025-04_fsp_v5.9.0/toolchains/gcc_arm/13.2.rel1/bin/../lib/gcc/arm-none-eabi/13.2.1/thumb/v8-m.main+fp/hard\libg_nano.a(libc_a-ctype_.o)
                0x000078a0                _ctype_
                0x000079a1                        __usb_dev_descriptor_start_fs = .
 *(.usb_device_desc_fs*)
                0x000079a1                        __usb_cfg_descriptor_start_fs = .
 *(.usb_config_desc_fs*)
                0x000079a1                        __usb_interface_descriptor_start_fs = .
 *(.usb_interface_desc_fs*)
                0x000079a1                        __usb_descriptor_end_fs = .
                0x000079a1                        __usb_dev_descriptor_start_hs = .
 *(.usb_device_desc_hs*)
                0x000079a1                        __usb_cfg_descriptor_start_hs = .
 *(.usb_config_desc_hs*)
                0x000079a1                        __usb_interface_descriptor_start_hs = .
 *(.usb_interface_desc_hs*)
                0x000079a1                        __usb_descriptor_end_hs = .
 *(.eh_frame*)
 *fill*         0x000079a1        0x3 ff
 .eh_frame      0x000079a4        0x0 C:/Renesas/RA/e2studio_v2025-04_fsp_v5.9.0/toolchains/gcc_arm/13.2.rel1/bin/../lib/gcc/arm-none-eabi/13.2.1/thumb/v8-m.main+fp/hard/crtbegin.o
 .eh_frame      0x000079a4       0x28 C:/Renesas/RA/e2studio_v2025-04_fsp_v5.9.0/toolchains/gcc_arm/13.2.rel1/bin/../lib/gcc/arm-none-eabi/13.2.1/thumb/v8-m.main+fp/hard\libg_nano.a(libc_a-strlen.o)
 .eh_frame      0x000079cc        0x4 C:/Renesas/RA/e2studio_v2025-04_fsp_v5.9.0/toolchains/gcc_arm/13.2.rel1/bin/../lib/gcc/arm-none-eabi/13.2.1/thumb/v8-m.main+fp/hard/crtend.o
                0x000079d0                        __ROM_End = .
                0x00000068                        __Vectors_Size = (__Vectors_End - __Vectors)

.glue_7         0x000079d0        0x0
 .glue_7        0x000079d0        0x0 linker stubs

.glue_7t        0x000079d0        0x0
 .glue_7t       0x000079d0        0x0 linker stubs

.vfp11_veneer   0x000079d0        0x0
 .vfp11_veneer  0x000079d0        0x0 linker stubs

.v4_bx          0x000079d0        0x0
 .v4_bx         0x000079d0        0x0 linker stubs

.iplt           0x000079d0        0x0
 .iplt          0x000079d0        0x0 C:/Renesas/RA/e2studio_v2025-04_fsp_v5.9.0/toolchains/gcc_arm/13.2.rel1/bin/../lib/gcc/arm-none-eabi/13.2.1/thumb/v8-m.main+fp/hard/crtbegin.o
                0x000079d0                        . = .
                0x000079d0                        __itcm_data_pre_location = .

.itcm_data      0x00000000        0x0 load address 0x000079d0
                0x00000000                        __tz_ITCM_S = ABSOLUTE (ITCM_START)
                0x00000000                        __itcm_data_start = .
 *(.itcm_data*)
                0x00000000                        . = ALIGN (0x8)
                0x00000000                        __itcm_data_end = .
                0x00000000                        __tz_ITCM_N = DEFINED (ITCM_NS_START)?ABSOLUTE (ITCM_NS_START):ALIGN (__itcm_data_end, 0x2000)
                0x000079d0                        __itcm_data_init_start = LOADADDR (.itcm_data)
                0x000079d0                        __itcm_data_init_end = (LOADADDR (.itcm_data) + SIZEOF (.itcm_data))
                0x00000001                        ASSERT (((ORIGIN (ITCM) % 0x8) == 0x0), ITCM memory region origin must be aligned to 8 bytes.)
                0x00000001                        ASSERT (((LENGTH (ITCM) % 0x8) == 0x0), ITCM memory region length must be a multiple of 8 bytes.)
                0x00000001                        ASSERT (((LOADADDR (.itcm_data) % 0x10) == 0x0), .itcm_data section must be aligned to 16 bytes.)
                0x00000001                        ASSERT (((SIZEOF (.itcm_data) % 0x8) == 0x0), .itcm_data section size must be a multiple of 8 bytes.)
                0x000079d0                        . = (SIZEOF (.itcm_data) > 0x0)?__itcm_data_init_end:__itcm_data_pre_location
                0x000079d0                        __exidx_start = .

/DISCARD/
 *(.ARM.extab* .gnu.linkonce.armextab.*)
 *(.ARM.exidx* .gnu.linkonce.armexidx.*)
                0x000079d0                        __exidx_end = .
                0x000079d0                        __etext = .
                0x20000000                        __tz_RAM_S = ORIGIN (RAM)

.fsp_dtc_vector_table
                0x20000000        0x0
                0x20000000                        . = ORIGIN (RAM)
 *(.fsp_dtc_vector_table)

.data           0x20000000      0x1e4 load address 0x000079d0
                0x20000000                        __data_start__ = .
                0x20000000                        . = ALIGN (0x4)
                0x20000000                        __Code_In_RAM_Start = .
 *(.code_in_ram*)
                0x20000000                        __Code_In_RAM_End = .
 *(vtable)
 *(.data.*)
 .data.i2c2_timeout_ms
                0x20000000        0x4 ./src/hal_entry.o
                0x20000000                i2c2_timeout_ms
 .data.i2c2_event
                0x20000004        0x1 ./src/hal_entry.o
                0x20000004                i2c2_event
 *fill*         0x20000005        0x3 
 .data.timeout_ms
                0x20000008        0x4 ./src/hal_entry.o
                0x20000008                timeout_ms
 .data.i2c_event
                0x2000000c        0x1 ./src/hal_entry.o
                0x2000000c                i2c_event
 *fill*         0x2000000d        0x3 
 .data.g_uart9_baud_setting
                0x20000010        0x4 ./ra_gen/hal_data.o
                0x20000010                g_uart9_baud_setting
 .data.__sglue  0x20000014        0xc C:/Renesas/RA/e2studio_v2025-04_fsp_v5.9.0/toolchains/gcc_arm/13.2.rel1/bin/../lib/gcc/arm-none-eabi/13.2.1/thumb/v8-m.main+fp/hard\libg_nano.a(libc_a-findfp.o)
                0x20000014                __sglue
 .data._impure_ptr
                0x20000020        0x4 C:/Renesas/RA/e2studio_v2025-04_fsp_v5.9.0/toolchains/gcc_arm/13.2.rel1/bin/../lib/gcc/arm-none-eabi/13.2.1/thumb/v8-m.main+fp/hard\libg_nano.a(libc_a-impure.o)
                0x20000020                _impure_ptr
 .data._impure_data
                0x20000024       0x4c C:/Renesas/RA/e2studio_v2025-04_fsp_v5.9.0/toolchains/gcc_arm/13.2.rel1/bin/../lib/gcc/arm-none-eabi/13.2.1/thumb/v8-m.main+fp/hard\libg_nano.a(libc_a-impure.o)
                0x20000024                _impure_data
 .data.__global_locale
                0x20000070      0x16c C:/Renesas/RA/e2studio_v2025-04_fsp_v5.9.0/toolchains/gcc_arm/13.2.rel1/bin/../lib/gcc/arm-none-eabi/13.2.1/thumb/v8-m.main+fp/hard\libg_nano.a(libc_a-locale.o)
                0x20000070                __global_locale
 *(.data)
                0x200001dc                        . = ALIGN (0x4)
                0x200001dc                        PROVIDE (__preinit_array_start = .)
 *(.preinit_array)
                0x200001dc                        PROVIDE (__preinit_array_end = .)
                0x200001dc                        . = ALIGN (0x4)
                0x200001dc                        PROVIDE (__init_array_start = .)
 *(SORT_BY_NAME(.init_array.*))
 *(.init_array)
 .init_array    0x200001dc        0x4 C:/Renesas/RA/e2studio_v2025-04_fsp_v5.9.0/toolchains/gcc_arm/13.2.rel1/bin/../lib/gcc/arm-none-eabi/13.2.1/thumb/v8-m.main+fp/hard/crtbegin.o
                0x200001e0                        PROVIDE (__init_array_end = .)
                0x200001e0                        . = ALIGN (0x4)
                [!provide]                        PROVIDE (__fini_array_start = .)
 *(SORT_BY_NAME(.fini_array.*))
 *(.fini_array)
 .fini_array    0x200001e0        0x4 C:/Renesas/RA/e2studio_v2025-04_fsp_v5.9.0/toolchains/gcc_arm/13.2.rel1/bin/../lib/gcc/arm-none-eabi/13.2.1/thumb/v8-m.main+fp/hard/crtbegin.o
                [!provide]                        PROVIDE (__fini_array_end = .)
 *(.jcr*)
                0x200001e4                        . = ALIGN (0x4)
                0x200001e4                        __data_end__ = .

.tm_clone_table
                0x200001e4        0x0 load address 0x00007bb4
 .tm_clone_table
                0x200001e4        0x0 C:/Renesas/RA/e2studio_v2025-04_fsp_v5.9.0/toolchains/gcc_arm/13.2.rel1/bin/../lib/gcc/arm-none-eabi/13.2.1/thumb/v8-m.main+fp/hard/crtbegin.o
 .tm_clone_table
                0x200001e4        0x0 C:/Renesas/RA/e2studio_v2025-04_fsp_v5.9.0/toolchains/gcc_arm/13.2.rel1/bin/../lib/gcc/arm-none-eabi/13.2.1/thumb/v8-m.main+fp/hard/crtend.o

.igot.plt       0x200001e4        0x0 load address 0x00007bb4
 .igot.plt      0x200001e4        0x0 C:/Renesas/RA/e2studio_v2025-04_fsp_v5.9.0/toolchains/gcc_arm/13.2.rel1/bin/../lib/gcc/arm-none-eabi/13.2.1/thumb/v8-m.main+fp/hard/crtbegin.o
                0x200001e4                        . = .
                0x00007bb4                        __dtcm_data_pre_location = (LOADADDR (.data) + SIZEOF (.data))

.dtcm_data      0x00000000        0x0 load address 0x00007bc0
                0x00000000                        __tz_DTCM_S = ABSOLUTE (DTCM_START)
                0x00000000                        __dtcm_data_start = .
 *(.dtcm_data*)
                0x00000000                        . = ALIGN (0x8)
                0x00000000                        __dtcm_data_end = .
                0x00000000                        . = __dtcm_data_end

.dtcm_bss       0x00000000        0x0
                0x00000000                        __dtcm_bss_start = .
 *(.dtcm_bss*)
                0x00000000                        . = ALIGN (0x8)
                0x00000000                        __dtcm_bss_end = .
                0x00000000                        __tz_DTCM_N = DEFINED (DTCM_NS_START)?ABSOLUTE (DTCM_NS_START):ALIGN (__dtcm_bss_end, 0x2000)
                0x00007bc0                        __dtcm_data_init_start = LOADADDR (.dtcm_data)
                0x00007bc0                        __dtcm_data_init_end = (LOADADDR (.dtcm_data) + SIZEOF (.dtcm_data))
                0x00000001                        ASSERT (((ORIGIN (DTCM) % 0x8) == 0x0), DTCM memory region origin must be aligned to 8 bytes.)
                0x00000001                        ASSERT (((LENGTH (DTCM) % 0x8) == 0x0), DTCM memory region length must be a multiple of 8 bytes.)
                0x00000001                        ASSERT ((LOADADDR (.dtcm_bss) == ADDR (.dtcm_bss)), .dtcm_bss has (VMA != LMA) but should be NOLOAD (VMA == LMA).)
                0x00000001                        ASSERT (((LOADADDR (.dtcm_data) % 0x10) == 0x0), .dtcm_data section must be aligned to 16 bytes.)
                0x00000001                        ASSERT (((SIZEOF (.dtcm_data) % 0x8) == 0x0), .dtcm_data section size must be a multiple of 8 bytes.)
                0x00000001                        ASSERT (((LOADADDR (.dtcm_bss) % 0x8) == 0x0), .dtcm_bss section must be aligned to 8 bytes.)
                0x00000001                        ASSERT (((SIZEOF (.dtcm_bss) % 0x8) == 0x0), .dtcm_bss section size must be a multiple of 8 bytes.)
                0x00000001                        ASSERT ((__dtcm_bss_start == __dtcm_data_end), .dtcm_bss section is not adjacent to .dtcm_data section.)
                0x00007bb4                        . = (SIZEOF (.dtcm_data) > 0x0)?__dtcm_data_init_end:__dtcm_data_pre_location
                0x00007bb4                        sgstubs_pre_location = .
                0x00007c00                        SGSTUBS_LOC = (DEFINED (PROJECT_SECURE) && DEFINED (FLASH_NSC_START))?ABSOLUTE (FLASH_NSC_START):ALIGN (0x400)

.gnu.sgstubs    0x00007c00        0x0
                0x00007c00                        __tz_FLASH_C = DEFINED (FLASH_NSC_START)?ABSOLUTE (FLASH_NSC_START):__RESERVE_NS_RAM?ABSOLUTE ((FLASH_START + FLASH_LENGTH)):ALIGN (0x400)
                0x00007c00                        _start_sg = .
 *(.gnu.sgstubs*)
                0x00007c00                        . = ALIGN (0x20)
                0x00007c00                        _end_sg = .
                0x00008000                        __tz_FLASH_N = DEFINED (FLASH_NS_START)?ABSOLUTE (FLASH_NS_START):__RESERVE_NS_RAM?ABSOLUTE ((FLASH_START + FLASH_LENGTH)):(FLASH_LENGTH < 0x8000)?FLASH_LENGTH:ALIGN (0x8000)
                0x00008000                        FLASH_NS_IMAGE_START = DEFINED (FLASH_NS_IMAGE_START)?FLASH_NS_IMAGE_START:__tz_FLASH_N
                0x60000000                        __tz_QSPI_FLASH_S = ORIGIN (QSPI_FLASH)

.qspi_flash     0x60000000        0x0
                0x60000000                        __qspi_flash_start__ = .
 *(.qspi_flash*)
 *(.code_in_qspi*)
                0x60000000                        __qspi_flash_end__ = .
                0x00000000                        __qspi_flash_code_size__ = (__qspi_flash_end__ - __qspi_flash_start__)
                0x00007bb4                        __qspi_flash_code_addr__ = sgstubs_pre_location

.qspi_non_retentive
                0x60000000        0x0 load address 0x00007bb4
                0x60000000                        __qspi_non_retentive_start__ = .
 *(.qspi_non_retentive*)
                0x60000000                        __qspi_non_retentive_end__ = .
                0x00000000                        __qspi_non_retentive_size__ = (__qspi_non_retentive_end__ - __qspi_non_retentive_start__)
                0x04000000                        __qspi_region_max_size__ = 0x4000000
                0x60000000                        __qspi_region_start_address__ = __qspi_flash_start__
                0x64000000                        __qspi_region_end_address__ = (__qspi_flash_start__ + __qspi_region_max_size__)
                0x60000000                        __tz_QSPI_FLASH_N = __qspi_non_retentive_end__

.OSPI_DEVICE_0_NO_LOAD
                0x80020000        0x0
                0x80020000                        . = ALIGN (0x4)
                0x80020000                        __ospi_device_0_start__ = .
 *(.ospi_device_0_no_load*)
                0x80020000                        . = ALIGN (0x4)
                0x80020000                        __ospi_device_0_end__ = .

.OSPI_DEVICE_1_NO_LOAD
                0x80030000        0x0
                0x80030000                        . = ALIGN (0x4)
                0x80030000                        __ospi_device_1_start__ = .
 *(.ospi_device_1_no_load*)
                0x80030000                        . = ALIGN (0x4)
                0x80030000                        __ospi_device_1_end__ = .
                0x80020000                        __tz_OSPI_DEVICE_0_S = ORIGIN (OSPI_DEVICE_0)

.OSPI_DEVICE_0  0x80020000        0x0
                0x80020000                        __ospi_device_0_start__ = .
 *(.ospi_device_0*)
 *(.code_in_ospi_device_0*)
                0x80020000                        __ospi_device_0_end__ = .
                0x00000000                        __ospi_device_0_code_size__ = (__ospi_device_0_end__ - __ospi_device_0_start__)
                0x00007bb4                        __ospi_device_0_code_addr__ = (sgstubs_pre_location + SIZEOF (.qspi_non_retentive))

.ospi_device_0_non_retentive
                0x80020000        0x0 load address 0x00007bb4
                0x80020000                        __ospi_device_0_non_retentive_start__ = .
 *(.ospi_device_0_non_retentive*)
                0x80020000                        __ospi_device_0_non_retentive_end__ = .
                0x00000000                        __ospi_device_0_non_retentive_size__ = (__ospi_device_0_non_retentive_end__ - __ospi_device_0_non_retentive_start__)
                0x08000000                        __ospi_device_0_region_max_size__ = 0x8000000
                0x80020000                        __ospi_device_0_region_start_address__ = __ospi_device_0_start__
                0x88020000                        __ospi_device_0_region_end_address__ = (__ospi_device_0_start__ + __ospi_device_0_region_max_size__)
                0x80020000                        __tz_OSPI_DEVICE_0_N = __ospi_device_0_non_retentive_end__
                0x80030000                        __tz_OSPI_DEVICE_1_S = ORIGIN (OSPI_DEVICE_1)

.OSPI_DEVICE_1  0x80030000        0x0
                0x80030000                        __ospi_device_1_start__ = .
 *(.ospi_device_1*)
 *(.code_in_ospi_device_1*)
                0x80030000                        __ospi_device_1_end__ = .
                0x00000000                        __ospi_device_1_code_size__ = (__ospi_device_1_end__ - __ospi_device_1_start__)
                0x00007bb4                        __ospi_device_1_code_addr__ = (sgstubs_pre_location + (SIZEOF (.qspi_non_retentive) + SIZEOF (.ospi_device_0_non_retentive)))

.ospi_device_1_non_retentive
                0x80030000        0x0 load address 0x00007bb4
                0x80030000                        __ospi_device_1_non_retentive_start__ = .
 *(.ospi_device_1_non_retentive*)
                0x80030000                        __ospi_device_1_non_retentive_end__ = .
                0x00000000                        __ospi_device_1_non_retentive_size__ = (__ospi_device_1_non_retentive_end__ - __ospi_device_1_non_retentive_start__)
                0x10000000                        __ospi_device_1_region_max_size__ = 0x10000000
                0x80030000                        __ospi_device_1_region_start_address__ = __ospi_device_1_start__
                0x90030000                        __ospi_device_1_region_end_address__ = (__ospi_device_1_start__ + __ospi_device_1_region_max_size__)
                0x80030000                        __tz_OSPI_DEVICE_1_N = __ospi_device_1_non_retentive_end__

.noinit         0x200001e4       0x1c
                0x200001e4                        . = ALIGN (0x4)
                0x200001e4                        __noinit_start = .
 *(.noinit*)
 .noinit        0x200001e4       0x1c ./ra/fsp/src/bsp/mcu/all/bsp_clocks.o
                0x20000200                        . = ALIGN (0x8)
 *(.heap.*)
                0x20000200                        __noinit_end = .

.bss            0x20000200      0x740
                0x20000200                        . = ALIGN (0x4)
                0x20000200                        __bss_start__ = .
 *(.bss*)
 .bss.completed.1
                0x20000200        0x1 C:/Renesas/RA/e2studio_v2025-04_fsp_v5.9.0/toolchains/gcc_arm/13.2.rel1/bin/../lib/gcc/arm-none-eabi/13.2.1/thumb/v8-m.main+fp/hard/crtbegin.o
 *fill*         0x20000201        0x3 
 .bss.object.0  0x20000204       0x18 C:/Renesas/RA/e2studio_v2025-04_fsp_v5.9.0/toolchains/gcc_arm/13.2.rel1/bin/../lib/gcc/arm-none-eabi/13.2.1/thumb/v8-m.main+fp/hard/crtbegin.o
 .bss.whoamI    0x2000021c        0x1 ./src/hal_entry.o
 *fill*         0x2000021d        0x3 
 .bss.acceleration_mg
                0x20000220       0x18 ./src/hal_entry.o
 .bss.data_raw_temperature
                0x20000238        0x2 ./src/hal_entry.o
 *fill*         0x2000023a        0x2 
 .bss.data_raw_acceleration
                0x2000023c        0x6 ./src/hal_entry.o
 .bss.uart_send_complete_flag
                0x20000242        0x1 ./src/hal_entry.o
                0x20000242                uart_send_complete_flag
 *fill*         0x20000243        0x1 
 .bss.err       0x20000244        0x4 ./src/hal_entry.o
                0x20000244                err
 .bss.OLED_GRAM
                0x20000248      0x480 ./src/oled.o
                0x20000248                OLED_GRAM
 .bss.g_ioport_ctrl
                0x200006c8        0x8 ./ra_gen/common_data.o
                0x200006c8                g_ioport_ctrl
 .bss.g_i2c_master0_ctrl
                0x200006d0       0x40 ./ra_gen/hal_data.o
                0x200006d0                g_i2c_master0_ctrl
 .bss.g_uart9_ctrl
                0x20000710       0x30 ./ra_gen/hal_data.o
                0x20000710                g_uart9_ctrl
 .bss.g_i2c2_ctrl
                0x20000740       0x40 ./ra_gen/hal_data.o
                0x20000740                g_i2c2_ctrl
 .bss.g_bsp_group_irq_sources
                0x20000780       0x38 ./ra/fsp/src/bsp/mcu/all/bsp_group_irq.o
                0x20000780                g_bsp_group_irq_sources
 .bss.g_protect_pfswe_counter
                0x200007b8        0x4 ./ra/fsp/src/bsp/mcu/all/bsp_io.o
                0x200007b8                g_protect_pfswe_counter
 .bss.gp_renesas_isr_context
                0x200007bc       0x28 ./ra/fsp/src/bsp/mcu/all/bsp_irq.o
                0x200007bc                gp_renesas_isr_context
 .bss.g_protect_counters
                0x200007e4        0x8 ./ra/fsp/src/bsp/mcu/all/bsp_register_protection.o
                0x200007e4                g_protect_counters
 .bss.current_heap_end.0
                0x200007ec        0x4 ./ra/fsp/src/bsp/mcu/all/bsp_sbrk.o
 .bss.SystemCoreClock
                0x200007f0        0x4 ./ra/fsp/src/bsp/cmsis/Device/RENESAS/Source/system.o
                0x200007f0                SystemCoreClock
 .bss.__sf      0x200007f4      0x138 C:/Renesas/RA/e2studio_v2025-04_fsp_v5.9.0/toolchains/gcc_arm/13.2.rel1/bin/../lib/gcc/arm-none-eabi/13.2.1/thumb/v8-m.main+fp/hard\libg_nano.a(libc_a-findfp.o)
                0x200007f4                __sf
 .bss.__stdio_exit_handler
                0x2000092c        0x4 C:/Renesas/RA/e2studio_v2025-04_fsp_v5.9.0/toolchains/gcc_arm/13.2.rel1/bin/../lib/gcc/arm-none-eabi/13.2.1/thumb/v8-m.main+fp/hard\libg_nano.a(libc_a-findfp.o)
                0x2000092c                __stdio_exit_handler
 .bss.errno     0x20000930        0x4 C:/Renesas/RA/e2studio_v2025-04_fsp_v5.9.0/toolchains/gcc_arm/13.2.rel1/bin/../lib/gcc/arm-none-eabi/13.2.1/thumb/v8-m.main+fp/hard\libg_nano.a(libc_a-reent.o)
                0x20000930                errno
 .bss.__lock___malloc_recursive_mutex
                0x20000934        0x1 C:/Renesas/RA/e2studio_v2025-04_fsp_v5.9.0/toolchains/gcc_arm/13.2.rel1/bin/../lib/gcc/arm-none-eabi/13.2.1/thumb/v8-m.main+fp/hard\libg_nano.a(libc_a-lock.o)
                0x20000934                __lock___malloc_recursive_mutex
 .bss.__lock___sfp_recursive_mutex
                0x20000935        0x1 C:/Renesas/RA/e2studio_v2025-04_fsp_v5.9.0/toolchains/gcc_arm/13.2.rel1/bin/../lib/gcc/arm-none-eabi/13.2.1/thumb/v8-m.main+fp/hard\libg_nano.a(libc_a-lock.o)
                0x20000935                __lock___sfp_recursive_mutex
 *fill*         0x20000936        0x2 
 .bss.__malloc_sbrk_start
                0x20000938        0x4 C:/Renesas/RA/e2studio_v2025-04_fsp_v5.9.0/toolchains/gcc_arm/13.2.rel1/bin/../lib/gcc/arm-none-eabi/13.2.1/thumb/v8-m.main+fp/hard\libg_nano.a(libc_a-mallocr.o)
                0x20000938                __malloc_sbrk_start
 .bss.__malloc_free_list
                0x2000093c        0x4 C:/Renesas/RA/e2studio_v2025-04_fsp_v5.9.0/toolchains/gcc_arm/13.2.rel1/bin/../lib/gcc/arm-none-eabi/13.2.1/thumb/v8-m.main+fp/hard\libg_nano.a(libc_a-mallocr.o)
                0x2000093c                __malloc_free_list
 *(COMMON)
                0x20000940                        . = ALIGN (0x4)
                0x20000940                        __bss_end__ = .

.heap           0x20000940     0x2000
                0x20000940                        . = ALIGN (0x8)
                0x20000940                        __HeapBase = .
 *(.heap)
 .heap          0x20000940     0x2000 ./ra/fsp/src/bsp/cmsis/Device/RENESAS/Source/startup.o
                0x20002940                        __HeapLimit = .

.stack_dummy    0x20002940      0x400
                0x20002940                        . = ALIGN (0x8)
                0x20002940                        __StackLimit = .
 *(.stack)
 .stack         0x20002940      0x400 ./ra/fsp/src/bsp/cmsis/Device/RENESAS/Source/startup.o
                0x20002d40                        __StackTop = .
 *(.stack*)
                0x20002d40                        __StackTopAll = .
                0x20002d40                        PROVIDE (__stack = __StackTopAll)
                0x20002d40                        __RAM_segment_used_end__ = ALIGN (__StackTopAll, 0x4)
                0x20003000                        __tz_RAM_C = DEFINED (RAM_NSC_START)?ABSOLUTE ((RAM_NSC_START - RAM_NS_BUFFER_BLOCK_LENGTH)):__RESERVE_NS_RAM?ABSOLUTE (RAM_NS_BUFFER_BLOCK_START):ALIGN (__RAM_segment_used_end__, 0x400)
                0x20004000                        __tz_RAM_N = DEFINED (RAM_NS_START)?ABSOLUTE ((RAM_NS_START - RAM_NS_BUFFER_BLOCK_LENGTH)):__RESERVE_NS_RAM?ABSOLUTE (RAM_NS_BUFFER_BLOCK_START):ALIGN (__tz_RAM_C, 0x2000)

.ns_buffer      0x20002d40        0x0
                0x20002d40                        . = __RESERVE_NS_RAM?ABSOLUTE ((RAM_NS_BUFFER_START & 0xffffffe0)):.
 *(.ns_buffer*)

.data_flash     0x08000000        0x0
                0x08000000                        . = ORIGIN (DATA_FLASH)
                0x08000000                        __tz_DATA_FLASH_S = .
                0x08000000                        __Data_Flash_Start = .
 *(.data_flash*)
                0x08000000                        __Data_Flash_End = .
                0x08000000                        __tz_DATA_FLASH_N = DEFINED (DATA_FLASH_NS_START)?ABSOLUTE (DATA_FLASH_NS_START):__RESERVE_NS_RAM?ABSOLUTE ((DATA_FLASH_START + DATA_FLASH_LENGTH)):ALIGN (0x400)
                0x80010000                        __tz_SDRAM_S = ORIGIN (SDRAM)

.sdram          0x80010000        0x0
                0x80010000                        __SDRAM_Start = .
 *(.sdram*)
 *(.frame*)
                0x80010000                        __SDRAM_End = .
                0x80010000                        __tz_SDRAM_N = __SDRAM_End
                0x00000000                        __tz_ID_CODE_S = ORIGIN (ID_CODE)
                0x00000000                        __tz_ID_CODE_N = __tz_ID_CODE_S

.id_code        0x00000000        0x0
                0x00000000                        __ID_Code_Start = .
 *(.id_code*)
                0x00000000                        __ID_Code_End = .
                0x0100a100                        __tz_OPTION_SETTING_S = ORIGIN (OPTION_SETTING_OFS)

.option_setting_ofs
                0x0100a100       0x10
                0x0100a100                        __OPTION_SETTING_OFS_Start = .
 *(.option_setting_ofs0)
 .option_setting_ofs0
                0x0100a100        0x4 ./ra/fsp/src/bsp/mcu/all/bsp_rom_registers.o
                0x0100a104                        . = PROJECT_SECURE_OR_FLAT?(__OPTION_SETTING_OFS_Start + 0x4):__OPTION_SETTING_OFS_Start
 *(.option_setting_ofs2)
                0x0100a110                        . = PROJECT_SECURE_OR_FLAT?(__OPTION_SETTING_OFS_Start + 0x10):__OPTION_SETTING_OFS_Start
 *fill*         0x0100a104        0xc ff
 *(.option_setting_dualsel)
                0x0100a110                        __OPTION_SETTING_OFS_End = .

.option_setting_sas
                0x0100a134        0x4
                0x0100a134                        __OPTION_SETTING_SAS_Start = .
 *(.option_setting_sas)
 .option_setting_sas
                0x0100a134        0x4 ./ra/fsp/src/bsp/mcu/all/bsp_rom_registers.o
                0x0100a138                        __OPTION_SETTING_SAS_End = .
                0x0100a180                        __tz_OPTION_SETTING_N = ABSOLUTE (OPTION_SETTING_START_NS)

.option_setting_ns
                0x0100a100        0x0
                0x0100a100                        __OPTION_SETTING_NS_Start = .
 *(.option_setting_ofs1)
                0x0100a100                        . = USE_OPTION_SETTING_NS?(__OPTION_SETTING_NS_Start + 0x4):__OPTION_SETTING_NS_Start
 *(.option_setting_ofs3)
                0x0100a100                        . = USE_OPTION_SETTING_NS?(__OPTION_SETTING_NS_Start + 0x10):__OPTION_SETTING_NS_Start
 *(.option_setting_banksel)
                0x0100a100                        . = USE_OPTION_SETTING_NS?(__OPTION_SETTING_NS_Start + 0x40):__OPTION_SETTING_NS_Start
 *(.option_setting_bps0)
                0x0100a100                        . = USE_OPTION_SETTING_NS?(__OPTION_SETTING_NS_Start + 0x44):__OPTION_SETTING_NS_Start
 *(.option_setting_bps1)
                0x0100a100                        . = USE_OPTION_SETTING_NS?(__OPTION_SETTING_NS_Start + 0x48):__OPTION_SETTING_NS_Start
 *(.option_setting_bps2)
                0x0100a100                        . = USE_OPTION_SETTING_NS?(__OPTION_SETTING_NS_Start + 0x4c):__OPTION_SETTING_NS_Start
 *(.option_setting_bps3)
                0x0100a100                        . = USE_OPTION_SETTING_NS?(__OPTION_SETTING_NS_Start + 0x60):__OPTION_SETTING_NS_Start
 *(.option_setting_pbps0)
                0x0100a100                        . = USE_OPTION_SETTING_NS?(__OPTION_SETTING_NS_Start + 0x64):__OPTION_SETTING_NS_Start
 *(.option_setting_pbps1)
                0x0100a100                        . = USE_OPTION_SETTING_NS?(__OPTION_SETTING_NS_Start + 0x68):__OPTION_SETTING_NS_Start
 *(.option_setting_pbps2)
                0x0100a100                        . = USE_OPTION_SETTING_NS?(__OPTION_SETTING_NS_Start + 0x6c):__OPTION_SETTING_NS_Start
 *(.option_setting_pbps3)
                0x0100a100                        __OPTION_SETTING_NS_End = .
                0x0100a200                        __tz_OPTION_SETTING_S_S = ORIGIN (OPTION_SETTING_S)

.option_setting_s
                0x0100a200       0xd0
                0x0100a200                        __OPTION_SETTING_S_Start = .
 *(.option_setting_ofs1_sec)
 .option_setting_ofs1_sec
                0x0100a200        0x4 ./ra/fsp/src/bsp/mcu/all/bsp_rom_registers.o
                0x0100a204                        . = PROJECT_SECURE_OR_FLAT?(__OPTION_SETTING_S_Start + 0x4):__OPTION_SETTING_S_Start
 *(.option_setting_ofs3_sec)
                0x0100a210                        . = PROJECT_SECURE_OR_FLAT?(__OPTION_SETTING_S_Start + 0x10):__OPTION_SETTING_S_Start
 *fill*         0x0100a204        0xc ff
 *(.option_setting_banksel_sec)
 .option_setting_banksel_sec
                0x0100a210        0x4 ./ra/fsp/src/bsp/mcu/all/bsp_rom_registers.o
                0x0100a240                        . = PROJECT_SECURE_OR_FLAT?(__OPTION_SETTING_S_Start + 0x40):__OPTION_SETTING_S_Start
 *fill*         0x0100a214       0x2c ff
 *(.option_setting_bps_sec0)
 .option_setting_bps_sec0
                0x0100a240        0x4 ./ra/fsp/src/bsp/mcu/all/bsp_rom_registers.o
                0x0100a244                        . = PROJECT_SECURE_OR_FLAT?(__OPTION_SETTING_S_Start + 0x44):__OPTION_SETTING_S_Start
 *(.option_setting_bps_sec1)
 .option_setting_bps_sec1
                0x0100a244        0x4 ./ra/fsp/src/bsp/mcu/all/bsp_rom_registers.o
                0x0100a248                        . = PROJECT_SECURE_OR_FLAT?(__OPTION_SETTING_S_Start + 0x48):__OPTION_SETTING_S_Start
 *(.option_setting_bps_sec2)
 .option_setting_bps_sec2
                0x0100a248        0x4 ./ra/fsp/src/bsp/mcu/all/bsp_rom_registers.o
                0x0100a24c                        . = PROJECT_SECURE_OR_FLAT?(__OPTION_SETTING_S_Start + 0x4c):__OPTION_SETTING_S_Start
 *(.option_setting_bps_sec3)
 .option_setting_bps_sec3
                0x0100a24c        0x4 ./ra/fsp/src/bsp/mcu/all/bsp_rom_registers.o
                0x0100a260                        . = PROJECT_SECURE_OR_FLAT?(__OPTION_SETTING_S_Start + 0x60):__OPTION_SETTING_S_Start
 *fill*         0x0100a250       0x10 ff
 *(.option_setting_pbps_sec0)
 .option_setting_pbps_sec0
                0x0100a260        0x4 ./ra/fsp/src/bsp/mcu/all/bsp_rom_registers.o
                0x0100a264                        . = PROJECT_SECURE_OR_FLAT?(__OPTION_SETTING_S_Start + 0x64):__OPTION_SETTING_S_Start
 *(.option_setting_pbps_sec1)
 .option_setting_pbps_sec1
                0x0100a264        0x4 ./ra/fsp/src/bsp/mcu/all/bsp_rom_registers.o
                0x0100a268                        . = PROJECT_SECURE_OR_FLAT?(__OPTION_SETTING_S_Start + 0x68):__OPTION_SETTING_S_Start
 *(.option_setting_pbps_sec2)
 .option_setting_pbps_sec2
                0x0100a268        0x4 ./ra/fsp/src/bsp/mcu/all/bsp_rom_registers.o
                0x0100a26c                        . = PROJECT_SECURE_OR_FLAT?(__OPTION_SETTING_S_Start + 0x6c):__OPTION_SETTING_S_Start
 *(.option_setting_pbps_sec3)
 .option_setting_pbps_sec3
                0x0100a26c        0x4 ./ra/fsp/src/bsp/mcu/all/bsp_rom_registers.o
                0x0100a280                        . = PROJECT_SECURE_OR_FLAT?(__OPTION_SETTING_S_Start + 0x80):__OPTION_SETTING_S_Start
 *fill*         0x0100a270       0x10 ff
 *(.option_setting_ofs1_sel)
 .option_setting_ofs1_sel
                0x0100a280        0x4 ./ra/fsp/src/bsp/mcu/all/bsp_rom_registers.o
                0x0100a284                        . = PROJECT_SECURE_OR_FLAT?(__OPTION_SETTING_S_Start + 0x84):__OPTION_SETTING_S_Start
 *(.option_setting_ofs3_sel)
                0x0100a290                        . = PROJECT_SECURE_OR_FLAT?(__OPTION_SETTING_S_Start + 0x90):__OPTION_SETTING_S_Start
 *fill*         0x0100a284        0xc ff
 *(.option_setting_banksel_sel)
                0x0100a2c0                        . = PROJECT_SECURE_OR_FLAT?(__OPTION_SETTING_S_Start + 0xc0):__OPTION_SETTING_S_Start
 *fill*         0x0100a290       0x30 ff
 *(.option_setting_bps_sel0)
 .option_setting_bps_sel0
                0x0100a2c0        0x4 ./ra/fsp/src/bsp/mcu/all/bsp_rom_registers.o
                0x0100a2c4                        . = PROJECT_SECURE_OR_FLAT?(__OPTION_SETTING_S_Start + 0xc4):__OPTION_SETTING_S_Start
 *(.option_setting_bps_sel1)
 .option_setting_bps_sel1
                0x0100a2c4        0x4 ./ra/fsp/src/bsp/mcu/all/bsp_rom_registers.o
                0x0100a2c8                        . = PROJECT_SECURE_OR_FLAT?(__OPTION_SETTING_S_Start + 0xc8):__OPTION_SETTING_S_Start
 *(.option_setting_bps_sel2)
 .option_setting_bps_sel2
                0x0100a2c8        0x4 ./ra/fsp/src/bsp/mcu/all/bsp_rom_registers.o
                0x0100a2cc                        . = PROJECT_SECURE_OR_FLAT?(__OPTION_SETTING_S_Start + 0xcc):__OPTION_SETTING_S_Start
 *(.option_setting_bps_sel3)
 .option_setting_bps_sel3
                0x0100a2cc        0x4 ./ra/fsp/src/bsp/mcu/all/bsp_rom_registers.o
                0x0100a2d0                        __OPTION_SETTING_S_End = .
                0x0100a2d0                        __tz_OPTION_SETTING_S_N = __OPTION_SETTING_S_End
OUTPUT(RA4M2_MINI_IOT_Project2_4.elf elf32-littlearm)
LOAD linker stubs

.rel.dyn        0x0100a2d0        0x0
 .rel.iplt      0x0100a2d0        0x0 C:/Renesas/RA/e2studio_v2025-04_fsp_v5.9.0/toolchains/gcc_arm/13.2.rel1/bin/../lib/gcc/arm-none-eabi/13.2.1/thumb/v8-m.main+fp/hard/crtbegin.o

.ARM.attributes
                0x00000000       0x36
 .ARM.attributes
                0x00000000       0x26 C:/Renesas/RA/e2studio_v2025-04_fsp_v5.9.0/toolchains/gcc_arm/13.2.rel1/bin/../lib/gcc/arm-none-eabi/13.2.1/thumb/v8-m.main+fp/hard/crti.o
 .ARM.attributes
                0x00000026       0x38 C:/Renesas/RA/e2studio_v2025-04_fsp_v5.9.0/toolchains/gcc_arm/13.2.rel1/bin/../lib/gcc/arm-none-eabi/13.2.1/thumb/v8-m.main+fp/hard/crtbegin.o
 .ARM.attributes
                0x0000005e       0x3a ./src/hal_entry.o
 .ARM.attributes
                0x00000098       0x3a ./src/lsm6dsv16x_reg.o
 .ARM.attributes
                0x000000d2       0x3a ./src/oled.o
 .ARM.attributes
                0x0000010c       0x3a ./ra_gen/common_data.o
 .ARM.attributes
                0x00000146       0x3a ./ra_gen/hal_data.o
 .ARM.attributes
                0x00000180       0x3a ./ra_gen/main.o
 .ARM.attributes
                0x000001ba       0x3a ./ra_gen/pin_data.o
 .ARM.attributes
                0x000001f4       0x3a ./ra_gen/vector_data.o
 .ARM.attributes
                0x0000022e       0x3a ./ra/fsp/src/r_sci_uart/r_sci_uart.o
 .ARM.attributes
                0x00000268       0x3a ./ra/fsp/src/r_sci_i2c/r_sci_i2c.o
 .ARM.attributes
                0x000002a2       0x3a ./ra/fsp/src/r_ioport/r_ioport.o
 .ARM.attributes
                0x000002dc       0x3a ./ra/fsp/src/r_iic_master/r_iic_master.o
 .ARM.attributes
                0x00000316       0x3a ./ra/fsp/src/bsp/mcu/all/bsp_clocks.o
 .ARM.attributes
                0x00000350       0x3a ./ra/fsp/src/bsp/mcu/all/bsp_common.o
 .ARM.attributes
                0x0000038a       0x3a ./ra/fsp/src/bsp/mcu/all/bsp_delay.o
 .ARM.attributes
                0x000003c4       0x3a ./ra/fsp/src/bsp/mcu/all/bsp_group_irq.o
 .ARM.attributes
                0x000003fe       0x3a ./ra/fsp/src/bsp/mcu/all/bsp_io.o
 .ARM.attributes
                0x00000438       0x3a ./ra/fsp/src/bsp/mcu/all/bsp_irq.o
 .ARM.attributes
                0x00000472       0x3a ./ra/fsp/src/bsp/mcu/all/bsp_register_protection.o
 .ARM.attributes
                0x000004ac       0x3a ./ra/fsp/src/bsp/mcu/all/bsp_rom_registers.o
 .ARM.attributes
                0x000004e6       0x3a ./ra/fsp/src/bsp/mcu/all/bsp_sbrk.o
 .ARM.attributes
                0x00000520       0x3a ./ra/fsp/src/bsp/cmsis/Device/RENESAS/Source/startup.o
 .ARM.attributes
                0x0000055a       0x3a ./ra/fsp/src/bsp/cmsis/Device/RENESAS/Source/system.o
 .ARM.attributes
                0x00000594       0x26 C:/Renesas/RA/e2studio_v2025-04_fsp_v5.9.0/toolchains/gcc_arm/13.2.rel1/bin/../lib/gcc/arm-none-eabi/13.2.1/thumb/v8-m.main+fp/hard\libgcc.a(_arm_addsubdf3.o)
 .ARM.attributes
                0x000005ba       0x38 C:/Renesas/RA/e2studio_v2025-04_fsp_v5.9.0/toolchains/gcc_arm/13.2.rel1/bin/../lib/gcc/arm-none-eabi/13.2.1/thumb/v8-m.main+fp/hard\libg_nano.a(libc_a-nano-vfprintf_float.o)
 .ARM.attributes
                0x000005f2       0x38 C:/Renesas/RA/e2studio_v2025-04_fsp_v5.9.0/toolchains/gcc_arm/13.2.rel1/bin/../lib/gcc/arm-none-eabi/13.2.1/thumb/v8-m.main+fp/hard\libg_nano.a(libc_a-nano-vfprintf_i.o)
 .ARM.attributes
                0x0000062a       0x38 C:/Renesas/RA/e2studio_v2025-04_fsp_v5.9.0/toolchains/gcc_arm/13.2.rel1/bin/../lib/gcc/arm-none-eabi/13.2.1/thumb/v8-m.main+fp/hard\libg_nano.a(libc_a-findfp.o)
 .ARM.attributes
                0x00000662       0x38 C:/Renesas/RA/e2studio_v2025-04_fsp_v5.9.0/toolchains/gcc_arm/13.2.rel1/bin/../lib/gcc/arm-none-eabi/13.2.1/thumb/v8-m.main+fp/hard\libg_nano.a(libc_a-fwalk.o)
 .ARM.attributes
                0x0000069a       0x38 C:/Renesas/RA/e2studio_v2025-04_fsp_v5.9.0/toolchains/gcc_arm/13.2.rel1/bin/../lib/gcc/arm-none-eabi/13.2.1/thumb/v8-m.main+fp/hard\libg_nano.a(libc_a-printf.o)
 .ARM.attributes
                0x000006d2       0x38 C:/Renesas/RA/e2studio_v2025-04_fsp_v5.9.0/toolchains/gcc_arm/13.2.rel1/bin/../lib/gcc/arm-none-eabi/13.2.1/thumb/v8-m.main+fp/hard\libg_nano.a(libc_a-puts.o)
 .ARM.attributes
                0x0000070a       0x38 C:/Renesas/RA/e2studio_v2025-04_fsp_v5.9.0/toolchains/gcc_arm/13.2.rel1/bin/../lib/gcc/arm-none-eabi/13.2.1/thumb/v8-m.main+fp/hard\libg_nano.a(libc_a-stdio.o)
 .ARM.attributes
                0x00000742       0x38 C:/Renesas/RA/e2studio_v2025-04_fsp_v5.9.0/toolchains/gcc_arm/13.2.rel1/bin/../lib/gcc/arm-none-eabi/13.2.1/thumb/v8-m.main+fp/hard\libg_nano.a(libc_a-wbuf.o)
 .ARM.attributes
                0x0000077a       0x38 C:/Renesas/RA/e2studio_v2025-04_fsp_v5.9.0/toolchains/gcc_arm/13.2.rel1/bin/../lib/gcc/arm-none-eabi/13.2.1/thumb/v8-m.main+fp/hard\libg_nano.a(libc_a-wsetup.o)
 .ARM.attributes
                0x000007b2       0x38 C:/Renesas/RA/e2studio_v2025-04_fsp_v5.9.0/toolchains/gcc_arm/13.2.rel1/bin/../lib/gcc/arm-none-eabi/13.2.1/thumb/v8-m.main+fp/hard\libg_nano.a(libc_a-memset.o)
 .ARM.attributes
                0x000007ea       0x38 C:/Renesas/RA/e2studio_v2025-04_fsp_v5.9.0/toolchains/gcc_arm/13.2.rel1/bin/../lib/gcc/arm-none-eabi/13.2.1/thumb/v8-m.main+fp/hard\libg_nano.a(libc_a-localeconv.o)