T80D4 000:000.600   SEGGER J-Link V8.12f Log File
T80D4 000:000.717   DLL Compiled: Feb 12 2025 13:34:40
T80D4 000:000.731   Logging started @ 2026-08-04 15:23
T80D4 000:000.744   Process: C:\Users\a8456\.eclipse\com.renesas.platform_1713588285\DebugComp\RA\e2-server-gdb.exe
T80D4 000:000.761 - 0.757ms 
T80D4 000:000.780 JLINK_GetDLLVersion()
T80D4 000:000.793 - 0.014ms returns 81206
T80D4 000:003.466 JLINK_OpenEx(...)
T80D4 000:009.856   Firmware: J-Link V9 compiled May  7 2021 16:26:12
T80D4 000:010.602   Firmware: J-Link V9 compiled May  7 2021 16:26:12
T80D4 000:010.863   Decompressing FW timestamp took 173 us
T80D4 000:016.269   Hardware: V9.20
T80D4 000:016.310   S/N: 4294967295
T80D4 000:016.330   OEM: SEGGER
T80D4 000:016.482   Feature(s): RDI, GDB, FlashDL, FlashBP, JFlash
T80D4 000:016.890   Bootloader: (FW returned invalid version)
T80D4 000:017.508   TELNET listener socket opened on port 19021
T80D4 000:017.679   WEBSRV WEBSRV_Init(): Starting webserver thread(s)
T80D4 000:017.800   WEBSRV Webserver running on local port 19080
T80D4 000:017.949   Looking for J-Link GUI Server exe at: C:\Users\a8456\.eclipse\com.renesas.platform_1713588285\DebugComp\RA\ARM\Segger_v8.12.6\JLinkGUIServer.exe
T80D4 000:018.082   Looking for J-Link GUI Server exe at: C:\Program Files\SEGGER\JLink_V818\JLinkGUIServer.exe
T80D4 000:018.129   Forking J-Link GUI Server: C:\Program Files\SEGGER\JLink_V818\JLinkGUIServer.exe
T80D4 000:054.880   J-Link GUI Server info: "J-Link GUI server V8.18 "
T80D4 000:060.811 - 57.339ms returns "O.K."
T80D4 000:061.075 JLINK_ExecCommand("ProjectFile=C:\Users\a8456\e2_studio\workspace\RA4M2_MINI_IOT_Project1_18_1/RA4M2_MINI_IOT_Project1_18_1.elf.jlink", ...). 
T80D4 000:085.459 - 24.389ms returns 0x00
T80D4 000:085.714 JLINK_ExecCommand("device=R7FA4M2AD", ...). 
T80D4 000:085.842   Flash bank @ 0x0100A100: SFL: Parsing sectorization info from ELF file
T80D4 000:085.852     FlashDevice.SectorInfo[0]: .SectorSize = 0x00000010, .SectorStartAddr = 0x00000000
T80D4 000:085.861   FlashBank @0x0100A100: Sectorization info from SFL ELF file ignored because sectorization override from DLL / XML file is active.
T80D4 000:086.030   Flash bank @ 0x60000000: SFL: Parsing sectorization info from ELF file
T80D4 000:086.041     FlashDevice.SectorInfo[0]: .SectorSize = 0x00010000, .SectorStartAddr = 0x00000000
T80D4 000:088.660   Device "R7FA4M2AD" selected.
T80D4 000:089.003 - 3.278ms returns 0x00
T80D4 000:089.018 JLINK_TIF_GetAvailable(...)
T80D4 000:089.154 - 0.135ms 
T80D4 000:089.184 JLINK_TIF_Select(JLINKARM_TIF_SWD)
T80D4 000:089.547 - 0.362ms returns 0x00
T80D4 000:089.561 JLINK_SetSpeed(4000)
T80D4 000:089.618 - 0.057ms 
T80D4 000:089.638 JLINK_ReadMem(0xE000EDF0, 0x4 Bytes, ...)
T80D4 000:089.773   ConfigTargetSettings() start
T80D4 000:089.787    J-Link Script File: Executing ConfigTargetSettings()
T80D4 000:089.794   Configuring FlashDLNoRMWThreshold=0x200 in order to make sure that option bytes programming is done via read-modify-write
T80D4 000:095.344   ConfigTargetSettings() end - Took 5.55ms
T80D4 000:095.359   InitTarget() start
T80D4 000:095.367    J-Link Script File: Executing InitTarget()
T80D4 000:095.374   SWD selected. Executing JTAG -> SWD switching sequence.
T80D4 000:096.578   DAP initialized successfully.
T80D4 000:096.596   Determining TrustZone configuration...
T80D4 000:097.244     Secure Debug: Enabled (SSD)
T80D4 000:097.253   Determining currently configured transfer type by reading the AHB-AP CSW register.
T80D4 000:097.765     --> Correct transfer type configured. Done.
T80D4 000:097.775   InitTarget() end - Took 2.40ms
T80D4 000:098.251   Found SW-DP with ID 0x6BA02477
T80D4 000:099.638   DPIDR: 0x6BA02477
T80D4 000:099.647   CoreSight SoC-400 or earlier
T80D4 000:099.659   Scanning AP map to find all available APs
T80D4 000:100.314   AP[2]: Stopped AP scan as end of AP map has been reached
T80D4 000:100.324   AP[0]: AHB-AP (IDR: 0x84770001, ADDR: 0x00000000)
T80D4 000:100.332   AP[1]: APB-AP (IDR: 0x54770002, ADDR: 0x01000000)
T80D4 000:100.341   Iterating through AP map to find AHB-AP to use
T80D4 000:101.083   AP[0]: Core found
T80D4 000:101.144   AP[0]: AHB-AP ROM base: 0xE00FE000
T80D4 000:101.491   CPUID register: 0x410FD214. Implementer code: 0x41 (ARM)
T80D4 000:101.513   Feature set: Mainline
T80D4 000:101.916   Cache: No cache
T80D4 000:101.934   Found Cortex-M33 r0p4, Little endian.
T80D4 000:102.206   -- Max. mem block: 0x00010E60
T80D4 000:102.724   
  ***** Warning: 
T80D4 000:102.736   Cortex-M (ARMv8-M and later): The connected J-Link (S/N 4294967295) uses an old firmware module that does not handle I/D-cache correctly. Proper debugging functionality cannot be guaranteed if cache is enabled
T80D4 000:102.749   CPU_ReadMem(4 bytes @ 0xE000EDF0)
T80D4 000:102.977   CPU_WriteMem(4 bytes @ 0xE000EDF0)
T80D4 000:103.188   CPU_ReadMem(4 bytes @ 0xE0002000)
T80D4 000:103.392   FPUnit: 8 code (BP) slots and 0 literal slots
T80D4 000:103.401   CPU_ReadMem(4 bytes @ 0xE000EDFC)
T80D4 000:103.595   CPU_WriteMem(4 bytes @ 0xE000EDFC)
T80D4 000:103.844   CPU_ReadMem(4 bytes @ 0xE0001000)
T80D4 000:104.069   CPU_ReadMem(4 bytes @ 0xE0001000)
T80D4 000:104.269   CPU_ReadMem(4 bytes @ 0xE0001028)
T80D4 000:104.480   CPU_ReadMem(4 bytes @ 0xE0001038)
T80D4 000:104.683   CPU_ReadMem(4 bytes @ 0xE0001048)
T80D4 000:104.893   CPU_ReadMem(4 bytes @ 0xE0001058)
T80D4 000:105.171   CPU_WriteMem(4 bytes @ 0xE0001000)
T80D4 000:105.389   CPU_ReadMem(4 bytes @ 0xE000ED88)
T80D4 000:105.610   CPU_WriteMem(4 bytes @ 0xE000ED88)
T80D4 000:105.834   CPU_ReadMem(4 bytes @ 0xE000ED88)
T80D4 000:106.058   CPU_WriteMem(4 bytes @ 0xE000ED88)
T80D4 000:106.284   CPU_ReadMem(4 bytes @ 0xE000EFB8)
T80D4 000:106.514   Security extension: implemented
T80D4 000:106.523   Secure debug: enabled
T80D4 000:106.531   CoreSight components:
T80D4 000:106.539   ROMTbl[0] @ E00FE000
T80D4 000:106.547   CPU_ReadMem(64 bytes @ 0xE00FE000)
T80D4 000:107.018   CPU_ReadMem(32 bytes @ 0xE0044FE0)
T80D4 000:107.386   CPU_ReadMem(4 bytes @ 0xE0044FBC)
T80D4 000:107.595   CPU_ReadMem(4 bytes @ 0xE0044FCC)
T80D4 000:107.798   [0][0]: E0044000 CID B105900D PID 005BB906 DEVARCH 00000000 DEVTYPE 14 CTI (?)
T80D4 000:107.807   CPU_ReadMem(32 bytes @ 0xE0047FE0)
T80D4 000:108.140   CPU_ReadMem(4 bytes @ 0xE0047FBC)
T80D4 000:108.374   CPU_ReadMem(4 bytes @ 0xE0047FCC)
T80D4 000:108.603   [0][1]: E0047000 CID B105900D PID 003BB908 DEVARCH 00000000 DEVTYPE 12 CSTF
T80D4 000:108.611   CPU_ReadMem(32 bytes @ 0xE0048FE0)
T80D4 000:108.992   CPU_ReadMem(4 bytes @ 0xE0048FBC)
T80D4 000:109.209   CPU_ReadMem(4 bytes @ 0xE0048FCC)
T80D4 000:109.413   [0][2]: E0048000 CID B105900D PID 001BB961 DEVARCH 00000000 DEVTYPE 21 TMC
T80D4 000:109.422   CPU_ReadMem(32 bytes @ 0xE0049FE0)
T80D4 000:109.795   [0][3]: E0049000 CID B105F00D PID 001BB101 TSG
T80D4 000:109.827   CPU_ReadMem(32 bytes @ 0xE0040FE0)
T80D4 000:110.210   CPU_ReadMem(4 bytes @ 0xE0040FBC)
T80D4 000:110.467   CPU_ReadMem(4 bytes @ 0xE0040FCC)
T80D4 000:110.711   [0][4]: E0040000 CID B105900D PID 000BBD21 DEVARCH 00000000 DEVTYPE 11 TPIU
T80D4 000:110.729   CPU_ReadMem(32 bytes @ 0xE00FFFE0)
T80D4 000:111.080   [0][5]: E00FF000 CID B105100D PID 000BB4C9 ROM Table
T80D4 000:111.093   ROMTbl[1] @ E00FF000
T80D4 000:111.102   CPU_ReadMem(64 bytes @ 0xE00FF000)
T80D4 000:111.608   CPU_ReadMem(32 bytes @ 0xE000EFE0)
T80D4 000:111.999   CPU_ReadMem(4 bytes @ 0xE000EFBC)
T80D4 000:112.263   CPU_ReadMem(4 bytes @ 0xE000EFCC)
T80D4 000:112.521   [1][0]: E000E000 CID B105900D PID 000BBD21 DEVARCH 47702A04 DEVTYPE 00 Cortex-M33
T80D4 000:112.536   CPU_ReadMem(32 bytes @ 0xE0001FE0)
T80D4 000:112.899   CPU_ReadMem(4 bytes @ 0xE0001FBC)
T80D4 000:113.170   CPU_ReadMem(4 bytes @ 0xE0001FCC)
T80D4 000:113.391   [1][1]: E0001000 CID B105900D PID 000BBD21 DEVARCH 47701A02 DEVTYPE 00 DWT
T80D4 000:113.400   CPU_ReadMem(32 bytes @ 0xE0002FE0)
T80D4 000:113.762   CPU_ReadMem(4 bytes @ 0xE0002FBC)
T80D4 000:113.980   CPU_ReadMem(4 bytes @ 0xE0002FCC)
T80D4 000:114.212   [1][2]: E0002000 CID B105900D PID 000BBD21 DEVARCH 47701A03 DEVTYPE 00 FPB
T80D4 000:114.265   CPU_ReadMem(32 bytes @ 0xE0000FE0)
T80D4 000:114.629   CPU_ReadMem(4 bytes @ 0xE0000FBC)
T80D4 000:114.835   CPU_ReadMem(4 bytes @ 0xE0000FCC)
T80D4 000:115.060   [1][3]: E0000000 CID B105900D PID 000BBD21 DEVARCH 47701A01 DEVTYPE 43 ITM
T80D4 000:115.070   CPU_ReadMem(32 bytes @ 0xE0041FE0)
T80D4 000:115.430   CPU_ReadMem(4 bytes @ 0xE0041FBC)
T80D4 000:115.642   CPU_ReadMem(4 bytes @ 0xE0041FCC)
T80D4 000:115.846   [1][5]: E0041000 CID B105900D PID 002BBD21 DEVARCH 47724A13 DEVTYPE 13 ETM
T80D4 000:115.855   CPU_ReadMem(32 bytes @ 0xE0042FE0)
T80D4 000:116.184   CPU_ReadMem(4 bytes @ 0xE0042FBC)
T80D4 000:116.395   CPU_ReadMem(4 bytes @ 0xE0042FCC)
T80D4 000:116.611   [1][6]: E0042000 CID B105900D PID 000BBD21 DEVARCH 47701A14 DEVTYPE 14 CSS600-CTI
T80D4 000:116.648   CPU_ReadMem(4 bytes @ 0xE000EDF0)
T80D4 000:116.883   Data:  01 00 10 01
T80D4 000:116.896   Debug reg: DHCSR
T80D4 000:116.905 - 27.267ms returns 0
T80D4 000:116.935 JLINK_ReadMem(0x400E002C, 0x4 Bytes, ...)
T80D4 000:116.945   CPU_ReadMem(4 bytes @ 0x400E002C)
T80D4 000:117.148   Data:  01 00 00 00
T80D4 000:117.156 - 0.221ms returns 0
T80D4 000:117.181 JLINK_ReadMem(0xE000EDF0, 0x4 Bytes, ...)
T80D4 000:117.188   CPU_ReadMem(4 bytes @ 0xE000EDF0)
T80D4 000:117.414   Data:  01 00 10 01
T80D4 000:117.423   Debug reg: DHCSR
T80D4 000:117.431 - 0.249ms returns 0
T80D4 000:117.454 JLINK_ReadMem(0xE000EDF0, 0x4 Bytes, ...)
T80D4 000:117.460   CPU_ReadMem(4 bytes @ 0xE000EDF0)
T80D4 000:117.686   Data:  01 00 10 01
T80D4 000:117.695   Debug reg: DHCSR
T80D4 000:117.702 - 0.249ms returns 0
T80D4 000:117.710 JLINK_ReadMem(0x400E001C, 0x4 Bytes, ...)
T80D4 000:117.716   CPU_ReadMem(4 bytes @ 0x400E001C)
T80D4 000:117.973   Data:  00 FC FF 00
T80D4 000:117.981 - 0.272ms returns 0
T80D4 000:117.989 JLINK_ReadMem(0xE000EDF0, 0x4 Bytes, ...)
T80D4 000:117.997   CPU_ReadMem(4 bytes @ 0xE000EDF0)
T80D4 000:118.206   Data:  01 00 10 01
T80D4 000:118.215   Debug reg: DHCSR
T80D4 000:118.222 - 0.233ms returns 0
T80D4 000:118.229 JLINK_ReadMem(0x400E0018, 0x4 Bytes, ...)
T80D4 000:118.237   CPU_ReadMem(4 bytes @ 0x400E0018)
T80D4 000:118.437   Data:  00 80 FF 00
T80D4 000:118.446 - 0.216ms returns 0
T80D4 000:118.454 JLINK_ReadMem(0xE000EDF0, 0x4 Bytes, ...)
T80D4 000:118.460   CPU_ReadMem(4 bytes @ 0xE000EDF0)
T80D4 000:118.661   Data:  01 00 10 01
T80D4 000:118.669   Debug reg: DHCSR
T80D4 000:118.677 - 0.223ms returns 0
T80D4 000:118.684 JLINK_ReadMem(0x400E0020, 0x4 Bytes, ...)
T80D4 000:118.690   CPU_ReadMem(4 bytes @ 0x400E0020)
T80D4 000:118.890   Data:  00 FC 00 00
T80D4 000:118.898 - 0.214ms returns 0
T80D4 000:118.907 JLINK_ReadMem(0xE000EDF0, 0x4 Bytes, ...)
T80D4 000:118.913   CPU_ReadMem(4 bytes @ 0xE000EDF0)
T80D4 000:119.153   Data:  01 00 10 01
T80D4 000:119.162   Debug reg: DHCSR
T80D4 000:119.170 - 0.262ms returns 0
T80D4 000:119.176 JLINK_ReadMem(0x400E0028, 0x4 Bytes, ...)
T80D4 000:119.182   CPU_ReadMem(4 bytes @ 0x400E0028)
T80D4 000:119.415   Data:  00 FC 1F 00
T80D4 000:119.424 - 0.247ms returns 0
T80D4 000:119.432 JLINK_ReadMem(0xE000EDF0, 0x4 Bytes, ...)
T80D4 000:119.438   CPU_ReadMem(4 bytes @ 0xE000EDF0)
T80D4 000:119.639   Data:  01 00 10 01
T80D4 000:119.647   Debug reg: DHCSR
T80D4 000:119.655 - 0.223ms returns 0
T80D4 000:119.662 JLINK_ReadMem(0x400E0024, 0x4 Bytes, ...)
T80D4 000:119.668   CPU_ReadMem(4 bytes @ 0x400E0024)
T80D4 000:119.868   Data:  00 E0 1F 00
T80D4 000:119.877 - 0.214ms returns 0
T80D4 000:119.885 JLINK_ReadMem(0xE000EDF0, 0x4 Bytes, ...)
T80D4 000:119.891   CPU_ReadMem(4 bytes @ 0xE000EDF0)
T80D4 000:120.153   Data:  01 00 10 01
T80D4 000:120.162   Debug reg: DHCSR
T80D4 000:120.169 - 0.284ms returns 0
T80D4 000:120.176 JLINK_ReadMem(0x400E002C, 0x4 Bytes, ...)
T80D4 000:120.182   CPU_ReadMem(4 bytes @ 0x400E002C)
T80D4 000:120.398   Data:  01 00 00 00
T80D4 000:120.407 - 0.231ms returns 0
T80D4 000:122.454 JLINK_Close()
T80D4 000:138.063 - 15.607ms
T80D4 000:138.091   
T80D4 000:138.097   Closed
