T81A0 000:000.637   SEGGER J-Link V8.12f Log File
T81A0 000:000.744   DLL Compiled: Feb 12 2025 13:34:40
T81A0 000:000.758   Logging started @ 2025-12-28 07:57
T81A0 000:000.771   Process: C:\Users\a8456\.eclipse\com.renesas.platform_1713588285\DebugComp\RA\e2-server-gdb.exe
T81A0 000:000.788 - 0.784ms 
T81A0 000:000.808 JLINK_GetDLLVersion()
T81A0 000:000.822 - 0.014ms returns 81206
T81A0 000:003.298 JLINK_OpenEx(...)
T81A0 000:010.493   Firmware: J-Link V9 compiled May  7 2021 16:26:12
T81A0 000:010.983   Firmware: J-Link V9 compiled May  7 2021 16:26:12
T81A0 000:011.107   Decompressing FW timestamp took 97 us
T81A0 000:016.442   Hardware: V9.60
T81A0 000:016.488   S/N: 69667700
T81A0 000:016.508   OEM: SEGGER
T81A0 000:016.660   Feature(s): RDI, GDB, FlashDL, FlashBP, JFlash
T81A0 000:017.084   Bootloader: (FW returned invalid version)
T81A0 000:017.648   TELNET listener socket opened on port 19021
T81A0 000:017.888   WEBSRV WEBSRV_Init(): Starting webserver thread(s)
T81A0 000:018.035   WEBSRV Webserver running on local port 19080
T81A0 000:018.237   Looking for J-Link GUI Server exe at: C:\Users\a8456\.eclipse\com.renesas.platform_1713588285\DebugComp\RA\ARM\Segger_v8.12.6\JLinkGUIServer.exe
T81A0 000:018.412   Looking for J-Link GUI Server exe at: C:\Program Files\SEGGER\JLink_V818\JLinkGUIServer.exe
T81A0 000:018.464   Forking J-Link GUI Server: C:\Program Files\SEGGER\JLink_V818\JLinkGUIServer.exe
T81A0 000:048.243   J-Link GUI Server info: "J-Link GUI server V8.18 "
T81A0 000:048.969 - 45.665ms returns "O.K."
T81A0 000:049.078 JLINK_ExecCommand("ProjectFile=C:\Users\a8456\e2_studio\workspace\RA4M2_MINI_IOT_Project3_9/RA4M2_MINI_IOT_Project3_9.elf.jlink", ...). 
T81A0 000:072.453 - 23.363ms returns 0x00
T81A0 000:072.744 JLINK_ExecCommand("device=R7FA4M2AD", ...). 
T81A0 000:072.882   Flash bank @ 0x0100A100: SFL: Parsing sectorization info from ELF file
T81A0 000:072.892     FlashDevice.SectorInfo[0]: .SectorSize = 0x00000010, .SectorStartAddr = 0x00000000
T81A0 000:072.901   FlashBank @0x0100A100: Sectorization info from SFL ELF file ignored because sectorization override from DLL / XML file is active.
T81A0 000:073.093   Flash bank @ 0x60000000: SFL: Parsing sectorization info from ELF file
T81A0 000:073.104     FlashDevice.SectorInfo[0]: .SectorSize = 0x00010000, .SectorStartAddr = 0x00000000
T81A0 000:076.002   Device "R7FA4M2AD" selected.
T81A0 000:076.337 - 3.581ms returns 0x00
T81A0 000:076.354 JLINK_TIF_GetAvailable(...)
T81A0 000:076.495 - 0.140ms 
T81A0 000:076.537 JLINK_TIF_Select(JLINKARM_TIF_SWD)
T81A0 000:076.961 - 0.423ms returns 0x00
T81A0 000:076.973 JLINK_SetSpeed(4000)
T81A0 000:077.060 - 0.088ms 
T81A0 000:077.076 JLINK_ReadMem(0xE000EDF0, 0x4 Bytes, ...)
T81A0 000:077.219   ConfigTargetSettings() start
T81A0 000:077.236    J-Link Script File: Executing ConfigTargetSettings()
T81A0 000:077.244   Configuring FlashDLNoRMWThreshold=0x200 in order to make sure that option bytes programming is done via read-modify-write
T81A0 000:086.060   ConfigTargetSettings() end - Took 8.82ms
T81A0 000:086.077   InitTarget() start
T81A0 000:086.086    J-Link Script File: Executing InitTarget()
T81A0 000:086.094   SWD selected. Executing JTAG -> SWD switching sequence.
T81A0 000:087.431   DAP initialized successfully.
T81A0 000:087.465   Determining TrustZone configuration...
T81A0 000:088.142     Secure Debug: Enabled (SSD)
T81A0 000:088.158   Determining currently configured transfer type by reading the AHB-AP CSW register.
T81A0 000:088.660     --> Correct transfer type configured. Done.
T81A0 000:088.675   InitTarget() end - Took 2.58ms
T81A0 000:089.145   Found SW-DP with ID 0x6BA02477
T81A0 000:090.700   DPIDR: 0x6BA02477
T81A0 000:090.715   CoreSight SoC-400 or earlier
T81A0 000:090.728   Scanning AP map to find all available APs
T81A0 000:091.365   AP[2]: Stopped AP scan as end of AP map has been reached
T81A0 000:091.380   AP[0]: AHB-AP (IDR: 0x84770001, ADDR: 0x00000000)
T81A0 000:091.389   AP[1]: APB-AP (IDR: 0x54770002, ADDR: 0x01000000)
T81A0 000:091.398   Iterating through AP map to find AHB-AP to use
T81A0 000:092.139   AP[0]: Core found
T81A0 000:092.172   AP[0]: AHB-AP ROM base: 0xE00FE000
T81A0 000:092.498   CPUID register: 0x410FD214. Implementer code: 0x41 (ARM)
T81A0 000:092.512   Feature set: Mainline
T81A0 000:092.889   Cache: No cache
T81A0 000:092.906   Found Cortex-M33 r0p4, Little endian.
T81A0 000:093.194   -- Max. mem block: 0x00010A88
T81A0 000:093.684   
  ***** Warning: 
T81A0 000:093.697   Cortex-M (ARMv8-M and later): The connected J-Link (S/N 69667700) uses an old firmware module that does not handle I/D-cache correctly. Proper debugging functionality cannot be guaranteed if cache is enabled
T81A0 000:093.712   CPU_ReadMem(4 bytes @ 0xE000EDF0)
T81A0 000:093.934   CPU_WriteMem(4 bytes @ 0xE000EDF0)
T81A0 000:094.181   CPU_ReadMem(4 bytes @ 0xE0002000)
T81A0 000:094.416   FPUnit: 8 code (BP) slots and 0 literal slots
T81A0 000:094.429   CPU_ReadMem(4 bytes @ 0xE000EDFC)
T81A0 000:094.643   CPU_WriteMem(4 bytes @ 0xE000EDFC)
T81A0 000:094.926   CPU_ReadMem(4 bytes @ 0xE0001000)
T81A0 000:095.180   CPU_ReadMem(4 bytes @ 0xE0001000)
T81A0 000:095.398   CPU_ReadMem(4 bytes @ 0xE0001028)
T81A0 000:095.635   CPU_ReadMem(4 bytes @ 0xE0001038)
T81A0 000:095.907   CPU_ReadMem(4 bytes @ 0xE0001048)
T81A0 000:096.146   CPU_ReadMem(4 bytes @ 0xE0001058)
T81A0 000:096.383   CPU_WriteMem(4 bytes @ 0xE0001000)
T81A0 000:096.650   CPU_ReadMem(4 bytes @ 0xE000ED88)
T81A0 000:096.890   CPU_WriteMem(4 bytes @ 0xE000ED88)
T81A0 000:097.179   CPU_ReadMem(4 bytes @ 0xE000ED88)
T81A0 000:097.428   CPU_WriteMem(4 bytes @ 0xE000ED88)
T81A0 000:097.696   CPU_ReadMem(4 bytes @ 0xE000EFB8)
T81A0 000:097.935   Security extension: implemented
T81A0 000:097.949   Secure debug: enabled
T81A0 000:097.958   CoreSight components:
T81A0 000:097.966   ROMTbl[0] @ E00FE000
T81A0 000:097.975   CPU_ReadMem(64 bytes @ 0xE00FE000)
T81A0 000:098.570   CPU_ReadMem(32 bytes @ 0xE0044FE0)
T81A0 000:098.958   CPU_ReadMem(4 bytes @ 0xE0044FBC)
T81A0 000:099.288   CPU_ReadMem(4 bytes @ 0xE0044FCC)
T81A0 000:099.509   [0][0]: E0044000 CID B105900D PID 005BB906 DEVARCH 00000000 DEVTYPE 14 CTI (?)
T81A0 000:099.519   CPU_ReadMem(32 bytes @ 0xE0047FE0)
T81A0 000:099.880   CPU_ReadMem(4 bytes @ 0xE0047FBC)
T81A0 000:100.149   CPU_ReadMem(4 bytes @ 0xE0047FCC)
T81A0 000:100.372   [0][1]: E0047000 CID B105900D PID 003BB908 DEVARCH 00000000 DEVTYPE 12 CSTF
T81A0 000:100.390   CPU_ReadMem(32 bytes @ 0xE0048FE0)
T81A0 000:100.762   CPU_ReadMem(4 bytes @ 0xE0048FBC)
T81A0 000:101.088   CPU_ReadMem(4 bytes @ 0xE0048FCC)
T81A0 000:101.313   [0][2]: E0048000 CID B105900D PID 001BB961 DEVARCH 00000000 DEVTYPE 21 TMC
T81A0 000:101.322   CPU_ReadMem(32 bytes @ 0xE0049FE0)
T81A0 000:101.688   [0][3]: E0049000 CID B105F00D PID 001BB101 TSG
T81A0 000:101.704   CPU_ReadMem(32 bytes @ 0xE0040FE0)
T81A0 000:102.106   CPU_ReadMem(4 bytes @ 0xE0040FBC)
T81A0 000:102.338   CPU_ReadMem(4 bytes @ 0xE0040FCC)
T81A0 000:102.556   [0][4]: E0040000 CID B105900D PID 000BBD21 DEVARCH 00000000 DEVTYPE 11 TPIU
T81A0 000:102.569   CPU_ReadMem(32 bytes @ 0xE00FFFE0)
T81A0 000:102.937   [0][5]: E00FF000 CID B105100D PID 000BB4C9 ROM Table
T81A0 000:102.950   ROMTbl[1] @ E00FF000
T81A0 000:102.959   CPU_ReadMem(64 bytes @ 0xE00FF000)
T81A0 000:103.466   CPU_ReadMem(32 bytes @ 0xE000EFE0)
T81A0 000:103.833   CPU_ReadMem(4 bytes @ 0xE000EFBC)
T81A0 000:104.087   CPU_ReadMem(4 bytes @ 0xE000EFCC)
T81A0 000:104.311   [1][0]: E000E000 CID B105900D PID 000BBD21 DEVARCH 47702A04 DEVTYPE 00 Cortex-M33
T81A0 000:104.328   CPU_ReadMem(32 bytes @ 0xE0001FE0)
T81A0 000:104.699   CPU_ReadMem(4 bytes @ 0xE0001FBC)
T81A0 000:104.910   CPU_ReadMem(4 bytes @ 0xE0001FCC)
T81A0 000:105.153   [1][1]: E0001000 CID B105900D PID 000BBD21 DEVARCH 47701A02 DEVTYPE 00 DWT
T81A0 000:105.164   CPU_ReadMem(32 bytes @ 0xE0002FE0)
T81A0 000:105.520   CPU_ReadMem(4 bytes @ 0xE0002FBC)
T81A0 000:105.791   CPU_ReadMem(4 bytes @ 0xE0002FCC)
T81A0 000:106.090   [1][2]: E0002000 CID B105900D PID 000BBD21 DEVARCH 47701A03 DEVTYPE 00 FPB
T81A0 000:106.141   CPU_ReadMem(32 bytes @ 0xE0000FE0)
T81A0 000:106.512   CPU_ReadMem(4 bytes @ 0xE0000FBC)
T81A0 000:106.730   CPU_ReadMem(4 bytes @ 0xE0000FCC)
T81A0 000:106.947   [1][3]: E0000000 CID B105900D PID 000BBD21 DEVARCH 47701A01 DEVTYPE 43 ITM
T81A0 000:106.956   CPU_ReadMem(32 bytes @ 0xE0041FE0)
T81A0 000:107.321   CPU_ReadMem(4 bytes @ 0xE0041FBC)
T81A0 000:107.534   CPU_ReadMem(4 bytes @ 0xE0041FCC)
T81A0 000:107.762   [1][5]: E0041000 CID B105900D PID 002BBD21 DEVARCH 47724A13 DEVTYPE 13 ETM
T81A0 000:107.776   CPU_ReadMem(32 bytes @ 0xE0042FE0)
T81A0 000:108.135   CPU_ReadMem(4 bytes @ 0xE0042FBC)
T81A0 000:108.372   CPU_ReadMem(4 bytes @ 0xE0042FCC)
T81A0 000:108.604   [1][6]: E0042000 CID B105900D PID 000BBD21 DEVARCH 47701A14 DEVTYPE 14 CSS600-CTI
T81A0 000:108.643   CPU_ReadMem(4 bytes @ 0xE000EDF0)
T81A0 000:108.874   Data:  01 00 10 01
T81A0 000:108.888   Debug reg: DHCSR
T81A0 000:108.897 - 31.820ms returns 0
T81A0 000:108.930 JLINK_ReadMem(0x400E002C, 0x4 Bytes, ...)
T81A0 000:108.940   CPU_ReadMem(4 bytes @ 0x400E002C)
T81A0 000:109.145   Data:  01 00 00 00
T81A0 000:109.162 - 0.231ms returns 0
T81A0 000:109.189 JLINK_ReadMem(0xE000EDF0, 0x4 Bytes, ...)
T81A0 000:109.198   CPU_ReadMem(4 bytes @ 0xE000EDF0)
T81A0 000:109.413   Data:  01 00 10 01
T81A0 000:109.426   Debug reg: DHCSR
T81A0 000:109.435 - 0.245ms returns 0
T81A0 000:109.462 JLINK_ReadMem(0xE000EDF0, 0x4 Bytes, ...)
T81A0 000:109.470   CPU_ReadMem(4 bytes @ 0xE000EDF0)
T81A0 000:109.727   Data:  01 00 10 01
T81A0 000:109.739   Debug reg: DHCSR
T81A0 000:109.748 - 0.285ms returns 0
T81A0 000:109.756 JLINK_ReadMem(0x400E001C, 0x4 Bytes, ...)
T81A0 000:109.763   CPU_ReadMem(4 bytes @ 0x400E001C)
T81A0 000:109.978   Data:  00 FC FF 00
T81A0 000:109.987 - 0.230ms returns 0
T81A0 000:109.996 JLINK_ReadMem(0xE000EDF0, 0x4 Bytes, ...)
T81A0 000:110.002   CPU_ReadMem(4 bytes @ 0xE000EDF0)
T81A0 000:110.267   Data:  01 00 10 01
T81A0 000:110.284   Debug reg: DHCSR
T81A0 000:110.292 - 0.296ms returns 0
T81A0 000:110.302 JLINK_ReadMem(0x400E0018, 0x4 Bytes, ...)
T81A0 000:110.310   CPU_ReadMem(4 bytes @ 0x400E0018)
T81A0 000:110.539   Data:  00 80 FF 00
T81A0 000:110.547 - 0.245ms returns 0
T81A0 000:110.558 JLINK_ReadMem(0xE000EDF0, 0x4 Bytes, ...)
T81A0 000:110.564   CPU_ReadMem(4 bytes @ 0xE000EDF0)
T81A0 000:110.767   Data:  01 00 10 01
T81A0 000:110.780   Debug reg: DHCSR
T81A0 000:110.788 - 0.230ms returns 0
T81A0 000:110.796 JLINK_ReadMem(0x400E0020, 0x4 Bytes, ...)
T81A0 000:110.804   CPU_ReadMem(4 bytes @ 0x400E0020)
T81A0 000:111.087   Data:  00 FC 00 00
T81A0 000:111.095 - 0.298ms returns 0
T81A0 000:111.105 JLINK_ReadMem(0xE000EDF0, 0x4 Bytes, ...)
T81A0 000:111.111   CPU_ReadMem(4 bytes @ 0xE000EDF0)
T81A0 000:111.335   Data:  01 00 10 01
T81A0 000:111.349   Debug reg: DHCSR
T81A0 000:111.357 - 0.252ms returns 0
T81A0 000:111.367 JLINK_ReadMem(0x400E0028, 0x4 Bytes, ...)
T81A0 000:111.375   CPU_ReadMem(4 bytes @ 0x400E0028)
T81A0 000:111.642   Data:  00 FC 1F 00
T81A0 000:111.653 - 0.286ms returns 0
T81A0 000:111.664 JLINK_ReadMem(0xE000EDF0, 0x4 Bytes, ...)
T81A0 000:111.671   CPU_ReadMem(4 bytes @ 0xE000EDF0)
T81A0 000:111.931   Data:  01 00 10 01
T81A0 000:111.944   Debug reg: DHCSR
T81A0 000:111.952 - 0.288ms returns 0
T81A0 000:111.960 JLINK_ReadMem(0x400E0024, 0x4 Bytes, ...)
T81A0 000:111.968   CPU_ReadMem(4 bytes @ 0x400E0024)
T81A0 000:112.267   Data:  00 E0 1F 00
T81A0 000:112.285 - 0.324ms returns 0
T81A0 000:112.308 JLINK_ReadMem(0xE000EDF0, 0x4 Bytes, ...)
T81A0 000:112.320   CPU_ReadMem(4 bytes @ 0xE000EDF0)
T81A0 000:112.628   Data:  01 00 10 01
T81A0 000:112.641   Debug reg: DHCSR
T81A0 000:112.649 - 0.341ms returns 0
T81A0 000:112.659 JLINK_ReadMem(0x400E002C, 0x4 Bytes, ...)
T81A0 000:112.668   CPU_ReadMem(4 bytes @ 0x400E002C)
T81A0 000:112.902   Data:  01 00 00 00
T81A0 000:112.934 - 0.274ms returns 0
T81A0 000:121.331 JLINK_Close()
T81A0 000:134.925 - 13.593ms
T81A0 000:134.951   
T81A0 000:134.957   Closed
